================================================================================
TESTING: "do you have any aline dresses?"
================================================================================

✅ Using merchant: Default Merchant (default-merchant-db0515e3-9e87-42d5-8a55-bc7559ffab0b)

[2026-01-22T12:34:37.065Z] [Velou:INFO] {
  message: 'handleLoveshackfancyQuery: starting',
  query: 'do you have any aline dresses?',
  sessionId: 'test-aline-1769085277059',
  isFollowUp: false,
  merchantId: 'default-merchant-db0515e3-9e87-42d5-8a55-bc7559ffab0b'
}
[2026-01-22T12:34:37.070Z] [Velou:DEBUG] {
  message: 'do you have any aline dresses?',
  sessionId: 'test-aline-1769085277059',
  merchantId: 'default-merchant-db0515e3-9e87-42d5-8a55-bc7559ffab0b',
  productContextId: undefined
}
[ORCHESTRATOR] START - input.conversationState: {
  hasConversationState: true,
  hasMemory: true,
  hasPendingFollowups: false,
  memoryKeys: []
}
[ORCHESTRATOR] Checking for pendingFollowups: {
  hasInputConversationState: true,
  hasMemory: true,
  hasPendingFollowups: false,
  pendingFollowupsData: null,
  message: 'do you have any aline dresses?',
  fullMemory: '{}'
}
[2026-01-22T12:34:37.073Z] [Velou:DEBUG] {
  message: 'not_checking_followup',
  currentMessage: 'do you have any aline dresses?',
  hasQueryToMergeWith: false,
  hasPreviousConstraints: false,
  isShortMessage: true,
  matchesFollowUpPattern: true,
  messageLength: 6
}
[2026-01-22T12:34:37.083Z] [Velou:INFO] {
  message: 'gender_and_agegroup_extracted_early',
  query: 'do you have any aline dresses?',
  resolvedGender: 'female',
  resolvedAgeGroup: 'Adult',
  genderSource: 'none',
  ageGroupSource: 'default'
}
[2026-01-22T12:34:37.084Z] [Velou:DEBUG] {
  message: 'query_categorizer: starting',
  query: 'do you have any aline dresses?',
  merchantId: 'default-merchant-db0515e3-9e87-42d5-8a55-bc7559ffab0b'
}
[2026-01-22T12:34:38.922Z] [Velou:DEBUG] {
  message: 'query_categorizer: complete',
  query: 'do you have any aline dresses?',
  category: 'direct_search',
  confidence: 0.95,
  duration: 1838
}
[2026-01-22T12:34:38.923Z] [Velou:INFO] {
  message: 'query_categorization_result',
  query: 'do you have any aline dresses?',
  category: 'direct_search',
  confidence: 0.95,
  note: 'Query categorizer classification result'
}
[2026-01-22T12:34:38.924Z] [Velou:INFO] {
  message: 'sequential_classification_category_first_then_constraints',
  query: 'do you have any aline dresses?',
  categorizationCategory: 'direct_search',
  isFollowUp: false,
  hasCategorySignals: true
}
[2026-01-22T12:34:38.933Z] [Velou:DEBUG] {
  message: 'buildAllowedCategoriesForClassifier: gender_interpretable',
  genderContext: 'female',
  totalCategories: 121,
  allowedCategories: 101,
  sampleAllowed: [
    'Pajama Set',
    'Textiles',
    'Womens-pants',
    'Womens-jeans',
    'Loungewear',
    'Home Decor',
    'Sleepwear & Loungewear',
    'Phone Cases',
    'Kitchen & Dining',
    'gift card'
  ]
}
[2026-01-22T12:34:38.933Z] [Velou:INFO] {
  message: 'categories_filtered_before_classification',
  query: 'do you have any aline dresses?',
  resolvedGender: 'female',
  totalCategories: 101,
  sampleCategories: [
    'Pajama Set',
    'Textiles',
    'Womens-pants',
    'Womens-jeans',
    'Loungewear',
    'Home Decor',
    'Sleepwear & Loungewear',
    'Phone Cases',
    'Kitchen & Dining',
    'gift card'
  ]
}
[ORCHESTRATOR] Calling category classification (sequential - step 1) {
  query: 'do you have any aline dresses?',
  originalMessage: 'do you have any aline dresses?',
  isFollowUp: false,
  usingEnhancedQuery: false,
  merchantId: 'default-merchant-db0515e3-9e87-42d5-8a55-bc7559ffab0b',
  categorizationCategory: 'direct_search'
}
[2026-01-22T12:34:38.933Z] [Velou:INFO] {
  message: 'category_classification_calling_function_sequential',
  query: 'do you have any aline dresses?',
  originalMessage: 'do you have any aline dresses?',
  isFollowUp: false,
  usingEnhancedQuery: false,
  merchantId: 'default-merchant-db0515e3-9e87-42d5-8a55-bc7559ffab0b',
  categorizationCategory: 'direct_search'
}
[2026-01-22T12:34:38.934Z] [Velou:INFO] {
  message: 'category_classifier: using_pre_filtered_categories',
  query: 'do you have any aline dresses?',
  preFilteredCategoryCount: 101,
  merchantId: 'default-merchant-db0515e3-9e87-42d5-8a55-bc7559ffab0b',
  note: 'Using pre-filtered categories from orchestrator (gender already extracted)'
}
[2026-01-22T12:34:38.934Z] [Velou:INFO] {
  message: 'category_classifier: starting classification with confidence',
  query: 'do you have any aline dresses?',
  merchantId: 'default-merchant-db0515e3-9e87-42d5-8a55-bc7559ffab0b',
  allowedCategoryCount: 101,
  usingPreFiltered: true
}
[2026-01-22T12:34:39.718Z] [Velou:INFO] {
  message: 'category_classifier: classification with confidence complete',
  query: 'do you have any aline dresses?',
  categories: [ "Women's Dresses" ],
  categoryCount: 1,
  confidence: 0.9,
  elapsedMs: 784,
  merchantId: 'default-merchant-db0515e3-9e87-42d5-8a55-bc7559ffab0b'
}
[ORCHESTRATOR] Category classification result (with confidence) {
  query: 'do you have any aline dresses?',
  originalMessage: 'do you have any aline dresses?',
  isFollowUp: false,
  categories: [ "Women's Dresses" ],
  count: 1,
  confidence: 0.9,
  categorizationCategory: 'direct_search'
}
[2026-01-22T12:34:39.719Z] [Velou:INFO] {
  message: 'category_classification_complete_with_confidence_sequential',
  query: 'do you have any aline dresses?',
  originalMessage: 'do you have any aline dresses?',
  isFollowUp: false,
  usingEnhancedQuery: false,
  categorizationCategory: 'direct_search',
  categories: [ "Women's Dresses" ],
  categoryCount: 1,
  confidence: 0.9
}
[2026-01-22T12:34:39.719Z] [Velou:INFO] {
  message: 'category_filter_will_be_applied',
  query: 'do you have any aline dresses?',
  categories: [ "Women's Dresses" ],
  filterType: 'hard_sql_level',
  appliesTo: 'multi_view_retrieval'
}
[2026-01-22T12:34:39.719Z] [Velou:INFO] {
  message: 'constraint_classification_calling_sequential_after_categories',
  query: 'do you have any aline dresses?',
  classifiedCategories: [ "Women's Dresses" ],
  categoryCount: 1,
  willUseCategorySpecificDictionaries: true
}
[2026-01-22T12:34:39.721Z] [Velou:INFO] {
  message: 'classifyQuery: starting',
  query: 'do you have any aline dresses?',
  hasLastConstraints: false,
  hasEnhancedQuery: true
}
[2026-01-22T12:34:39.722Z] [Velou:INFO] {
  message: 'classifyQuery: gender_context_computed',
  query: 'do you have any aline dresses?',
  genderContext: null,
  lastConstraintsGender: undefined,
  note: 'Gender context computed before building classifier prompt'
}
[2026-01-22T12:34:39.723Z] [Velou:DEBUG] {
  message: 'buildAllowedCategoriesForClassifier: gender_ambiguous_strict_majority',
  genderContext: null,
  totalCategories: 121,
  strictMajorityCategories: 69,
  sampleAllowed: [
    'Pajama Set',
    'Womens-pants',
    'Womens-jeans',
    'Loungewear',
    'Sleepwear & Loungewear',
    'long sleeve',
    'mom jeans',
    'joggers',
    'underwear',
    'Mens-tees'
  ],
  note: 'Using only strict gender majority categories (≥95% male or female) for ambiguous queries'
}
[2026-01-22T12:34:39.723Z] [Velou:INFO] {
  message: 'classifyQuery: allowed_categories_computed',
  query: 'do you have any aline dresses?',
  genderContext: null,
  usedStrictMajorityMode: true,
  allowedCategoryCount: 69,
  sampleCategories: [
    'Pajama Set',
    'Womens-pants',
    'Womens-jeans',
    'Loungewear',
    'Sleepwear & Loungewear',
    'long sleeve',
    'mom jeans',
    'joggers',
    'underwear',
    'Mens-tees',
    'straight leg jeans',
    'top',
    'cropped jeans',
    'Maxi Dress',
    'Girls Dresses'
  ],
  note: 'Category list filtered based on gender context before building classifier prompt'
}
[2026-01-22T12:34:41.803Z] [Velou:INFO] {
  message: 'classifyQuery: llm_raw_response',
  query: 'do you have any aline dresses?',
  rawTextLength: 306,
  parsedType: 'direct_product_search',
  parsedConstraints: {
    styles: { values: [Array], intent: 'required' },
    colors: { values: [Array], intent: 'required' },
    ageGroups: { values: [Array], intent: 'required' }
  },
  parsedColors: {
    values: [
      'White', 'Beige',
      'Blush', 'Pink',
      'Peach', 'Lemon',
      'Mint',  'Sky Blue'
    ],
    intent: 'required'
  },
  parsedLengths: undefined,
  parsedSleeveLengths: undefined,
  parsedAgeGroups: { values: [ 'Adult' ], intent: 'required' },
  note: 'Raw LLM response for constraint extraction debugging'
}
[2026-01-22T12:34:41.804Z] [Velou:INFO] {
  message: 'classifyQuery: constraint_extraction_results',
  query: 'do you have any aline dresses?',
  extractedColors: {
    values: [
      'White', 'Beige',
      'Blush', 'Pink',
      'Peach', 'Lemon',
      'Mint',  'Sky Blue'
    ],
    intent: 'required'
  },
  extractedLengths: null,
  extractedSleeveLengths: null,
  extractedAgeGroups: { values: [ 'Adult' ], intent: 'required' },
  colorsFormat: 'object',
  lengthsFormat: 'null',
  sleeveLengthsFormat: 'null',
  ageGroupsFormat: 'object',
  note: 'Extracted constraints after normalization - verify all explicit constraints were extracted'
}
[2026-01-22T12:34:41.807Z] [Velou:INFO] {
  message: 'classifier_constraints_extracted',
  query: 'do you have any aline dresses?',
  type: 'direct_product_search',
  productTerms: 'aline dress',
  confidence: 0.95,
  constraintsCount: 3,
  colors: {
    values: [
      'White', 'Beige',
      'Blush', 'Pink',
      'Peach', 'Lemon',
      'Mint',  'Sky Blue'
    ],
    intent: 'required'
  },
  lengths: undefined,
  sleeveLengths: undefined,
  ageGroups: { values: [ 'Adult' ], intent: 'required' },
  missingConstraints: undefined,
  allConstraints: {
    colors: { values: [Array], intent: 'required' },
    styles: { values: [Array], intent: 'required' },
    ageGroups: { values: [Array], intent: 'required' }
  },
  hasLastConstraints: false,
  lastConstraintsKeys: []
}
[2026-01-22T12:34:41.807Z] [Velou:DEBUG] {
  message: 'fashion_query_classified',
  query: 'do you have any aline dresses?',
  type: 'direct_product_search',
  productTerms: 'aline dress',
  constraintsCount: 3
}
[2026-01-22T12:34:41.807Z] [Velou:INFO] {
  message: 'classifyQuery: complete',
  query: 'do you have any aline dresses?',
  type: 'direct_product_search',
  totalDurationMs: 2086,
  totalDurationSeconds: '2.09',
  llmDurationMs: 2075,
  llmDurationSeconds: '2.08',
  constraintsCount: 3,
  genderContext: null,
  usedStrictMajorityMode: true
}
[2026-01-22T12:34:41.807Z] [Velou:INFO] {
  message: 'classification_metadata_extracted',
  query: 'do you have any aline dresses?',
  usedStrictMajorityMode: true,
  genderContext: null,
  classificationConfidence: 0.95,
  classifiedGender: undefined
}
[2026-01-22T12:34:41.808Z] [Velou:INFO] {
  message: 'category_categories_set_from_sequential_classification',
  query: 'do you have any aline dresses?',
  categories: [ "Women's Dresses" ],
  confidence: 0.9
}
[2026-01-22T12:34:41.814Z] [Velou:INFO] {
  message: 'categories_filtered_by_gender_after_classification',
  query: 'do you have any aline dresses?',
  resolvedGender: 'female',
  originalCategories: [ "Women's Dresses" ],
  filteredCategories: [ "Women's Dresses" ],
  removedCount: 0
}
[2026-01-22T12:34:41.814Z] [Velou:INFO] {
  message: 'gender_added_to_classification_constraints',
  gender: 'female',
  isFollowUp: false,
  note: 'Gender extracted early and added to classification constraints'
}
[2026-01-22T12:34:41.814Z] [Velou:DEBUG] {
  message: 'clarification_triggers_evaluation',
  query: 'do you have any aline dresses?',
  topCategoriesCount: 1,
  classificationType: 'direct_product_search',
  hasProductTerms: true,
  productTerms: 'aline dress',
  classificationConfidence: 0.95,
  needsClarification: false
}
[2026-01-22T12:34:41.815Z] [Velou:INFO] {
  message: 'category_filter_applied_to_retrieval',
  query: 'do you have any aline dresses?',
  categories: [ "Women's Dresses" ],
  filterType: 'hard_sql_level',
  note: 'Catalog will be filtered to these categories before multi-view retrieval'
}
[2026-01-22T12:34:41.815Z] [Velou:INFO] {
  message: 'handleLoveshackfancyQuery: starting_retrieval',
  query: 'do you have any aline dresses?',
  productTerms: 'aline dress',
  classificationType: 'direct_product_search',
  categoryCount: 1
}
[2026-01-22T12:34:41.818Z] [Velou:DEBUG] {
  message: 'category_expansion_parent_with_subcategories',
  originalCategory: "Women's Dresses",
  subcategoryCount: 5,
  reason: 'parent_category_naturally_covers_subcategories_via_sql'
}
[2026-01-22T12:34:41.818Z] [Velou:DEBUG] {
  message: 'category_expansion_complete',
  inputCategories: [ "Women's Dresses" ],
  expandedCategories: [ "Women's Dresses" ],
  expansionCount: 0
}
[2026-01-22T12:34:41.818Z] [Velou:INFO] {
  message: 'required_intent_filters_extracted_for_hard_sql_filtering',
  query: 'do you have any aline dresses?',
  requiredIntentFilters: { styles: [ 'A-Line' ] },
  note: 'Constraints with "required" intent will be applied as hard SQL filters BEFORE retrieval'
}
[2026-01-22T12:34:41.819Z] [Velou:DEBUG] {
  message: 'classificationToSearchConstraints_inclusivitySizing_extraction',
  rawInclusivitySizing: undefined,
  inclusivitySizingValues: undefined,
  inclusivitySizingIntent: null,
  inclusivitySizingValuesLength: 0,
  willUseDefault: true,
  defaultValue: 'Standard Sizing',
  note: 'Check inclusivitySizing extraction - defaults to Standard Sizing if not extracted'
}
[2026-01-22T12:34:41.819Z] [Velou:INFO] {
  message: 'classificationToSearchConstraints_inclusivitySizing_final',
  extractedValues: undefined,
  finalValue: [ 'Standard Sizing' ],
  isDefault: true,
  intent: null,
  note: 'inclusivitySizing filter - always hard SQL filter, defaults to Standard Sizing if not extracted'
}
[2026-01-22T12:34:41.819Z] [Velou:INFO] {
  message: 'classificationToSearchConstraints_setVsSingle_final',
  extractedValue: null,
  finalValue: [ 'Single' ],
  isDefault: true,
  intent: null,
  note: 'setVsSingle filter - always hard SQL filter, defaults to "Single" to exclude pack products unless "Set" is explicitly requested'
}
[2026-01-22T12:34:41.819Z] [Velou:DEBUG] {
  message: 'classificationToSearchConstraints_result',
  query: 'do you have any aline dresses?',
  inclusivitySizing: [ 'Standard Sizing' ],
  inclusivitySizingLength: 1,
  note: 'After classificationToSearchConstraints - check if inclusivitySizing is preserved'
}
[2026-01-22T12:34:41.819Z] [Velou:INFO] {
  message: 'gender_hard_filter_applied_to_retrieval',
  query: 'do you have any aline dresses?',
  resolvedGender: 'female',
  note: 'Gender applied as HARD SQL filter - will never be relaxed'
}
[2026-01-22T12:34:41.819Z] [Velou:INFO] {
  message: 'agegroup_hard_filter_applied_to_retrieval',
  query: 'do you have any aline dresses?',
  resolvedAgeGroup: 'Adult',
  note: 'AgeGroup applied as HARD SQL filter - will never be relaxed'
}
[2026-01-22T12:34:41.819Z] [Velou:DEBUG] {
  message: 'color_expansion_skipped',
  query: 'do you have any aline dresses?',
  colors: [
    'White', 'Beige',
    'Blush', 'Pink',
    'Peach', 'Lemon',
    'Mint',  'Sky Blue'
  ],
  colorCount: 8,
  hasNonOntologyColor: false,
  reason: 'Multiple explicit colors specified, using as-is'
}
[2026-01-22T12:34:41.819Z] [Velou:INFO] {
  message: 'category_filter_passed_to_search_constraints',
  query: 'do you have any aline dresses?',
  categories: [ "Women's Dresses" ],
  willFilterLexical: false,
  willFilterSemantic: true
}
[2026-01-22T12:34:41.819Z] [Velou:DEBUG] {
  message: 'fashion_semantic_search: query for embedding',
  original: 'do you have any aline dresses?',
  productTerms: 'aline dress',
  usingForEmbedding: 'aline dress style: A-Line',
  constraintsAdded: 'yes'
}
[2026-01-22T12:34:43.253Z] [Velou:DEBUG] {
  message: 'constraint_context: age_groups_preserved_in_sql_filters',
  categories: [ "Women's Dresses" ],
  ageGroups: [ 'Adult' ],
  originalFormat: 'array',
  note: 'Age groups preserved as hard SQL filters'
}
[2026-01-22T12:34:43.254Z] [Velou:DEBUG] {
  message: 'constraint_context: applied_category_metadata',
  categories: [ "Women's Dresses" ],
  originalConstraints: {
    colors: 8,
    materials: 0,
    fabrics: 0,
    sizes: 0,
    occasions: 0,
    seasons: 0,
    lengths: 0,
    sleeves: 0,
    necklines: 0,
    formalityLevel: 0,
    colorShade: 0
  },
  sqlFilters: {
    colors: 8,
    materials: 0,
    fabrics: 0,
    sizes: 0,
    occasions: 0,
    seasons: 0,
    lengths: 0,
    sleeves: 0,
    necklines: 0,
    formalityLevel: 0,
    colorShade: 0
  },
  excludedFilters: {
    colors: 0,
    materials: 0,
    fabrics: 0,
    sizes: 0,
    occasions: 0,
    seasons: 0,
    styleTags: 0,
    pattern: 0,
    fit: 0,
    lengths: 0,
    sleeves: 0,
    necklines: 0,
    formalityLevel: 0,
    colorShade: 0
  },
  keywordTerms: 0,
  categoryKeywordsExtracted: 0,
  categoryKeywordsSample: [],
  applicableConstraints: [
    'colors',    'sizes',
    'fabrics',   'materials',
    'occasions', 'seasons',
    'fit',       'price'
  ],
  textOnlyConstraints: []
}
[2026-01-22T12:34:43.254Z] [Velou:INFO] {
  message: 'fashion_semantic_search: intent_extraction_for_post_sql_filtering',
  query: 'do you have any aline dresses?',
  constraintIntents: {
    colors: 'required',
    lengths: null,
    sleeveLengths: null,
    necklines: null,
    formalityLevel: null,
    colorShade: null
  },
  contextAwareIntents: {
    colors: 'required',
    lengths: null,
    sleeves: null,
    necklines: null,
    formalityLevels: null,
    colorShades: null
  },
  note: 'Intent information extracted and mapped for post-SQL filtering'
}
[2026-01-22T12:34:43.254Z] [Velou:INFO] {
  message: 'fashion_semantic_search: context_aware_constraints_applied',
  query: 'do you have any aline dresses?',
  categories: [ "Women's Dresses" ],
  originalColors: [
    'White', 'Beige',
    'Blush', 'Pink',
    'Peach', 'Lemon',
    'Mint',  'Sky Blue'
  ],
  originalAgeGroups: [ 'Adult' ],
  sqlFiltersColors: [
    'White', 'Beige',
    'Blush', 'Pink',
    'Peach', 'Lemon',
    'Mint',  'Sky Blue'
  ],
  sqlFiltersAgeGroups: [ 'Adult' ],
  keywordTerms: [],
  keywordTermsSample: [],
  textOnlyConstraints: [],
  allowKeywordMatching: false
}
[2026-01-22T12:34:43.254Z] [Velou:DEBUG] {
  message: 'fashion_semantic_search: post_sql_filtering_flag',
  query: 'do you have any aline dresses?',
  usePostSQLFiltering: true,
  flagValue: 'true'
}
[2026-01-22T12:34:43.255Z] [Velou:INFO] {
  message: 'fashion_semantic_search: tier1_strict_filtering',
  query: 'do you have any aline dresses?',
  originalCategories: [ "Women's Dresses" ],
  expandedCategories: [ "Women's Dresses" ],
  usePostSQLFiltering: true,
  sqlFilters: {
    colors: 8,
    materials: 0,
    fabrics: 0,
    lengths: 0,
    sleeves: 0,
    necklines: 0,
    formalityLevel: 0,
    colorShade: 0
  },
  keywordTerms: 0
}
[2026-01-22T12:34:43.255Z] [Velou:INFO] {
  message: 'fashion_semantic_search: tier1_before_post_sql_check',
  query: 'do you have any aline dresses?',
  USE_POST_SQL_FILTERING: true,
  envValue: 'true',
  expandedCategories: [ "Women's Dresses" ],
  ageGroups: [ 'Adult' ],
  note: 'Checking which mode to use (post-SQL filtering vs existing mode)'
}
[2026-01-22T12:34:43.255Z] [Velou:INFO] {
  message: 'fashion_semantic_search: post_sql_filtering_mode_enabled',
  query: 'do you have any aline dresses?',
  expandedCategories: [ "Women's Dresses" ],
  ageGroups: [ 'Adult' ],
  note: 'Post-SQL filtering mode enabled - Stage 1: Category-only SQL filter starting'
}
[2026-01-22T12:34:43.255Z] [Velou:INFO] {
  message: 'fashion_semantic_search: deduplicateProductsByCategoryForPostFiltering_input',
  query: 'do you have any aline dresses?',
  inclusivitySizing: [ 'Standard Sizing' ],
  inclusivitySizingLength: 1,
  note: 'Checking inclusivitySizing filter before SQL query'
}
[2026-01-22T12:34:43.256Z] [Velou:INFO] {
  message: 'deduplicateProductsByCategoryForPostFiltering: executing query',
  filters: {
    genders: [ 'female' ],
    categories: [ "Women's Dresses" ],
    ageGroups: [ 'Adult' ],
    inclusivitySizing: [ 'Standard Sizing' ],
    setVsSingle: [ 'Single' ],
    priceMinCents: undefined,
    priceMaxCents: undefined,
    merchantId: 'default-merchant-db0515e3-9e87-42d5-8a55-bc7559ffab0b',
    inStockOnly: true
  },
  limit: 1500,
  categoryCount: 1,
  categories: [ "Women's Dresses" ],
  hasPriceFilter: false,
  priceMinCents: undefined,
  priceMaxCents: undefined,
  hasAgeGroupFilter: true,
  ageGroups: [ 'Adult' ],
  ageGroupCount: 1,
  paramCount: 6,
  whereClausePreview: `p."isActive" = true AND p."merchantId" = $1 AND p."stockStatus" = 'in_stock' AND ((p."gender" = 'female' OR p."gender" = 'unisex')) AND ((\n` +
    '            LOWER(p."category") = LOWER($2) \n' +
    '            OR LOWER(p."category") LIKE LOWER($3)\n' +
    `            OR LOWER(COALESCE(p."subcategory", '')) = LOWER($2) \n` +
    `            OR LOWER(COALESCE(p."subcategory", '')) LIKE LOWER($3)\n` +
    '          )) AND ((((\n' +
    `          LOWER(COALESCE(p."ageGroup", '')) = LOWER($4) \n` +
    `          OR LOWER(COALESCE(p."ageGroup", '')) LIKE LOWER($5)\n` +
    '          OR\n' +
    "          LOWER(COALESCE(p.attributes->>'ageGroup', '')) = LOWER($4) \n" +
    "          OR LOWER(COALESCE(p.attributes->>'ageGroup', '')) LIKE LOWER($5)\n" +
    "          OR LOWER(COALESCE(p.attributes->>'age_group', '')) = LOWER($4)\n" +
    "          OR LOWER(COALESCE(p.attributes->>'age_group', '')) LIKE LOWER($5)\n" +
    "          OR (p.attributes->'extensible' IS NOT NULL AND (\n" +
    "            LOWER(COALESCE(p.attributes->'extensible'->>'ageGroup', '')) = LOWER($4) \n" +
    "            OR LOWER(COALESCE(p.attributes->'extensible'->>'ageGroup', '')) LIKE LOWER($5)\n" +
    '          ))\n' +
    `        ) OR (LOWER(p."category") LIKE '%women%' OR LOWER(p."category") LIKE '%men%' OR LOWER(p."category") LIKE '%adult%' OR LOWER(p."category") LIKE '%ladies%' OR LOWER(p."category") LIKE '%gentlemen%' OR LOWER(COALESCE(p."subcategory", '')) LIKE '%women%' OR LOWER(COALESCE(p."subcategory", '')) LIKE '%men%' OR LOWER(COALESCE(p."subcategory", '')) LIKE '%adult%' OR LOWER(COALESCE(p."subcategory", '')) LIKE '%ladies%' OR LOWER(COALESCE(p."subcategory", '')) LIKE '%gentlemen%'))) AND NOT ((LOWER(COALESCE(p.attributes->>'ageGroup', '')) IN ('kids', 'children', 'child', 'kid', 'toddler', 'toddlers', 'baby', 'babies', 'infant', 'infants') OR LOWER(p."category") LIKE '%kids%' OR LOWER(p."category") LIKE '%children%' OR LOWER(p."category") LIKE '%child%' OR LOWER(p."category") LIKE '%toddler%' OR LOWER(p."category") LIKE '%baby%' OR LOWER(p."category") LIKE '%infant%' OR LOWER(COALESCE(p."subcategory", '')) LIKE '%kids%' OR LOWER(COALESCE(p."subcategory", '')) LIKE '%children%' OR LOWER(COALESCE(p."subcategory", '')) LIKE '%child%' OR LOWER(COALESCE(p."subcategory", '')) LIKE '%toddler%' OR LOWER(COALESCE(p."subcategory", '')) LIKE '%baby%' OR LOWER(COALESCE(p."subcategory", '')) LIKE '%infant%'))) AND p."inclusivitySizing" = ANY(ARRAY['Standard Sizing']::text[]) AND p.attributes->>'set_vs_single' = ANY(ARRAY['Single']::text[])`,
  note: 'Post-filterable attributes (colors, lengths, sleeves, necklines, formalityLevels, colorShades) intentionally omitted from SQL filters'
}
[2026-01-22T12:34:45.755Z] [Velou:INFO] {
  message: 'deduplicateProductsByCategoryForPostFiltering: results found',
  count: 331,
  requestedLimit: 1500,
  categoryCount: 1
}
[2026-01-22T12:34:45.756Z] [Velou:INFO] {
  message: 'fashion_semantic_search: post_sql_filtering_stage1_complete',
  query: 'do you have any aline dresses?',
  categoryFilteredCount: 331,
  note: 'Stage 1: Category-only SQL filter completed'
}
[2026-01-22T12:34:45.756Z] [Velou:INFO] {
  message: 'fashion_semantic_search: calling_post_sql_filtering_with_intents',
  query: 'do you have any aline dresses?',
  contextAwareIntents: {
    colors: 'required',
    lengths: null,
    sleeves: null,
    necklines: null,
    formalityLevels: null,
    colorShades: null
  },
  hasColorsIntent: true,
  hasLengthsIntent: false,
  hasSleevesIntent: false,
  hasNecklinesIntent: false,
  hasFormalityIntent: false,
  note: 'About to build dictionaries and filter products in single pass'
}
[2026-01-22T12:34:45.768Z] [Velou:INFO] {
  message: 'loadPreBuiltDictionaries: loaded from cache',
  dictionaryCount: 529,
  buildDate: '2026-01-19T14:38:43.768Z',
  totalCategories: 529,
  totalProducts: 5490
}
[2026-01-22T12:34:45.769Z] [Velou:INFO] {
  message: 'buildCategorySpecificDictionaries: loaded from cache',
  categoriesCount: 1,
  categories: [ "Women's Dresses" ],
  dictionariesLoaded: 17,
  merchantId: 'default-merchant-db0515e3-9e87-42d5-8a55-bc7559ffab0b',
  sampleKeys: [
    "Women's Dresses|",
    "Women's Dresses|Midi Dresses",
    "Women's Dresses|Midaxi Dresses",
    "Women's Dresses|Curve Dresses",
    "Women's Dresses|Mini Dresses"
  ]
}
[2026-01-22T12:34:48.636Z] [Velou:INFO] {
  message: 'applyPostSQLFilters: processing products',
  productIdsCount: 331,
  productsLoaded: 331,
  filtersProvided: {
    colors: 8,
    colorValues: [
      'White', 'Beige',
      'Blush', 'Pink',
      'Peach', 'Lemon',
      'Mint',  'Sky Blue'
    ],
    lengths: 0,
    lengthValues: undefined,
    sleeves: 0,
    sleeveValues: undefined,
    necklines: 0,
    necklineValues: undefined,
    formalityLevels: 0,
    formalityLevelValues: undefined,
    colorShades: 0,
    colorShadeValues: undefined
  },
  dictionaryCount: 17,
  dictionaryKeys: [
    "Women's Dresses|",
    "Women's Dresses|Midi Dresses",
    "Women's Dresses|Midaxi Dresses",
    "Women's Dresses|Curve Dresses",
    "Women's Dresses|Mini Dresses",
    "Women's Dresses|Maxi Dresses",
    "Women's Dresses|Bodycon Dresses",
    "Women's Dresses|Floral Dresses",
    "Women's Dresses|Day Dresses",
    "Women's Dresses|Dip Hem Dresses",
    "Women's Dresses|Jumper Dresses",
    "Women's Dresses|Embellished Dresses",
    "Women's Dresses|Skater Dresses",
    "Women's Dresses|Cami Dresses",
    "Women's Dresses|Bodycon Mini Dresses",
    "Women's Dresses|Evening Dresses",
    "Women's Dresses|Short Dresses"
  ]
}
[2026-01-22T12:34:48.637Z] [Velou:DEBUG] {
  message: 'applyPostSQLFilters: product_matched_all_filters',
  productId: '200544355',
  productTitle: 'Stone Ruched Midi Dress',
  categoryKey: "Women's Dresses|Midi Dresses",
  filterResults: {
    colors: {
      matched: true,
      productValue: 'Light Beige',
      queryValues: [Array],
      intent: 'required'
    }
  }
}
[2026-01-22T12:34:48.637Z] [Velou:DEBUG] {
  message: 'applyPostSQLFilters: product_matched_all_filters',
  productId: '7950165573817',
  productTitle: 'Docila Upcycled Floral Cotton Mini Dress for Women in Cream Pink',
  categoryKey: "Women's Dresses|",
  filterResults: {
    colors: {
      matched: true,
      productValue: 'Cream, Pink, Floral',
      queryValues: [Array],
      intent: 'required'
    }
  }
}
[2026-01-22T12:34:48.637Z] [Velou:DEBUG] {
  message: 'applyPostSQLFilters: product_failed_filters',
  productId: '201014000',
  productTitle: 'Black One Shoulder Bow Midi Dress',
  categoryKey: "Women's Dresses|Midi Dresses",
  failedFilters: [
    {
      filter: 'colors',
      queryValues: [Array],
      productValue: 'Dark Black'
    }
  ],
  allFilterResults: {
    colors: {
      matched: false,
      productValue: 'Dark Black',
      queryValues: [Array],
      intent: 'required'
    }
  }
}
[2026-01-22T12:34:48.637Z] [Velou:DEBUG] {
  message: 'applyPostSQLFilters: product_failed_filters',
  productId: '100041500',
  productTitle: 'Black Floral Frill Wrap Midi Dress',
  categoryKey: "Women's Dresses|Midi Dresses",
  failedFilters: [
    {
      filter: 'colors',
      queryValues: [Array],
      productValue: 'Black, Brown, Dark Brown'
    }
  ],
  allFilterResults: {
    colors: {
      matched: false,
      productValue: 'Black, Brown, Dark Brown',
      queryValues: [Array],
      intent: 'required'
    }
  }
}
[2026-01-22T12:34:48.637Z] [Velou:DEBUG] {
  message: 'applyPostSQLFilters: product_matched_all_filters',
  productId: '100042570',
  productTitle: 'Petite Pink Chiffon Floral Ruffle Wrap Midi Dress',
  categoryKey: "Women's Dresses|Midi Dresses",
  filterResults: {
    colors: {
      matched: true,
      productValue: 'Light Pink, Light Blue, Light Green',
      queryValues: [Array],
      intent: 'required'
    }
  }
}
[2026-01-22T12:34:48.637Z] [Velou:DEBUG] {
  message: 'applyPostSQLFilters: product_failed_filters',
  productId: '204263055',
  productTitle: 'Royal Blue Velvet Bardot Midi Dress',
  categoryKey: "Women's Dresses|Midi Dresses",
  failedFilters: [
    {
      filter: 'colors',
      queryValues: [Array],
      productValue: 'Medium Blue'
    }
  ],
  allFilterResults: {
    colors: {
      matched: false,
      productValue: 'Medium Blue',
      queryValues: [Array],
      intent: 'required'
    }
  }
}
[2026-01-22T12:34:48.637Z] [Velou:DEBUG] {
  message: 'applyPostSQLFilters: product_failed_filters',
  productId: '202417054',
  productTitle: 'Navy Bow Skater Dress',
  categoryKey: "Women's Dresses|Mini Dresses",
  failedFilters: [
    {
      filter: 'colors',
      queryValues: [Array],
      productValue: 'Dark Navy'
    }
  ],
  allFilterResults: {
    colors: {
      matched: false,
      productValue: 'Dark Navy',
      queryValues: [Array],
      intent: 'required'
    }
  }
}
[2026-01-22T12:34:48.637Z] [Velou:DEBUG] {
  message: 'applyPostSQLFilters: product_matched_all_filters',
  productId: '8095325716665',
  productTitle: 'Chessie Cotton Floral Maxi Dress for Women in Coastline Blue',
  categoryKey: "Women's Dresses|",
  filterResults: {
    colors: {
      matched: true,
      productValue: 'White, Light Blue, Pink, Floral',
      queryValues: [Array],
      intent: 'required'
    }
  }
}
[2026-01-22T12:34:48.637Z] [Velou:DEBUG] {
  message: 'applyPostSQLFilters: product_failed_filters',
  productId: '100042855',
  productTitle: 'Champagne Shimmer Ruched Maxi Dress',
  categoryKey: "Women's Dresses|Maxi Dresses",
  failedFilters: [
    {
      filter: 'colors',
      queryValues: [Array],
      productValue: 'Light Cream'
    }
  ],
  allFilterResults: {
    colors: {
      matched: false,
      productValue: 'Light Cream',
      queryValues: [Array],
      intent: 'required'
    }
  }
}
[2026-01-22T12:34:48.637Z] [Velou:DEBUG] {
  message: 'applyPostSQLFilters: product_failed_filters',
  productId: '204231054',
  productTitle: 'Navy Glitter Bardot Midi Dress',
  categoryKey: "Women's Dresses|Midi Dresses",
  failedFilters: [
    {
      filter: 'colors',
      queryValues: [Array],
      productValue: 'Dark Navy'
    }
  ],
  allFilterResults: {
    colors: {
      matched: false,
      productValue: 'Dark Navy',
      queryValues: [Array],
      intent: 'required'
    }
  }
}
[2026-01-22T12:34:48.637Z] [Velou:DEBUG] {
  message: 'applyPostSQLFilters: product_matched_all_filters',
  productId: '202633460',
  productTitle: 'Pale Pink Belted Skater Dress',
  categoryKey: "Women's Dresses|Floral Dresses",
  filterResults: {
    colors: {
      matched: true,
      productValue: 'Light Pink',
      queryValues: [Array],
      intent: 'required'
    }
  }
}
[2026-01-22T12:34:48.637Z] [Velou:DEBUG] {
  message: 'applyPostSQLFilters: product_failed_filters',
  productId: '200658055',
  productTitle: 'Royal Blue Ruffle Wrap Midi Dress',
  categoryKey: "Women's Dresses|Midi Dresses",
  failedFilters: [
    {
      filter: 'colors',
      queryValues: [Array],
      productValue: 'Bright Blue'
    }
  ],
  allFilterResults: {
    colors: {
      matched: false,
      productValue: 'Bright Blue',
      queryValues: [Array],
      intent: 'required'
    }
  }
}
[2026-01-22T12:34:48.638Z] [Velou:DEBUG] {
  message: 'applyPostSQLFilters: product_failed_filters',
  productId: '204064552',
  productTitle: 'Burgundy Satin Frill Mini Dress',
  categoryKey: "Women's Dresses|Mini Dresses",
  failedFilters: [
    {
      filter: 'colors',
      queryValues: [Array],
      productValue: 'Dark Red'
    }
  ],
  allFilterResults: {
    colors: {
      matched: false,
      productValue: 'Dark Red',
      queryValues: [Array],
      intent: 'required'
    }
  }
}
[2026-01-22T12:34:48.638Z] [Velou:DEBUG] {
  message: 'applyPostSQLFilters: product_failed_filters',
  productId: '202552054',
  productTitle: 'Navy Cold Shoulder Midi Dress',
  categoryKey: "Women's Dresses|Midi Dresses",
  failedFilters: [
    {
      filter: 'colors',
      queryValues: [Array],
      productValue: 'Dark Navy'
    }
  ],
  allFilterResults: {
    colors: {
      matched: false,
      productValue: 'Dark Navy',
      queryValues: [Array],
      intent: 'required'
    }
  }
}
[2026-01-22T12:34:48.638Z] [Velou:DEBUG] {
  message: 'applyPostSQLFilters: product_failed_filters',
  productId: '8244342423737',
  productTitle: 'Levina Baroque Lace Mini Dress for Women in Black',
  categoryKey: "Women's Dresses|",
  failedFilters: [
    {
      filter: 'colors',
      queryValues: [Array],
      productValue: 'Black, Dark Black, Charcoal'
    }
  ],
  allFilterResults: {
    colors: {
      matched: false,
      productValue: 'Black, Dark Black, Charcoal',
      queryValues: [Array],
      intent: 'required'
    }
  }
}
[2026-01-22T12:34:48.638Z] [Velou:DEBUG] {
  message: 'applyPostSQLFilters: product_failed_filters',
  productId: '204413054',
  productTitle: 'Navy Mesh One Shoulder Midaxi Dress',
  categoryKey: "Women's Dresses|Midaxi Dresses",
  failedFilters: [
    {
      filter: 'colors',
      queryValues: [Array],
      productValue: 'Dark Navy'
    }
  ],
  allFilterResults: {
    colors: {
      matched: false,
      productValue: 'Dark Navy',
      queryValues: [Array],
      intent: 'required'
    }
  }
}
[2026-01-22T12:34:48.638Z] [Velou:DEBUG] {
  message: 'applyPostSQLFilters: product_matched_all_filters',
  productId: '202551057',
  productTitle: 'Blue Asymmetric Midi Dress',
  categoryKey: "Women's Dresses|Midi Dresses",
  filterResults: {
    colors: {
      matched: true,
      productValue: 'Light Blue',
      queryValues: [Array],
      intent: 'required'
    }
  }
}
[2026-01-22T12:34:48.638Z] [Velou:DEBUG] {
  message: 'applyPostSQLFilters: product_matched_all_filters',
  productId: '8095325651129',
  productTitle: 'Orcia Cotton Scalloped Mini Dress for Women in Optic White',
  categoryKey: "Women's Dresses|",
  filterResults: {
    colors: {
      matched: true,
      productValue: 'White, Bright White, Pure White, Optic White',
      queryValues: [Array],
      intent: 'required'
    }
  }
}
[2026-01-22T12:34:48.638Z] [Velou:DEBUG] {
  message: 'applyPostSQLFilters: product_matched_all_filters',
  productId: '8095325454521',
  productTitle: 'Terria Cotton Scalloped Maxi Dress for Women in Optic White',
  categoryKey: "Women's Dresses|",
  filterResults: {
    colors: {
      matched: true,
      productValue: 'White, Bright White, Pure White, Optic White',
      queryValues: [Array],
      intent: 'required'
    }
  }
}
[2026-01-22T12:34:48.638Z] [Velou:DEBUG] {
  message: 'applyPostSQLFilters: product_matched_all_filters',
  productId: '4369834901527',
  productTitle: 'Quincy Heritage Mini Dress for Women in White',
  categoryKey: "Women's Dresses|",
  filterResults: {
    colors: {
      matched: true,
      productValue: 'White, Bright White, Pure White, Snow White',
      queryValues: [Array],
      intent: 'required'
    }
  }
}
[2026-01-22T12:34:48.638Z] [Velou:DEBUG] {
  message: 'applyPostSQLFilters: product_failed_filters',
  productId: '202312054',
  productTitle: 'Navy Drop Shoulder Midi Dress',
  categoryKey: "Women's Dresses|Midi Dresses",
  failedFilters: [
    {
      filter: 'colors',
      queryValues: [Array],
      productValue: 'Dark Navy'
    }
  ],
  allFilterResults: {
    colors: {
      matched: false,
      productValue: 'Dark Navy',
      queryValues: [Array],
      intent: 'required'
    }
  }
}
[2026-01-22T12:34:48.638Z] [Velou:DEBUG] {
  message: 'applyPostSQLFilters: product_failed_filters',
  productId: '203532156',
  productTitle: 'Bottle Green Mesh Buckle Midaxi Dress',
  categoryKey: "Women's Dresses|Midaxi Dresses",
  failedFilters: [
    {
      filter: 'colors',
      queryValues: [Array],
      productValue: 'Dark Green'
    }
  ],
  allFilterResults: {
    colors: {
      matched: false,
      productValue: 'Dark Green',
      queryValues: [Array],
      intent: 'required'
    }
  }
}
[2026-01-22T12:34:48.638Z] [Velou:DEBUG] {
  message: 'applyPostSQLFilters: product_failed_filters',
  productId: '8084018757817',
  productTitle: 'Aline Gingham Eyelet Mini Dress for Women in Angel Pink',
  categoryKey: "Women's Dresses|",
  failedFilters: [ { filter: 'colors', queryValues: [Array], productValue: null } ],
  allFilterResults: {
    colors: {
      matched: false,
      productValue: null,
      queryValues: [Array],
      intent: 'required'
    }
  }
}
[2026-01-22T12:34:48.638Z] [Velou:DEBUG] {
  message: 'applyPostSQLFilters: product_matched_all_filters',
  productId: 'shopify_US_8203037900985',
  productTitle: 'Ambessa Embellished Organza Mini Dress POWDER PINK / 4',
  categoryKey: "Women's Dresses|Mini Dresses",
  filterResults: {
    colors: {
      matched: true,
      productValue: 'Pink, Powder Pink, Soft Pink, Blush',
      queryValues: [Array],
      intent: 'required'
    }
  }
}
[2026-01-22T12:34:48.638Z] [Velou:DEBUG] {
  message: 'applyPostSQLFilters: product_failed_filters',
  productId: '204395100',
  productTitle: 'Brown Contrast Knit Midi Dress',
  categoryKey: "Women's Dresses|Midi Dresses",
  failedFilters: [
    {
      filter: 'colors',
      queryValues: [Array],
      productValue: 'Medium Brown'
    }
  ],
  allFilterResults: {
    colors: {
      matched: false,
      productValue: 'Medium Brown',
      queryValues: [Array],
      intent: 'required'
    }
  }
}
[2026-01-22T12:34:48.638Z] [Velou:DEBUG] {
  message: 'applyPostSQLFilters: product_failed_filters',
  productId: '202552156',
  productTitle: 'Bottle Green Cold Shoulder Midi Dress',
  categoryKey: "Women's Dresses|Midi Dresses",
  failedFilters: [
    {
      filter: 'colors',
      queryValues: [Array],
      productValue: 'Dark Green'
    }
  ],
  allFilterResults: {
    colors: {
      matched: false,
      productValue: 'Dark Green',
      queryValues: [Array],
      intent: 'required'
    }
  }
}
[2026-01-22T12:34:48.638Z] [Velou:DEBUG] {
  message: 'applyPostSQLFilters: product_matched_all_filters',
  productId: '7988752253113',
  productTitle: 'Deanna Cotton Striped Halter Dress for Women in Captiva Pink',
  categoryKey: "Women's Dresses|",
  filterResults: {
    colors: {
      matched: true,
      productValue: 'Pink, Light Pink, Captiva Pink, Striped',
      queryValues: [Array],
      intent: 'required'
    }
  }
}
[2026-01-22T12:34:48.638Z] [Velou:DEBUG] {
  message: 'applyPostSQLFilters: product_matched_all_filters',
  productId: '203222057',
  productTitle: 'Blue Dobby Tie Waist Midi Dress',
  categoryKey: "Women's Dresses|Midi Dresses",
  filterResults: {
    colors: {
      matched: true,
      productValue: 'Bright Blue',
      queryValues: [Array],
      intent: 'required'
    }
  }
}
[2026-01-22T12:34:48.638Z] [Velou:DEBUG] {
  message: 'applyPostSQLFilters: product_matched_all_filters',
  productId: '204326025',
  productTitle: 'White Glitter Mesh Bandeau Midaxi Dress',
  categoryKey: "Women's Dresses|Midi Dresses",
  filterResults: {
    colors: {
      matched: true,
      productValue: 'Light White',
      queryValues: [Array],
      intent: 'required'
    }
  }
}
[2026-01-22T12:34:48.638Z] [Velou:DEBUG] {
  message: 'applyPostSQLFilters: product_failed_filters',
  productId: '202869000',
  productTitle: 'Black Short Sleeve Midaxi Dress',
  categoryKey: "Women's Dresses|Midaxi Dresses",
  failedFilters: [
    {
      filter: 'colors',
      queryValues: [Array],
      productValue: 'Dark Black'
    }
  ],
  allFilterResults: {
    colors: {
      matched: false,
      productValue: 'Dark Black',
      queryValues: [Array],
      intent: 'required'
    }
  }
}
[2026-01-22T12:34:48.638Z] [Velou:DEBUG] {
  message: 'applyPostSQLFilters: product_failed_filters',
  productId: '201162550',
  productTitle: 'Petite Dark Red Sequin Maxi Dress',
  categoryKey: "Women's Dresses|Maxi Dresses",
  failedFilters: [
    {
      filter: 'colors',
      queryValues: [Array],
      productValue: 'Dark Red'
    }
  ],
  allFilterResults: {
    colors: {
      matched: false,
      productValue: 'Dark Red',
      queryValues: [Array],
      intent: 'required'
    }
  }
}
[2026-01-22T12:34:48.638Z] [Velou:DEBUG] {
  message: 'applyPostSQLFilters: product_failed_filters',
  productId: '204383550',
  productTitle: 'Burgundy Button Detail Skort Dress',
  categoryKey: "Women's Dresses|Mini Dresses",
  failedFilters: [
    {
      filter: 'colors',
      queryValues: [Array],
      productValue: 'Dark Red'
    }
  ],
  allFilterResults: {
    colors: {
      matched: false,
      productValue: 'Dark Red',
      queryValues: [Array],
      intent: 'required'
    }
  }
}
[2026-01-22T12:34:48.638Z] [Velou:DEBUG] {
  message: 'applyPostSQLFilters: product_matched_all_filters',
  productId: '203045025',
  productTitle: 'White Floral Wrap Midaxi Dress',
  categoryKey: "Women's Dresses|Midaxi Dresses",
  filterResults: {
    colors: {
      matched: true,
      productValue: 'White, Black',
      queryValues: [Array],
      intent: 'required'
    }
  }
}
[2026-01-22T12:34:48.638Z] [Velou:DEBUG] {
  message: 'applyPostSQLFilters: product_matched_all_filters',
  productId: '8271014920377',
  productTitle: 'Krista Mixed Print Cotton Mini Dress for Women in Lilac Vanilla',
  categoryKey: "Women's Dresses|",
  filterResults: {
    colors: {
      matched: true,
      productValue: 'Lilac, Light Pink, White, Blue',
      queryValues: [Array],
      intent: 'required'
    }
  }
}
[2026-01-22T12:34:48.638Z] [Velou:DEBUG] {
  message: 'applyPostSQLFilters: product_failed_filters',
  productId: '8244345307321',
  productTitle: 'Tween Mini Lomina Charmeuse Dress for Women in Red',
  categoryKey: "Women's Dresses|",
  failedFilters: [
    {
      filter: 'colors',
      queryValues: [Array],
      productValue: 'Red, Bright Red, Vibrant Red, Cherry Red'
    }
  ],
  allFilterResults: {
    colors: {
      matched: false,
      productValue: 'Red, Bright Red, Vibrant Red, Cherry Red',
      queryValues: [Array],
      intent: 'required'
    }
  }
}
[2026-01-22T12:34:48.638Z] [Velou:DEBUG] {
  message: 'applyPostSQLFilters: product_matched_all_filters',
  productId: '8084018692281',
  productTitle: 'Nocelle Cotton Floral Maxi Dress for Women in White Peach',
  categoryKey: "Women's Dresses|",
  filterResults: {
    colors: {
      matched: true,
      productValue: 'White, Peach, Pink, Floral',
      queryValues: [Array],
      intent: 'required'
    }
  }
}
[2026-01-22T12:34:48.638Z] [Velou:DEBUG] {
  message: 'applyPostSQLFilters: product_matched_all_filters',
  productId: '8047658172601',
  productTitle: 'Meva Tweed Lace-Trimmed Mini Dress for Women in Strawberry Spritz',
  categoryKey: "Women's Dresses|",
  filterResults: {
    colors: {
      matched: true,
      productValue: 'Pink, Light Pink, Blush, Strawberry',
      queryValues: [Array],
      intent: 'required'
    }
  }
}
[2026-01-22T12:34:48.638Z] [Velou:DEBUG] {
  message: 'applyPostSQLFilters: product_matched_all_filters',
  productId: '8166174261433',
  productTitle: 'Masie Summer Heirloom Print Midi Dress for Women in Berry Jam',
  categoryKey: "Women's Dresses|",
  filterResults: {
    colors: {
      matched: true,
      productValue: 'Pink, Light Pink, Berry, Floral',
      queryValues: [Array],
      intent: 'required'
    }
  }
}
[2026-01-22T12:34:48.638Z] [Velou:DEBUG] {
  message: 'applyPostSQLFilters: product_failed_filters',
  productId: '8270956855481',
  productTitle: 'Tween Venta Bow Mini Dress for Women in Black',
  categoryKey: "Women's Dresses|",
  failedFilters: [
    {
      filter: 'colors',
      queryValues: [Array],
      productValue: 'Black, Dark Black, Jet Black'
    }
  ],
  allFilterResults: {
    colors: {
      matched: false,
      productValue: 'Black, Dark Black, Jet Black',
      queryValues: [Array],
      intent: 'required'
    }
  }
}
[2026-01-22T12:34:48.638Z] [Velou:DEBUG] {
  message: 'applyPostSQLFilters: product_matched_all_filters',
  productId: '8179603341497',
  productTitle: 'Melitta Mixed Print Mini Dress for Women in Pink Blush',
  categoryKey: "Women's Dresses|",
  filterResults: {
    colors: {
      matched: true,
      productValue: 'Pink, Blush Pink, Light Pink, White, Cream',
      queryValues: [Array],
      intent: 'required'
    }
  }
}
[2026-01-22T12:34:48.638Z] [Velou:DEBUG] {
  message: 'applyPostSQLFilters: product_matched_all_filters',
  productId: '8169459351737',
  productTitle: 'Natasha Upcycled Cotton Mini Dress for Women in Cherry Soda',
  categoryKey: "Women's Dresses|",
  filterResults: {
    colors: {
      matched: true,
      productValue: 'Pink, Light Pink, Blush, Floral',
      queryValues: [Array],
      intent: 'required'
    }
  }
}
[2026-01-22T12:34:48.638Z] [Velou:DEBUG] {
  message: 'applyPostSQLFilters: product_matched_all_filters',
  productId: '8179603275961',
  productTitle: 'Carwen Cotton Mixed Print Maxi Dress for Women in Pink Blush',
  categoryKey: "Women's Dresses|",
  filterResults: {
    colors: {
      matched: true,
      productValue: 'Pink, Blush, Light Pink, White',
      queryValues: [Array],
      intent: 'required'
    }
  }
}
[2026-01-22T12:34:48.638Z] [Velou:DEBUG] {
  message: 'applyPostSQLFilters: product_matched_all_filters',
  productId: '8179604619449',
  productTitle: 'Arlissa Silk Lace-Detailed Maxi Dress for Women in French Rose',
  categoryKey: "Women's Dresses|",
  filterResults: {
    colors: {
      matched: true,
      productValue: 'Pink, French Rose, Soft Pink, Blush',
      queryValues: [Array],
      intent: 'required'
    }
  }
}
[2026-01-22T12:34:48.638Z] [Velou:DEBUG] {
  message: 'applyPostSQLFilters: product_matched_all_filters',
  productId: '8193111228601',
  productTitle: 'Serita Silk Maxi Dress for Women in Deep Rose',
  categoryKey: "Women's Dresses|",
  filterResults: {
    colors: {
      matched: true,
      productValue: 'Deep Rose, Burgundy, Pink',
      queryValues: [Array],
      intent: 'required'
    }
  }
}
[2026-01-22T12:34:48.638Z] [Velou:DEBUG] {
  message: 'applyPostSQLFilters: product_failed_filters',
  productId: '8193111294137',
  productTitle: 'Janis Floral Cotton Voile Mini Dress for Women in Raspberry Fields',
  categoryKey: "Women's Dresses|",
  failedFilters: [ { filter: 'colors', queryValues: [Array], productValue: null } ],
  allFilterResults: {
    colors: {
      matched: false,
      productValue: null,
      queryValues: [Array],
      intent: 'required'
    }
  }
}
[2026-01-22T12:34:48.638Z] [Velou:DEBUG] {
  message: 'applyPostSQLFilters: product_failed_filters',
  productId: '8162618310841',
  productTitle: 'Celadine Cotton Lace-Trimmed Midi Dress for Women in Black',
  categoryKey: "Women's Dresses|",
  failedFilters: [
    {
      filter: 'colors',
      queryValues: [Array],
      productValue: 'Black, Dark Black, Jet Black'
    }
  ],
  allFilterResults: {
    colors: {
      matched: false,
      productValue: 'Black, Dark Black, Jet Black',
      queryValues: [Array],
      intent: 'required'
    }
  }
}
[2026-01-22T12:34:48.639Z] [Velou:DEBUG] {
  message: 'applyPostSQLFilters: product_matched_all_filters',
  productId: '8203037769913',
  productTitle: 'Louie Chiffon Ruffle Maxi Dress for Women in French Lilac',
  categoryKey: "Women's Dresses|",
  filterResults: {
    colors: {
      matched: true,
      productValue: 'Pink, Light Pink, Blush, Soft Pink',
      queryValues: [Array],
      intent: 'required'
    }
  }
}
[2026-01-22T12:34:48.639Z] [Velou:DEBUG] {
  message: 'applyPostSQLFilters: product_failed_filters',
  productId: '8221222502585',
  productTitle: 'Fauber Faux Leather Mini Dress for Women in Black',
  categoryKey: "Women's Dresses|",
  failedFilters: [
    {
      filter: 'colors',
      queryValues: [Array],
      productValue: 'Black, Dark Black, Jet Black, Charcoal'
    }
  ],
  allFilterResults: {
    colors: {
      matched: false,
      productValue: 'Black, Dark Black, Jet Black, Charcoal',
      queryValues: [Array],
      intent: 'required'
    }
  }
}
[2026-01-22T12:34:48.639Z] [Velou:DEBUG] {
  message: 'applyPostSQLFilters: product_matched_all_filters',
  productId: '100042854',
  productTitle: 'Pink Shimmer Ruched Maxi Dress',
  categoryKey: "Women's Dresses|Maxi Dresses",
  filterResults: {
    colors: {
      matched: true,
      productValue: 'Light Pink',
      queryValues: [Array],
      intent: 'required'
    }
  }
}
[2026-01-22T12:34:48.639Z] [Velou:DEBUG] {
  message: 'applyPostSQLFilters: product_matched_all_filters',
  productId: '7261626892473',
  productTitle: 'Gwen Heritage Mini Dress for Women in Peony Pink',
  categoryKey: "Women's Dresses|",
  filterResults: {
    colors: {
      matched: true,
      productValue: 'Peony Pink, Light Pink, Soft Pink',
      queryValues: [Array],
      intent: 'required'
    }
  }
}
[2026-01-22T12:34:48.639Z] [Velou:DEBUG] {
  message: 'applyPostSQLFilters: product_failed_filters',
  productId: '202797054',
  productTitle: 'Navy Dip Hem Midi Dress',
  categoryKey: "Women's Dresses|Dip Hem Dresses",
  failedFilters: [
    {
      filter: 'colors',
      queryValues: [Array],
      productValue: 'Dark Navy'
    }
  ],
  allFilterResults: {
    colors: {
      matched: false,
      productValue: 'Dark Navy',
      queryValues: [Array],
      intent: 'required'
    }
  }
}
[2026-01-22T12:34:48.639Z] [Velou:DEBUG] {
  message: 'applyPostSQLFilters: product_matched_all_filters',
  productId: '8271017509049',
  productTitle: 'Sylara Silk-Blend Bow Jacquard Mini Dress for Women in Orchid Ice',
  categoryKey: "Women's Dresses|",
  filterResults: {
    colors: {
      matched: true,
      productValue: 'Pink, Light Pink, Orchid, Blush',
      queryValues: [Array],
      intent: 'required'
    }
  }
}
[2026-01-22T12:34:48.639Z] [Velou:DEBUG] {
  message: 'applyPostSQLFilters: product_matched_all_filters',
  productId: '8271016951993',
  productTitle: 'Devina Silk Chiffon Lace Maxi Dress for Women in Orchid Ice',
  categoryKey: "Women's Dresses|",
  filterResults: {
    colors: {
      matched: true,
      productValue: 'Pink, Light Pink, Orchid, Blush',
      queryValues: [Array],
      intent: 'required'
    }
  }
}
[2026-01-22T12:34:48.639Z] [Velou:DEBUG] {
  message: 'applyPostSQLFilters: product_matched_all_filters',
  productId: '200946354',
  productTitle: 'Nude Square Neck Embellished Maxi Dress',
  categoryKey: "Women's Dresses|Embellished Dresses",
  filterResults: {
    colors: {
      matched: true,
      productValue: 'Beige',
      queryValues: [Array],
      intent: 'required'
    }
  }
}
[2026-01-22T12:34:48.639Z] [Velou:DEBUG] {
  message: 'applyPostSQLFilters: product_matched_all_filters',
  productId: '8271017672889',
  productTitle: 'Presline Floral Wreath Print Mini Dress for Women in Snowdrop Blue',
  categoryKey: "Women's Dresses|",
  filterResults: {
    colors: {
      matched: true,
      productValue: 'Blue, Light Blue, Snowdrop Blue, Pink, Cream',
      queryValues: [Array],
      intent: 'required'
    }
  }
}
[2026-01-22T12:34:48.639Z] [Velou:DEBUG] {
  message: 'applyPostSQLFilters: product_matched_all_filters',
  productId: '8120573722809',
  productTitle: 'Vreya Metallic Crochet Halter Dress for Women in Sunburst',
  categoryKey: "Women's Dresses|",
  filterResults: {
    colors: {
      matched: true,
      productValue: 'Nude, Beige, Gold, Metallic',
      queryValues: [Array],
      intent: 'required'
    }
  }
}
[2026-01-22T12:34:48.639Z] [Velou:DEBUG] {
  message: 'applyPostSQLFilters: product_matched_all_filters',
  productId: 'shopify_US_8084018921657',
  productTitle: 'Linella Linen Maxi Dress BALLERINA PINK / 4',
  categoryKey: "Women's Dresses|Maxi Dresses",
  filterResults: {
    colors: {
      matched: true,
      productValue: 'Pink, Ballerina Pink, Light Pink, Soft Pink',
      queryValues: [Array],
      intent: 'required'
    }
  }
}
[2026-01-22T12:34:48.639Z] [Velou:DEBUG] {
  message: 'applyPostSQLFilters: product_matched_all_filters',
  productId: '100042649',
  productTitle: 'Pink Ribbed Knitted Mini Jumper Dress',
  categoryKey: "Women's Dresses|Mini Dresses",
  filterResults: {
    colors: {
      matched: true,
      productValue: 'Bright Pink',
      queryValues: [Array],
      intent: 'required'
    }
  }
}
[2026-01-22T12:34:48.639Z] [Velou:DEBUG] {
  message: 'applyPostSQLFilters: product_matched_all_filters',
  productId: '8043996119225',
  productTitle: 'Alonna Cotton Lace-Trimmed Mini Dress for Women in White',
  categoryKey: "Women's Dresses|",
  filterResults: {
    colors: {
      matched: true,
      productValue: 'White, Bright White, Pure White, Snow White',
      queryValues: [Array],
      intent: 'required'
    }
  }
}
[2026-01-22T12:34:48.639Z] [Velou:DEBUG] {
  message: 'applyPostSQLFilters: product_failed_filters',
  productId: '8179603570873',
  productTitle: 'Nivara Lace Ruffle Mini Dress for Women in Chantilly',
  categoryKey: "Women's Dresses|",
  failedFilters: [ { filter: 'colors', queryValues: [Array], productValue: null } ],
  allFilterResults: {
    colors: {
      matched: false,
      productValue: null,
      queryValues: [Array],
      intent: 'required'
    }
  }
}
[2026-01-22T12:34:48.639Z] [Velou:DEBUG] {
  message: 'applyPostSQLFilters: product_failed_filters',
  productId: '8217313083577',
  productTitle: 'Iridia Satin Maxi Slip Dress for Women in Airy Blue',
  categoryKey: "Women's Dresses|",
  failedFilters: [
    {
      filter: 'colors',
      queryValues: [Array],
      productValue: 'Light Blue, Airy Blue, Soft Blue'
    }
  ],
  allFilterResults: {
    colors: {
      matched: false,
      productValue: 'Light Blue, Airy Blue, Soft Blue',
      queryValues: [Array],
      intent: 'required'
    }
  }
}
[2026-01-22T12:34:48.639Z] [Velou:DEBUG] {
  message: 'applyPostSQLFilters: product_failed_filters',
  productId: '8271017607353',
  productTitle: 'Eline Silk Floral Maxi Dress for Women in Snowdrop Blue',
  categoryKey: "Women's Dresses|",
  failedFilters: [
    {
      filter: 'colors',
      queryValues: [Array],
      productValue: 'Light Blue, Snowdrop Blue, Soft Blue, Floral Print'
    }
  ],
  allFilterResults: {
    colors: {
      matched: false,
      productValue: 'Light Blue, Snowdrop Blue, Soft Blue, Floral Print',
      queryValues: [Array],
      intent: 'required'
    }
  }
}
[2026-01-22T12:34:48.639Z] [Velou:DEBUG] {
  message: 'applyPostSQLFilters: product_matched_all_filters',
  productId: '100042166',
  productTitle: 'White Crochet Midaxi Dress',
  categoryKey: "Women's Dresses|Midi Dresses",
  filterResults: {
    colors: {
      matched: true,
      productValue: 'Light White',
      queryValues: [Array],
      intent: 'required'
    }
  }
}
[2026-01-22T12:34:48.639Z] [Velou:DEBUG] {
  message: 'applyPostSQLFilters: product_failed_filters',
  productId: '202951156',
  productTitle: 'Bottle Green One Shoulder Midaxi Dress',
  categoryKey: "Women's Dresses|Midaxi Dresses",
  failedFilters: [
    {
      filter: 'colors',
      queryValues: [Array],
      productValue: 'Dark Green'
    }
  ],
  allFilterResults: {
    colors: {
      matched: false,
      productValue: 'Dark Green',
      queryValues: [Array],
      intent: 'required'
    }
  }
}
[2026-01-22T12:34:48.639Z] [Velou:DEBUG] {
  message: 'applyPostSQLFilters: product_failed_filters',
  productId: '100042474',
  productTitle: 'Black Ribbed Racer Mini Dress',
  categoryKey: "Women's Dresses|Mini Dresses",
  failedFilters: [
    {
      filter: 'colors',
      queryValues: [Array],
      productValue: 'Dark Black'
    }
  ],
  allFilterResults: {
    colors: {
      matched: false,
      productValue: 'Dark Black',
      queryValues: [Array],
      intent: 'required'
    }
  }
}
[2026-01-22T12:34:48.639Z] [Velou:DEBUG] {
  message: 'applyPostSQLFilters: product_failed_filters',
  productId: '8179604455609',
  productTitle: 'Sorone Satin Lace Maxi Slip Dress for Women in Quartz',
  categoryKey: "Women's Dresses|",
  failedFilters: [ { filter: 'colors', queryValues: [Array], productValue: null } ],
  allFilterResults: {
    colors: {
      matched: false,
      productValue: null,
      queryValues: [Array],
      intent: 'required'
    }
  }
}
[2026-01-22T12:34:48.639Z] [Velou:DEBUG] {
  message: 'applyPostSQLFilters: product_matched_all_filters',
  productId: '8080215638201',
  productTitle: 'Suvi Liberty Fabric Midi Dress for Women in Pennie Lane',
  categoryKey: "Women's Dresses|",
  filterResults: {
    colors: {
      matched: true,
      productValue: 'Pink, Light Pink, Blue, Lavender, Floral',
      queryValues: [Array],
      intent: 'required'
    }
  }
}
[2026-01-22T12:34:48.639Z] [Velou:DEBUG] {
  message: 'applyPostSQLFilters: product_failed_filters',
  productId: '8217313738937',
  productTitle: 'Verelith Sequin Midi Dress for Women in Chocolate Brown',
  categoryKey: "Women's Dresses|",
  failedFilters: [
    {
      filter: 'colors',
      queryValues: [Array],
      productValue: 'Brown, Chocolate Brown, Dark Brown'
    }
  ],
  allFilterResults: {
    colors: {
      matched: false,
      productValue: 'Brown, Chocolate Brown, Dark Brown',
      queryValues: [Array],
      intent: 'required'
    }
  }
}
[2026-01-22T12:34:48.639Z] [Velou:DEBUG] {
  message: 'applyPostSQLFilters: product_matched_all_filters',
  productId: '4369835098135',
  productTitle: 'Minka Heritage Maxi Dress for Women in True White',
  categoryKey: "Women's Dresses|",
  filterResults: {
    colors: {
      matched: true,
      productValue: 'White, Bright White, Pure White, Black, Dark Black',
      queryValues: [Array],
      intent: 'required'
    }
  }
}
[2026-01-22T12:34:48.639Z] [Velou:DEBUG] {
  message: 'applyPostSQLFilters: product_failed_filters',
  productId: '200538000',
  productTitle: 'Black Rhinestone Strappy Maxi Dress',
  categoryKey: "Women's Dresses|Maxi Dresses",
  failedFilters: [
    {
      filter: 'colors',
      queryValues: [Array],
      productValue: 'Dark Black'
    }
  ],
  allFilterResults: {
    colors: {
      matched: false,
      productValue: 'Dark Black',
      queryValues: [Array],
      intent: 'required'
    }
  }
}
[2026-01-22T12:34:48.639Z] [Velou:DEBUG] {
  message: 'applyPostSQLFilters: product_matched_all_filters',
  productId: '647484211223',
  productTitle: 'Liv Cotton Ruffled Heritage Dress for Women in Antique White',
  categoryKey: "Women's Dresses|",
  filterResults: {
    colors: {
      matched: true,
      productValue: 'White, Antique White, Bright White',
      queryValues: [Array],
      intent: 'required'
    }
  }
}
[2026-01-22T12:34:48.639Z] [Velou:DEBUG] {
  message: 'applyPostSQLFilters: product_matched_all_filters',
  productId: '8105247277241',
  productTitle: 'Sandara Cotton Pinstripe Midi Dress for Women in Sky Lagoon',
  categoryKey: "Women's Dresses|",
  filterResults: {
    colors: {
      matched: true,
      productValue: 'Light Blue, Sky Blue, Soft Blue, Blue',
      queryValues: [Array],
      intent: 'required'
    }
  }
}
[2026-01-22T12:34:48.639Z] [Velou:DEBUG] {
  message: 'applyPostSQLFilters: product_failed_filters',
  productId: '202837551',
  productTitle: 'Red Pleated Bardot Midaxi Dress',
  categoryKey: "Women's Dresses|Midi Dresses",
  failedFilters: [
    {
      filter: 'colors',
      queryValues: [Array],
      productValue: 'Bright Red'
    }
  ],
  allFilterResults: {
    colors: {
      matched: false,
      productValue: 'Bright Red',
      queryValues: [Array],
      intent: 'required'
    }
  }
}
[2026-01-22T12:34:48.639Z] [Velou:DEBUG] {
  message: 'applyPostSQLFilters: product_matched_all_filters',
  productId: '8179603898553',
  productTitle: 'Marlowe Cotton Midi Dress for Women in Off White',
  categoryKey: "Women's Dresses|",
  filterResults: {
    colors: {
      matched: true,
      productValue: 'Off White, Cream, Ivory, Light Beige',
      queryValues: [Array],
      intent: 'required'
    }
  }
}
[2026-01-22T12:34:48.639Z] [Velou:DEBUG] {
  message: 'applyPostSQLFilters: product_matched_all_filters',
  productId: '203491057',
  productTitle: 'Blue Satin Marble Midaxi Dress',
  categoryKey: "Women's Dresses|Midi Dresses",
  filterResults: {
    colors: {
      matched: true,
      productValue: 'Light Blue, Green, White',
      queryValues: [Array],
      intent: 'required'
    }
  }
}
[2026-01-22T12:34:48.639Z] [Velou:DEBUG] {
  message: 'applyPostSQLFilters: product_failed_filters',
  productId: '200697000',
  productTitle: 'Petite Black Floral Bardot Skater Midi Dress',
  categoryKey: "Women's Dresses|Midi Dresses",
  failedFilters: [
    {
      filter: 'colors',
      queryValues: [Array],
      productValue: 'Black, Brown, Dark Brown'
    }
  ],
  allFilterResults: {
    colors: {
      matched: false,
      productValue: 'Black, Brown, Dark Brown',
      queryValues: [Array],
      intent: 'required'
    }
  }
}
[2026-01-22T12:34:48.639Z] [Velou:DEBUG] {
  message: 'applyPostSQLFilters: product_failed_filters',
  productId: '204518100',
  productTitle: 'Brown Floral Drop Waist Midaxi Dress',
  categoryKey: "Women's Dresses|Midaxi Dresses",
  failedFilters: [
    {
      filter: 'colors',
      queryValues: [Array],
      productValue: 'Brown, Cream, Light Brown'
    }
  ],
  allFilterResults: {
    colors: {
      matched: false,
      productValue: 'Brown, Cream, Light Brown',
      queryValues: [Array],
      intent: 'required'
    }
  }
}
[2026-01-22T12:34:48.639Z] [Velou:DEBUG] {
  message: 'applyPostSQLFilters: product_matched_all_filters',
  productId: 'shopify_US_8271020884153',
  productTitle: 'Macie Beaded Crochet Maxi Dress LAVENDER ORCHID / M',
  categoryKey: "Women's Dresses|Maxi Dresses",
  filterResults: {
    colors: {
      matched: true,
      productValue: 'Lavender, Light Pink, Soft Pink',
      queryValues: [Array],
      intent: 'required'
    }
  }
}
[2026-01-22T12:34:48.639Z] [Velou:DEBUG] {
  message: 'applyPostSQLFilters: product_failed_filters',
  productId: '200832000',
  productTitle: 'Petite Black Diamante Ruched Maxi Dress',
  categoryKey: "Women's Dresses|Maxi Dresses",
  failedFilters: [
    {
      filter: 'colors',
      queryValues: [Array],
      productValue: 'Dark Black'
    }
  ],
  allFilterResults: {
    colors: {
      matched: false,
      productValue: 'Dark Black',
      queryValues: [Array],
      intent: 'required'
    }
  }
}
[2026-01-22T12:34:48.639Z] [Velou:DEBUG] {
  message: 'applyPostSQLFilters: product_matched_all_filters',
  productId: '8217312624825',
  productTitle: 'Mystara Satin Maxi Dress for Women in Pink',
  categoryKey: "Women's Dresses|",
  filterResults: {
    colors: {
      matched: true,
      productValue: 'Pink, Light Pink, Soft Pink, Blush',
      queryValues: [Array],
      intent: 'required'
    }
  }
}
[2026-01-22T12:34:48.639Z] [Velou:DEBUG] {
  message: 'applyPostSQLFilters: product_matched_all_filters',
  productId: '8217312723129',
  productTitle: 'Rosamina Cotton Long Sleeve Mini Dress for Women in Cider Sky',
  categoryKey: "Women's Dresses|",
  filterResults: {
    colors: {
      matched: true,
      productValue: 'Light Blue, Sky Blue, Soft Blue, Pink, Floral Print',
      queryValues: [Array],
      intent: 'required'
    }
  }
}
[2026-01-22T12:34:48.639Z] [Velou:DEBUG] {
  message: 'applyPostSQLFilters: product_matched_all_filters',
  productId: '4369834999831',
  productTitle: 'Norma Maxi Dress for Women in White',
  categoryKey: "Women's Dresses|",
  filterResults: {
    colors: {
      matched: true,
      productValue: 'White, Bright White, Pure White, Snow White',
      queryValues: [Array],
      intent: 'required'
    }
  }
}
[2026-01-22T12:34:48.640Z] [Velou:DEBUG] {
  message: 'applyPostSQLFilters: product_matched_all_filters',
  productId: '203403054',
  productTitle: 'Petite Navy Floral Midaxi Dress',
  categoryKey: "Women's Dresses|Midaxi Dresses",
  filterResults: {
    colors: {
      matched: true,
      productValue: 'Dark Blue, White',
      queryValues: [Array],
      intent: 'required'
    }
  }
}
[2026-01-22T12:34:48.640Z] [Velou:DEBUG] {
  message: 'applyPostSQLFilters: product_failed_filters',
  productId: '203318000',
  productTitle: 'Black Woven Corset Midaxi Dress',
  categoryKey: "Women's Dresses|Midi Dresses",
  failedFilters: [
    {
      filter: 'colors',
      queryValues: [Array],
      productValue: 'Dark Black'
    }
  ],
  allFilterResults: {
    colors: {
      matched: false,
      productValue: 'Dark Black',
      queryValues: [Array],
      intent: 'required'
    }
  }
}
[2026-01-22T12:34:48.640Z] [Velou:DEBUG] {
  message: 'applyPostSQLFilters: product_failed_filters',
  productId: '200486000',
  productTitle: 'Black Floral Strap Maxi Wrap Dress',
  categoryKey: "Women's Dresses|Maxi Dresses",
  failedFilters: [
    {
      filter: 'colors',
      queryValues: [Array],
      productValue: 'Dark Black'
    }
  ],
  allFilterResults: {
    colors: {
      matched: false,
      productValue: 'Dark Black',
      queryValues: [Array],
      intent: 'required'
    }
  }
}
[2026-01-22T12:34:48.640Z] [Velou:DEBUG] {
  message: 'applyPostSQLFilters: product_failed_filters',
  productId: '203519100',
  productTitle: 'Petite Brown Gold Buckle Midaxi Dress',
  categoryKey: "Women's Dresses|Bodycon Dresses",
  failedFilters: [
    {
      filter: 'colors',
      queryValues: [Array],
      productValue: 'Dark Brown'
    }
  ],
  allFilterResults: {
    colors: {
      matched: false,
      productValue: 'Dark Brown',
      queryValues: [Array],
      intent: 'required'
    }
  }
}
[2026-01-22T12:34:48.640Z] [Velou:DEBUG] {
  message: 'applyPostSQLFilters: product_failed_filters',
  productId: '8244347306169',
  productTitle: 'Melora Velvet Maxi Dress for Women in Black',
  categoryKey: "Women's Dresses|",
  failedFilters: [
    {
      filter: 'colors',
      queryValues: [Array],
      productValue: 'Black, Velvet Black, Deep Black, Ivory'
    }
  ],
  allFilterResults: {
    colors: {
      matched: false,
      productValue: 'Black, Velvet Black, Deep Black, Ivory',
      queryValues: [Array],
      intent: 'required'
    }
  }
}
[2026-01-22T12:34:48.640Z] [Velou:DEBUG] {
  message: 'applyPostSQLFilters: product_failed_filters',
  productId: '203213551',
  productTitle: 'Red Corsage Maxi Dress',
  categoryKey: "Women's Dresses|Maxi Dresses",
  failedFilters: [
    {
      filter: 'colors',
      queryValues: [Array],
      productValue: 'Bright Red'
    }
  ],
  allFilterResults: {
    colors: {
      matched: false,
      productValue: 'Bright Red',
      queryValues: [Array],
      intent: 'required'
    }
  }
}
[2026-01-22T12:34:48.640Z] [Velou:DEBUG] {
  message: 'applyPostSQLFilters: product_matched_all_filters',
  productId: '8244348321977',
  productTitle: 'Taylis Satin Lace Maxi Dress for Women in Emerald Green',
  categoryKey: "Women's Dresses|",
  filterResults: {
    colors: {
      matched: true,
      productValue: 'Emerald Green, Teal, Pink',
      queryValues: [Array],
      intent: 'required'
    }
  }
}
[2026-01-22T12:34:48.640Z] [Velou:DEBUG] {
  message: 'applyPostSQLFilters: product_failed_filters',
  productId: '8061023518905',
  productTitle: 'Vinca Cotton Lace Bow Midi Dress for Women in Optic White',
  categoryKey: "Women's Dresses|",
  failedFilters: [ { filter: 'colors', queryValues: [Array], productValue: null } ],
  allFilterResults: {
    colors: {
      matched: false,
      productValue: null,
      queryValues: [Array],
      intent: 'required'
    }
  }
}
[2026-01-22T12:34:48.640Z] [Velou:DEBUG] {
  message: 'applyPostSQLFilters: product_matched_all_filters',
  productId: '8061023584441',
  productTitle: 'Janea Eyelet Lace Mini Halter Dress for Women in Optic White',
  categoryKey: "Women's Dresses|",
  filterResults: {
    colors: {
      matched: true,
      productValue: 'White, Bright White, Pure White, Optic White',
      queryValues: [Array],
      intent: 'required'
    }
  }
}
[2026-01-22T12:34:48.640Z] [Velou:DEBUG] {
  message: 'applyPostSQLFilters: product_matched_all_filters',
  productId: '8270955708601',
  productTitle: 'Kalora Celestial Crystal Satin Mini Dress for Women in Starflare Gold',
  categoryKey: "Women's Dresses|",
  filterResults: {
    colors: {
      matched: true,
      productValue: 'Gold, Light Gold, Beige, Champagne',
      queryValues: [Array],
      intent: 'required'
    }
  }
}
[2026-01-22T12:34:48.640Z] [Velou:DEBUG] {
  message: 'applyPostSQLFilters: product_matched_all_filters',
  productId: '8271017345209',
  productTitle: 'Suvi Floral Cotton Midi Dress for Women in Arctic Vanilla',
  categoryKey: "Women's Dresses|",
  filterResults: {
    colors: {
      matched: true,
      productValue: 'White, Light Blue, Cream',
      queryValues: [Array],
      intent: 'required'
    }
  }
}
[2026-01-22T12:34:48.640Z] [Velou:DEBUG] {
  message: 'applyPostSQLFilters: product_matched_all_filters',
  productId: '8079128920249',
  productTitle: 'Radiance Heirloom Print Maxi Dress for Women in Sterling Dusk',
  categoryKey: "Women's Dresses|",
  filterResults: {
    colors: {
      matched: true,
      productValue: 'Pink, Light Pink, Blush, Soft Pink, White',
      queryValues: [Array],
      intent: 'required'
    }
  }
}
[2026-01-22T12:34:48.640Z] [Velou:DEBUG] {
  message: 'applyPostSQLFilters: product_failed_filters',
  productId: '201406000',
  productTitle: 'Black One Shoulder Frill Skater Dress',
  categoryKey: "Women's Dresses|",
  failedFilters: [
    {
      filter: 'colors',
      queryValues: [Array],
      productValue: 'Dark Black'
    }
  ],
  allFilterResults: {
    colors: {
      matched: false,
      productValue: 'Dark Black',
      queryValues: [Array],
      intent: 'required'
    }
  }
}
[2026-01-22T12:34:48.640Z] [Velou:DEBUG] {
  message: 'applyPostSQLFilters: product_failed_filters',
  productId: '100042580',
  productTitle: 'Coral Chiffon Backless Maxi dress',
  categoryKey: "Women's Dresses|Maxi Dresses",
  failedFilters: [
    {
      filter: 'colors',
      queryValues: [Array],
      productValue: 'Bright Orange'
    }
  ],
  allFilterResults: {
    colors: {
      matched: false,
      productValue: 'Bright Orange',
      queryValues: [Array],
      intent: 'required'
    }
  }
}
[2026-01-22T12:34:48.640Z] [Velou:DEBUG] {
  message: 'applyPostSQLFilters: product_matched_all_filters',
  productId: '8080218030265',
  productTitle: 'Gwen Heirloom Print Cotton Mini Dress for Women in Sterling Dusk',
  categoryKey: "Women's Dresses|",
  filterResults: {
    colors: {
      matched: true,
      productValue: 'Pink, Light Pink, Lavender, Floral',
      queryValues: [Array],
      intent: 'required'
    }
  }
}
[2026-01-22T12:34:48.640Z] [Velou:DEBUG] {
  message: 'applyPostSQLFilters: product_failed_filters',
  productId: '201358054',
  productTitle: 'Navy One Shoulder Maxi Dress',
  categoryKey: "Women's Dresses|Maxi Dresses",
  failedFilters: [
    {
      filter: 'colors',
      queryValues: [Array],
      productValue: 'Dark Navy'
    }
  ],
  allFilterResults: {
    colors: {
      matched: false,
      productValue: 'Dark Navy',
      queryValues: [Array],
      intent: 'required'
    }
  }
}
[2026-01-22T12:34:48.640Z] [Velou:DEBUG] {
  message: 'applyPostSQLFilters: product_failed_filters',
  productId: '8106592043193',
  productTitle: 'Soira Celestial Cotton Mini Dress for Women in Celestial Navy',
  categoryKey: "Women's Dresses|",
  failedFilters: [
    {
      filter: 'colors',
      queryValues: [Array],
      productValue: 'Navy, Celestial Navy, Dark Blue'
    }
  ],
  allFilterResults: {
    colors: {
      matched: false,
      productValue: 'Navy, Celestial Navy, Dark Blue',
      queryValues: [Array],
      intent: 'required'
    }
  }
}
[2026-01-22T12:34:48.640Z] [Velou:DEBUG] {
  message: 'applyPostSQLFilters: product_matched_all_filters',
  productId: '8084016398521',
  productTitle: 'Rietta Cotton Lace-Trimmed Mini Dress for Women in Optic White',
  categoryKey: "Women's Dresses|",
  filterResults: {
    colors: {
      matched: true,
      productValue: 'White, Bright White, Pure White, Light Blue, Soft Blue',
      queryValues: [Array],
      intent: 'required'
    }
  }
}
[2026-01-22T12:34:48.640Z] [Velou:DEBUG] {
  message: 'applyPostSQLFilters: product_matched_all_filters',
  productId: '8084019216569',
  productTitle: 'Bellby Polkadot Bow Gown for Women in Shell Pink',
  categoryKey: "Women's Dresses|",
  filterResults: {
    colors: {
      matched: true,
      productValue: 'Pink, Shell Pink, Light Pink, Pastel Pink',
      queryValues: [Array],
      intent: 'required'
    }
  }
}
[2026-01-22T12:34:48.640Z] [Velou:DEBUG] {
  message: 'applyPostSQLFilters: product_failed_filters',
  productId: '203808054',
  productTitle: 'Navy Heart Charm Mini Dress',
  categoryKey: "Women's Dresses|Mini Dresses",
  failedFilters: [
    {
      filter: 'colors',
      queryValues: [Array],
      productValue: 'Dark Navy'
    }
  ],
  allFilterResults: {
    colors: {
      matched: false,
      productValue: 'Dark Navy',
      queryValues: [Array],
      intent: 'required'
    }
  }
}
[2026-01-22T12:34:48.640Z] [Velou:DEBUG] {
  message: 'applyPostSQLFilters: product_failed_filters',
  productId: '200982000',
  productTitle: 'Black Bow Front Maxi Dress',
  categoryKey: "Women's Dresses|Maxi Dresses",
  failedFilters: [
    {
      filter: 'colors',
      queryValues: [Array],
      productValue: 'Dark Black'
    }
  ],
  allFilterResults: {
    colors: {
      matched: false,
      productValue: 'Dark Black',
      queryValues: [Array],
      intent: 'required'
    }
  }
}
[2026-01-22T12:34:48.640Z] [Velou:DEBUG] {
  message: 'applyPostSQLFilters: product_matched_all_filters',
  productId: '8084019642553',
  productTitle: 'Avaline Floral Chiffon Mini Dress for Women in White Peach',
  categoryKey: "Women's Dresses|",
  filterResults: {
    colors: {
      matched: true,
      productValue: 'White, Peach, Pink, Floral',
      queryValues: [Array],
      intent: 'required'
    }
  }
}
[2026-01-22T12:34:48.640Z] [Velou:DEBUG] {
  message: 'applyPostSQLFilters: product_matched_all_filters',
  productId: '7929323913401',
  productTitle: 'Gwen Hand Dyed Upcycled Mini Dress for Women in Peony Pink',
  categoryKey: "Women's Dresses|",
  filterResults: {
    colors: {
      matched: true,
      productValue: 'Pink, Peony Pink, Light Pink, Soft Pink',
      queryValues: [Array],
      intent: 'required'
    }
  }
}
[2026-01-22T12:34:48.640Z] [Velou:DEBUG] {
  message: 'applyPostSQLFilters: product_matched_all_filters',
  productId: '8084019806393',
  productTitle: 'Alivia Sheer Knit Maxi Dress for Women in Lotus Petal',
  categoryKey: "Women's Dresses|",
  filterResults: {
    colors: {
      matched: true,
      productValue: 'Pink, Light Pink, Pastel Pink, Rose',
      queryValues: [Array],
      intent: 'required'
    }
  }
}
[2026-01-22T12:34:48.641Z] [Velou:DEBUG] {
  message: 'applyPostSQLFilters: product_matched_all_filters',
  productId: '200310158',
  productTitle: 'Green Floral Wrap Chiffon Skater Dress',
  categoryKey: "Women's Dresses|Skater Dresses",
  filterResults: {
    colors: {
      matched: true,
      productValue: 'Bright Green, Blue, White',
      queryValues: [Array],
      intent: 'required'
    }
  }
}
[2026-01-22T12:34:48.641Z] [Velou:DEBUG] {
  message: 'applyPostSQLFilters: product_failed_filters',
  productId: '8271020851385',
  productTitle: 'Tween Mosa Floral Cotton Dress for Women in Snowdrop Blue',
  categoryKey: "Women's Dresses|",
  failedFilters: [
    {
      filter: 'colors',
      queryValues: [Array],
      productValue: 'Light Blue, Snowdrop Blue, Soft Blue'
    }
  ],
  allFilterResults: {
    colors: {
      matched: false,
      productValue: 'Light Blue, Snowdrop Blue, Soft Blue',
      queryValues: [Array],
      intent: 'required'
    }
  }
}
[2026-01-22T12:34:48.641Z] [Velou:DEBUG] {
  message: 'applyPostSQLFilters: product_failed_filters',
  productId: '203551000',
  productTitle: 'Black Cold Shoulder Maxi Dress',
  categoryKey: "Women's Dresses|Maxi Dresses",
  failedFilters: [
    {
      filter: 'colors',
      queryValues: [Array],
      productValue: 'Dark Black'
    }
  ],
  allFilterResults: {
    colors: {
      matched: false,
      productValue: 'Dark Black',
      queryValues: [Array],
      intent: 'required'
    }
  }
}
[2026-01-22T12:34:48.641Z] [Velou:DEBUG] {
  message: 'applyPostSQLFilters: product_matched_all_filters',
  productId: '201357450',
  productTitle: 'Blush Chiffon Bardot Maxi Dress',
  categoryKey: "Women's Dresses|Maxi Dresses",
  filterResults: {
    colors: {
      matched: true,
      productValue: 'Light Pink',
      queryValues: [Array],
      intent: 'required'
    }
  }
}
[2026-01-22T12:34:48.641Z] [Velou:DEBUG] {
  message: 'applyPostSQLFilters: product_matched_all_filters',
  productId: '200430025',
  productTitle: 'White Puff Ball Mini Dress',
  categoryKey: "Women's Dresses|Mini Dresses",
  filterResults: {
    colors: {
      matched: true,
      productValue: 'Light White',
      queryValues: [Array],
      intent: 'required'
    }
  }
}
[2026-01-22T12:34:48.641Z] [Velou:DEBUG] {
  message: 'applyPostSQLFilters: product_matched_all_filters',
  productId: '8179603308729',
  productTitle: 'Nivara Lace Ruffle Mini Dress for Women in Eau De Nil',
  categoryKey: "Women's Dresses|",
  filterResults: {
    colors: {
      matched: true,
      productValue: 'Eau De Nil, Light Green, Mint Green',
      queryValues: [Array],
      intent: 'required'
    }
  }
}
[2026-01-22T12:34:48.641Z] [Velou:DEBUG] {
  message: 'applyPostSQLFilters: product_failed_filters',
  productId: 'shopify_US_8244348289209',
  productTitle: 'Ellietta Tartan Ruffle Maxi Dress CHERRY JUBILEE / 8',
  categoryKey: "Women's Dresses|Maxi Dresses",
  failedFilters: [
    {
      filter: 'colors',
      queryValues: [Array],
      productValue: 'Red, Bright Red, Cherry Red, Plaid'
    }
  ],
  allFilterResults: {
    colors: {
      matched: false,
      productValue: 'Red, Bright Red, Cherry Red, Plaid',
      queryValues: [Array],
      intent: 'required'
    }
  }
}
[2026-01-22T12:34:48.641Z] [Velou:DEBUG] {
  message: 'applyPostSQLFilters: product_failed_filters',
  productId: '203205551',
  productTitle: 'Red Corset Detail Midaxi Dress',
  categoryKey: "Women's Dresses|Midaxi Dresses",
  failedFilters: [
    {
      filter: 'colors',
      queryValues: [Array],
      productValue: 'Bright Red'
    }
  ],
  allFilterResults: {
    colors: {
      matched: false,
      productValue: 'Bright Red',
      queryValues: [Array],
      intent: 'required'
    }
  }
}
[2026-01-22T12:34:48.641Z] [Velou:DEBUG] {
  message: 'applyPostSQLFilters: product_failed_filters',
  productId: '200788000',
  productTitle: 'Black Faux Leather Skater Dress',
  categoryKey: "Women's Dresses|Skater Dresses",
  failedFilters: [
    {
      filter: 'colors',
      queryValues: [Array],
      productValue: 'Dark Black'
    }
  ],
  allFilterResults: {
    colors: {
      matched: false,
      productValue: 'Dark Black',
      queryValues: [Array],
      intent: 'required'
    }
  }
}
[2026-01-22T12:34:48.641Z] [Velou:DEBUG] {
  message: 'applyPostSQLFilters: product_failed_filters',
  productId: '202928054',
  productTitle: 'Navy Cross Front Ruched Maxi Dress',
  categoryKey: "Women's Dresses|Maxi Dresses",
  failedFilters: [
    {
      filter: 'colors',
      queryValues: [Array],
      productValue: 'Dark Navy'
    }
  ],
  allFilterResults: {
    colors: {
      matched: false,
      productValue: 'Dark Navy',
      queryValues: [Array],
      intent: 'required'
    }
  }
}
[2026-01-22T12:34:48.641Z] [Velou:DEBUG] {
  message: 'applyPostSQLFilters: product_matched_all_filters',
  productId: '8095325585593',
  productTitle: 'Nocelle Cotton Ruffle Maxi Dress for Women in Coastline Blue',
  categoryKey: "Women's Dresses|",
  filterResults: {
    colors: {
      matched: true,
      productValue: 'White, Light Blue, Pink, Floral',
      queryValues: [Array],
      intent: 'required'
    }
  }
}
[2026-01-22T12:34:48.641Z] [Velou:DEBUG] {
  message: 'applyPostSQLFilters: product_failed_filters',
  productId: '200896152',
  productTitle: 'Khaki Strappy Puff Ball Skater Dress',
  categoryKey: "Women's Dresses|",
  failedFilters: [
    {
      filter: 'colors',
      queryValues: [Array],
      productValue: 'Dark Green, Brown'
    }
  ],
  allFilterResults: {
    colors: {
      matched: false,
      productValue: 'Dark Green, Brown',
      queryValues: [Array],
      intent: 'required'
    }
  }
}
[2026-01-22T12:34:48.641Z] [Velou:DEBUG] {
  message: 'applyPostSQLFilters: product_matched_all_filters',
  productId: '8084016332985',
  productTitle: 'Fellows Cotton Ruffle Mini Dress for Women in Optic White',
  categoryKey: "Women's Dresses|",
  filterResults: {
    colors: {
      matched: true,
      productValue: 'White, Bright White, Pure White, Optic White',
      queryValues: [Array],
      intent: 'required'
    }
  }
}
[2026-01-22T12:34:48.641Z] [Velou:DEBUG] {
  message: 'applyPostSQLFilters: product_matched_all_filters',
  productId: '100041218',
  productTitle: 'Petite Black Satin Marble Print Wrap Dress',
  categoryKey: "Women's Dresses|",
  filterResults: {
    colors: {
      matched: true,
      productValue: 'Black, Brown, Beige',
      queryValues: [Array],
      intent: 'required'
    }
  }
}
[2026-01-22T12:34:48.641Z] [Velou:DEBUG] {
  message: 'applyPostSQLFilters: product_failed_filters',
  productId: '203992551',
  productTitle: 'Red Diamante Trim Maxi Dress',
  categoryKey: "Women's Dresses|Maxi Dresses",
  failedFilters: [
    {
      filter: 'colors',
      queryValues: [Array],
      productValue: 'Bright Red'
    }
  ],
  allFilterResults: {
    colors: {
      matched: false,
      productValue: 'Bright Red',
      queryValues: [Array],
      intent: 'required'
    }
  }
}
[2026-01-22T12:34:48.641Z] [Velou:DEBUG] {
  message: 'applyPostSQLFilters: product_failed_filters',
  productId: '203565000',
  productTitle: 'Black Mesh One Shoulder Midi Dress',
  categoryKey: "Women's Dresses|Midi Dresses",
  failedFilters: [
    {
      filter: 'colors',
      queryValues: [Array],
      productValue: 'Dark Black'
    }
  ],
  allFilterResults: {
    colors: {
      matched: false,
      productValue: 'Dark Black',
      queryValues: [Array],
      intent: 'required'
    }
  }
}
[2026-01-22T12:34:48.641Z] [Velou:DEBUG] {
  message: 'applyPostSQLFilters: product_matched_all_filters',
  productId: '8179608682681',
  productTitle: 'Galilea Chantilly Lace Mini Dress for Women in Sea Angel',
  categoryKey: "Women's Dresses|",
  filterResults: {
    colors: {
      matched: true,
      productValue: 'Pink, Light Pink, Blush, Soft Pink',
      queryValues: [Array],
      intent: 'required'
    }
  }
}
[2026-01-22T12:34:48.641Z] [Velou:DEBUG] {
  message: 'applyPostSQLFilters: product_matched_all_filters',
  productId: '100041503',
  productTitle: 'Black Animal Print Wrap Skater Dress',
  categoryKey: "Women's Dresses|Skater Dresses",
  filterResults: {
    colors: {
      matched: true,
      productValue: 'Light Pink, Purple, Blue',
      queryValues: [Array],
      intent: 'required'
    }
  }
}
[2026-01-22T12:34:48.641Z] [Velou:DEBUG] {
  message: 'applyPostSQLFilters: product_failed_filters',
  productId: '8203051204793',
  productTitle: 'Secret Crush Alonna Mini Dress for Women in Chantilly',
  categoryKey: "Women's Dresses|",
  failedFilters: [ { filter: 'colors', queryValues: [Array], productValue: null } ],
  allFilterResults: {
    colors: {
      matched: false,
      productValue: null,
      queryValues: [Array],
      intent: 'required'
    }
  }
}
[2026-01-22T12:34:48.641Z] [Velou:DEBUG] {
  message: 'applyPostSQLFilters: product_failed_filters',
  productId: '7516518187193',
  productTitle: 'Deanna Heritage Halter Mini Dress for Women in Black',
  categoryKey: "Women's Dresses|",
  failedFilters: [
    {
      filter: 'colors',
      queryValues: [Array],
      productValue: 'Black, Dark Black, Jet Black'
    }
  ],
  allFilterResults: {
    colors: {
      matched: false,
      productValue: 'Black, Dark Black, Jet Black',
      queryValues: [Array],
      intent: 'required'
    }
  }
}
[2026-01-22T12:34:48.641Z] [Velou:DEBUG] {
  message: 'applyPostSQLFilters: product_matched_all_filters',
  productId: '7525796348089',
  productTitle: 'Natasha Heritage Mini Dress for Women in Peony Pink',
  categoryKey: "Women's Dresses|",
  filterResults: {
    colors: {
      matched: true,
      productValue: 'Peony Pink, Light Pink, White',
      queryValues: [Array],
      intent: 'required'
    }
  }
}
[2026-01-22T12:34:48.641Z] [Velou:DEBUG] {
  message: 'applyPostSQLFilters: product_matched_all_filters',
  productId: '7597048463545',
  productTitle: 'Ryan Catalina Lace Maxi Dress for Women in Ivory',
  categoryKey: "Women's Dresses|",
  filterResults: {
    colors: {
      matched: true,
      productValue: 'Ivory, White, Off-White',
      queryValues: [Array],
      intent: 'required'
    }
  }
}
[2026-01-22T12:34:48.641Z] [Velou:DEBUG] {
  message: 'applyPostSQLFilters: product_failed_filters',
  productId: '202872152',
  productTitle: 'Khaki Satin Pleated Maxi Dress',
  categoryKey: "Women's Dresses|Maxi Dresses",
  failedFilters: [
    {
      filter: 'colors',
      queryValues: [Array],
      productValue: 'Medium Green, Dark Green'
    }
  ],
  allFilterResults: {
    colors: {
      matched: false,
      productValue: 'Medium Green, Dark Green',
      queryValues: [Array],
      intent: 'required'
    }
  }
}
[2026-01-22T12:34:48.641Z] [Velou:DEBUG] {
  message: 'applyPostSQLFilters: product_matched_all_filters',
  productId: '7608446451897',
  productTitle: 'Chessie Heirloom Print Cotton Maxi Dress for Women in Whisper Blue',
  categoryKey: "Women's Dresses|",
  filterResults: {
    colors: {
      matched: true,
      productValue: 'Whisper Blue, Light Blue, Soft Blue, Pink, Light Pink, Floral',
      queryValues: [Array],
      intent: 'required'
    }
  }
}
[2026-01-22T12:34:48.641Z] [Velou:DEBUG] {
  message: 'applyPostSQLFilters: product_failed_filters',
  productId: '204192054',
  productTitle: 'Navy Diamante Strap Maxi Dress',
  categoryKey: "Women's Dresses|Maxi Dresses",
  failedFilters: [
    {
      filter: 'colors',
      queryValues: [Array],
      productValue: 'Dark Navy'
    }
  ],
  allFilterResults: {
    colors: {
      matched: false,
      productValue: 'Dark Navy',
      queryValues: [Array],
      intent: 'required'
    }
  }
}
[2026-01-22T12:34:48.641Z] [Velou:DEBUG] {
  message: 'applyPostSQLFilters: product_matched_all_filters',
  productId: '7692161908921',
  productTitle: 'Docila Heritage Cotton Mini Dress for Women in White',
  categoryKey: "Women's Dresses|",
  filterResults: {
    colors: {
      matched: true,
      productValue: 'White, Bright White, Pure White, Light Blue, Sky Blue',
      queryValues: [Array],
      intent: 'required'
    }
  }
}
[2026-01-22T12:34:48.641Z] [Velou:DEBUG] {
  message: 'applyPostSQLFilters: product_matched_all_filters',
  productId: '7814030885049',
  productTitle: 'Esilda Heritage Cotton Midi Dress for Women in True White',
  categoryKey: "Women's Dresses|",
  filterResults: {
    colors: {
      matched: true,
      productValue: 'White, Bright White, Pure White, Pink, Light Pink, Soft Pink',
      queryValues: [Array],
      intent: 'required'
    }
  }
}
[2026-01-22T12:34:48.641Z] [Velou:DEBUG] {
  message: 'applyPostSQLFilters: product_matched_all_filters',
  productId: '7913654878393',
  productTitle: 'Deanna Polka Dot Halter Mini Dress for Women in Antique White',
  categoryKey: "Women's Dresses|",
  filterResults: {
    colors: {
      matched: true,
      productValue: 'White, Antique White, Black, Polka Dot',
      queryValues: [Array],
      intent: 'required'
    }
  }
}
[2026-01-22T12:34:48.641Z] [Velou:DEBUG] {
  message: 'applyPostSQLFilters: product_matched_all_filters',
  productId: '7913665069241',
  productTitle: 'Finny Upcycled Cotton Mini Dress for Women in Captiva Pink',
  categoryKey: "Women's Dresses|",
  filterResults: {
    colors: {
      matched: true,
      productValue: 'Pink, Light Pink, Captiva Pink, Blush',
      queryValues: [Array],
      intent: 'required'
    }
  }
}
[2026-01-22T12:34:48.641Z] [Velou:DEBUG] {
  message: 'applyPostSQLFilters: product_matched_all_filters',
  productId: '203596025',
  productTitle: 'White Tie Neck Polka Dot Midaxi Dress',
  categoryKey: "Women's Dresses|Midi Dresses",
  filterResults: {
    colors: {
      matched: true,
      productValue: 'Light White, Black',
      queryValues: [Array],
      intent: 'required'
    }
  }
}
[2026-01-22T12:34:48.641Z] [Velou:DEBUG] {
  message: 'applyPostSQLFilters: product_failed_filters',
  productId: '203297160',
  productTitle: 'Olive Wrap Midaxi Dress',
  categoryKey: "Women's Dresses|Midaxi Dresses",
  failedFilters: [
    {
      filter: 'colors',
      queryValues: [Array],
      productValue: 'Medium Green'
    }
  ],
  allFilterResults: {
    colors: {
      matched: false,
      productValue: 'Medium Green',
      queryValues: [Array],
      intent: 'required'
    }
  }
}
[2026-01-22T12:34:48.641Z] [Velou:DEBUG] {
  message: 'applyPostSQLFilters: product_matched_all_filters',
  productId: '8036095361209',
  productTitle: 'Jake Satin Mini Dress for Women in Champagne',
  categoryKey: "Women's Dresses|",
  filterResults: {
    colors: {
      matched: true,
      productValue: 'Champagne, Light Beige, Soft Gold, Cream',
      queryValues: [Array],
      intent: 'required'
    }
  }
}
[2026-01-22T12:34:48.641Z] [Velou:DEBUG] {
  message: 'applyPostSQLFilters: product_failed_filters',
  productId: '8120573591737',
  productTitle: 'Selune Silk Lace-Trimmed Mini Dress for Women in Black',
  categoryKey: "Women's Dresses|",
  failedFilters: [
    {
      filter: 'colors',
      queryValues: [Array],
      productValue: 'Black, Jet Black, Deep Black'
    }
  ],
  allFilterResults: {
    colors: {
      matched: false,
      productValue: 'Black, Jet Black, Deep Black',
      queryValues: [Array],
      intent: 'required'
    }
  }
}
[2026-01-22T12:34:48.641Z] [Velou:DEBUG] {
  message: 'applyPostSQLFilters: product_matched_all_filters',
  productId: '8037569593529',
  productTitle: 'Maryanne Knit Mini Dress for Women in Sunset Pink',
  categoryKey: "Women's Dresses|",
  filterResults: {
    colors: {
      matched: true,
      productValue: 'Pink, Sunset Pink, Light Pink, Soft Pink',
      queryValues: [Array],
      intent: 'required'
    }
  }
}
[2026-01-22T12:34:48.641Z] [Velou:DEBUG] {
  message: 'applyPostSQLFilters: product_failed_filters',
  productId: '204034501',
  productTitle: 'Lilac Embellished Bardot Midaxi Dress',
  categoryKey: "Women's Dresses|Maxi Dresses",
  failedFilters: [
    {
      filter: 'colors',
      queryValues: [Array],
      productValue: 'Light Purple'
    }
  ],
  allFilterResults: {
    colors: {
      matched: false,
      productValue: 'Light Purple',
      queryValues: [Array],
      intent: 'required'
    }
  }
}
[2026-01-22T12:34:48.641Z] [Velou:DEBUG] {
  message: 'applyPostSQLFilters: product_matched_all_filters',
  productId: '8037569659065',
  productTitle: 'Rialto Heart Ruffle Maxi Dress for Women in Carnation Hearts',
  categoryKey: "Women's Dresses|",
  filterResults: {
    colors: {
      matched: true,
      productValue: 'Pink, Bright Pink, Carnation Pink',
      queryValues: [Array],
      intent: 'required'
    }
  }
}
[2026-01-22T12:34:48.642Z] [Velou:DEBUG] {
  message: 'applyPostSQLFilters: product_matched_all_filters',
  productId: '8038484869305',
  productTitle: 'Siona Cotton Floral Mini Dress for Women in Skylight Blue',
  categoryKey: "Women's Dresses|",
  filterResults: {
    colors: {
      matched: true,
      productValue: 'Sky Blue, Light Blue, Floral Pink, White',
      queryValues: [Array],
      intent: 'required'
    }
  }
}
[2026-01-22T12:34:48.642Z] [Velou:DEBUG] {
  message: 'applyPostSQLFilters: product_matched_all_filters',
  productId: '8038485262521',
  productTitle: 'Finta Sequin Mini Dress for Women in Golden Honey',
  categoryKey: "Women's Dresses|",
  filterResults: {
    colors: {
      matched: true,
      productValue: 'Gold, Golden, Honey, Pink, Light Pink, Blush',
      queryValues: [Array],
      intent: 'required'
    }
  }
}
[2026-01-22T12:34:48.642Z] [Velou:DEBUG] {
  message: 'applyPostSQLFilters: product_matched_all_filters',
  productId: '8047639494841',
  productTitle: 'Solbina Cotton Rose & Bow Mini Dress for Women in Aegean Blue',
  categoryKey: "Women's Dresses|",
  filterResults: {
    colors: {
      matched: true,
      productValue: 'White, Light Blue, Blue, Floral',
      queryValues: [Array],
      intent: 'required'
    }
  }
}
[2026-01-22T12:34:48.642Z] [Velou:DEBUG] {
  message: 'applyPostSQLFilters: product_matched_all_filters',
  productId: '8179603407033',
  productTitle: 'Gwen Luna Rosa Fleur Dress for Women in Apple Blossom',
  categoryKey: "Women's Dresses|",
  filterResults: {
    colors: {
      matched: true,
      productValue: 'Pink, Light Pink, Blush, Soft Pink',
      queryValues: [Array],
      intent: 'required'
    }
  }
}
[2026-01-22T12:34:48.642Z] [Velou:DEBUG] {
  message: 'applyPostSQLFilters: product_matched_all_filters',
  productId: '8061010575545',
  productTitle: 'Quintelle Cotton Mixed Print Mini Dress for Women in Taffy Twist',
  categoryKey: "Women's Dresses|",
  filterResults: {
    colors: {
      matched: true,
      productValue: 'Pink, Light Pink, Pastel Pink, Yellow, Light Yellow, Green, Mint Green',
      queryValues: [Array],
      intent: 'required'
    }
  }
}
[2026-01-22T12:34:48.642Z] [Velou:DEBUG] {
  message: 'applyPostSQLFilters: product_failed_filters',
  productId: '8061023453369',
  productTitle: 'Zima Cotton Lace Bow Mini Dress for Women in Black',
  categoryKey: "Women's Dresses|",
  failedFilters: [
    {
      filter: 'colors',
      queryValues: [Array],
      productValue: 'Black, Dark Black, Jet Black'
    }
  ],
  allFilterResults: {
    colors: {
      matched: false,
      productValue: 'Black, Dark Black, Jet Black',
      queryValues: [Array],
      intent: 'required'
    }
  }
}
[2026-01-22T12:34:48.642Z] [Velou:DEBUG] {
  message: 'applyPostSQLFilters: product_matched_all_filters',
  productId: '8179604881593',
  productTitle: 'Sibelle Silk Ribbon Mini Dress for Women in French Rose',
  categoryKey: "Women's Dresses|",
  filterResults: {
    colors: {
      matched: true,
      productValue: 'Pink, French Rose, Soft Pink, Blush',
      queryValues: [Array],
      intent: 'required'
    }
  }
}
[2026-01-22T12:34:48.642Z] [Velou:DEBUG] {
  message: 'applyPostSQLFilters: product_failed_filters',
  productId: '204136552',
  productTitle: 'Petite Burgundy Gold Buckle Midaxi Dress',
  categoryKey: "Women's Dresses|Midaxi Dresses",
  failedFilters: [
    {
      filter: 'colors',
      queryValues: [Array],
      productValue: 'Dark Red'
    }
  ],
  allFilterResults: {
    colors: {
      matched: false,
      productValue: 'Dark Red',
      queryValues: [Array],
      intent: 'required'
    }
  }
}
[2026-01-22T12:34:48.642Z] [Velou:DEBUG] {
  message: 'applyPostSQLFilters: product_matched_all_filters',
  productId: '8080215572665',
  productTitle: 'Sydow Liberty Fabric Mini Dress for Women in Felicite Blue Ribbon',
  categoryKey: "Women's Dresses|",
  filterResults: {
    colors: {
      matched: true,
      productValue: 'Blue, Light Blue, Pink, Lavender, Floral',
      queryValues: [Array],
      intent: 'required'
    }
  }
}
[2026-01-22T12:34:48.642Z] [Velou:DEBUG] {
  message: 'applyPostSQLFilters: product_matched_all_filters',
  productId: '204472355',
  productTitle: 'Stone One Shoulder Sash Detail Midaxi Dress',
  categoryKey: "Women's Dresses|Midaxi Dresses",
  filterResults: {
    colors: {
      matched: true,
      productValue: 'Beige',
      queryValues: [Array],
      intent: 'required'
    }
  }
}
[2026-01-22T12:34:48.642Z] [Velou:DEBUG] {
  message: 'applyPostSQLFilters: product_matched_all_filters',
  productId: '8084016234681',
  productTitle: 'Francilla Cotton Midi Dress for Women in Optic White',
  categoryKey: "Women's Dresses|",
  filterResults: {
    colors: {
      matched: true,
      productValue: 'White, Optic White, Bright White, Pure White',
      queryValues: [Array],
      intent: 'required'
    }
  }
}
[2026-01-22T12:34:48.642Z] [Velou:DEBUG] {
  message: 'applyPostSQLFilters: product_matched_all_filters',
  productId: '8084016267449',
  productTitle: 'Judalon Cotton Midi Dress for Women in Optic White',
  categoryKey: "Women's Dresses|",
  filterResults: {
    colors: {
      matched: true,
      productValue: 'White, Optic White, Pink, Light Pink',
      queryValues: [Array],
      intent: 'required'
    }
  }
}
[2026-01-22T12:34:48.642Z] [Velou:DEBUG] {
  message: 'applyPostSQLFilters: product_matched_all_filters',
  productId: '8084019183801',
  productTitle: 'Manuela Satin Polkadot Maxi Slip Dress for Women in Marigold',
  categoryKey: "Women's Dresses|",
  filterResults: {
    colors: {
      matched: true,
      productValue: 'Yellow, Light Yellow, Marigold, White',
      queryValues: [Array],
      intent: 'required'
    }
  }
}
[2026-01-22T12:34:48.642Z] [Velou:DEBUG] {
  message: 'applyPostSQLFilters: product_matched_all_filters',
  productId: '8084019282105',
  productTitle: 'Brynthe Silk-Blend Fruit Print Dress for Women in Tutti Fruitti',
  categoryKey: "Women's Dresses|",
  filterResults: {
    colors: {
      matched: true,
      productValue: 'Pink, Light Pink, Yellow, Green, Red, Floral',
      queryValues: [Array],
      intent: 'required'
    }
  }
}
[2026-01-22T12:34:48.642Z] [Velou:DEBUG] {
  message: 'applyPostSQLFilters: product_failed_filters',
  productId: '8084019478713',
  productTitle: 'Kataline Floral High-Low Dress for Women in Candy Fluff',
  categoryKey: "Women's Dresses|",
  failedFilters: [ { filter: 'colors', queryValues: [Array], productValue: null } ],
  allFilterResults: {
    colors: {
      matched: false,
      productValue: null,
      queryValues: [Array],
      intent: 'required'
    }
  }
}
[2026-01-22T12:34:48.642Z] [Velou:DEBUG] {
  message: 'applyPostSQLFilters: product_failed_filters',
  productId: '203411000',
  productTitle: 'Black Gold Buckle Midaxi Dress',
  categoryKey: "Women's Dresses|Midaxi Dresses",
  failedFilters: [
    {
      filter: 'colors',
      queryValues: [Array],
      productValue: 'Dark Black'
    }
  ],
  allFilterResults: {
    colors: {
      matched: false,
      productValue: 'Dark Black',
      queryValues: [Array],
      intent: 'required'
    }
  }
}
[2026-01-22T12:34:48.642Z] [Velou:DEBUG] {
  message: 'applyPostSQLFilters: product_failed_filters',
  productId: '203926551',
  productTitle: 'Red Mesh Bandeau Midaxi Dress',
  categoryKey: "Women's Dresses|Midaxi Dresses",
  failedFilters: [
    {
      filter: 'colors',
      queryValues: [Array],
      productValue: 'Bright Red'
    }
  ],
  allFilterResults: {
    colors: {
      matched: false,
      productValue: 'Bright Red',
      queryValues: [Array],
      intent: 'required'
    }
  }
}
[2026-01-22T12:34:48.642Z] [Velou:DEBUG] {
  message: 'applyPostSQLFilters: product_matched_all_filters',
  productId: '8095325487289',
  productTitle: 'Fellows Cotton Floral Ruffle Mini Dress for Women in Coastline Blue',
  categoryKey: "Women's Dresses|",
  filterResults: {
    colors: {
      matched: true,
      productValue: 'Light Blue, Blue, Lavender, Pink, Floral',
      queryValues: [Array],
      intent: 'required'
    }
  }
}
[2026-01-22T12:34:48.642Z] [Velou:DEBUG] {
  message: 'applyPostSQLFilters: product_matched_all_filters',
  productId: '202878025',
  productTitle: 'White Gingham Midaxi Dress',
  categoryKey: "Women's Dresses|Midaxi Dresses",
  filterResults: {
    colors: {
      matched: true,
      productValue: 'White, Black',
      queryValues: [Array],
      intent: 'required'
    }
  }
}
[2026-01-22T12:34:48.642Z] [Velou:DEBUG] {
  message: 'applyPostSQLFilters: product_matched_all_filters',
  productId: '8193111326905',
  productTitle: 'Seelie Lace Mini Dress for Women in Ivory',
  categoryKey: "Women's Dresses|",
  filterResults: {
    colors: {
      matched: true,
      productValue: 'Ivory, Cream, Off-White, Light Beige',
      queryValues: [Array],
      intent: 'required'
    }
  }
}
[2026-01-22T12:34:48.642Z] [Velou:DEBUG] {
  message: 'applyPostSQLFilters: product_matched_all_filters',
  productId: '8097708048569',
  productTitle: 'Brynnie Cotton Plaid Mini Dress for Women in Tide Pool',
  categoryKey: "Women's Dresses|",
  filterResults: {
    colors: {
      matched: true,
      productValue: 'Light Blue, Sky Blue, Soft Blue, White, Plaid',
      queryValues: [Array],
      intent: 'required'
    }
  }
}
[2026-01-22T12:34:48.642Z] [Velou:DEBUG] {
  message: 'applyPostSQLFilters: product_matched_all_filters',
  productId: '8193122402489',
  productTitle: 'Marlana Floral Silk Chiffon Maxi Dress for Women in Maple Blush',
  categoryKey: "Women's Dresses|",
  filterResults: {
    colors: {
      matched: true,
      productValue: 'Pink, Light Pink, Blush, Rose Pink',
      queryValues: [Array],
      intent: 'required'
    }
  }
}
[2026-01-22T12:34:48.642Z] [Velou:DEBUG] {
  message: 'applyPostSQLFilters: product_matched_all_filters',
  productId: '8105247178937',
  productTitle: 'Harrisine Cotton Pinstripe Mini Dress for Women in Sky Lagoon',
  categoryKey: "Women's Dresses|",
  filterResults: {
    colors: {
      matched: true,
      productValue: 'Light Blue, Sky Blue, Soft Blue, Pastel Blue',
      queryValues: [Array],
      intent: 'required'
    }
  }
}
[2026-01-22T12:34:48.642Z] [Velou:DEBUG] {
  message: 'applyPostSQLFilters: product_failed_filters',
  productId: '204216101',
  productTitle: 'Mocha Mesh Diamante Maxi Dress',
  categoryKey: "Women's Dresses|Midi Dresses",
  failedFilters: [ { filter: 'colors', queryValues: [Array], productValue: 'Brown' } ],
  allFilterResults: {
    colors: {
      matched: false,
      productValue: 'Brown',
      queryValues: [Array],
      intent: 'required'
    }
  }
}
[2026-01-22T12:34:48.642Z] [Velou:DEBUG] {
  message: 'applyPostSQLFilters: product_matched_all_filters',
  productId: '8105297903801',
  productTitle: 'Lucina Cotton Maxi Dress for Women in Optic White',
  categoryKey: "Women's Dresses|",
  filterResults: {
    colors: {
      matched: true,
      productValue: 'White, Bright White, Pure White, Optic White',
      queryValues: [Array],
      intent: 'required'
    }
  }
}
[2026-01-22T12:34:48.642Z] [Velou:DEBUG] {
  message: 'applyPostSQLFilters: product_matched_all_filters',
  productId: '8105308324025',
  productTitle: 'Lamont Crochet Shell Mini Dress for Women in Ecru',
  categoryKey: "Women's Dresses|",
  filterResults: {
    colors: {
      matched: true,
      productValue: 'White, Ecru, Cream, Off-White',
      queryValues: [Array],
      intent: 'required'
    }
  }
}
[2026-01-22T12:34:48.642Z] [Velou:DEBUG] {
  message: 'applyPostSQLFilters: product_matched_all_filters',
  productId: '8106591977657',
  productTitle: 'Trishelle Cotton Gingham Halter Dress for Women in Cupids Bow',
  categoryKey: "Women's Dresses|",
  filterResults: {
    colors: {
      matched: true,
      productValue: 'Red, Bright Red, White, Gingham',
      queryValues: [Array],
      intent: 'required'
    }
  }
}
[2026-01-22T12:34:48.642Z] [Velou:DEBUG] {
  message: 'applyPostSQLFilters: product_matched_all_filters',
  productId: '8106592207033',
  productTitle: 'Soira Cotton Cherry Mini Dress for Women in Optic White',
  categoryKey: "Women's Dresses|",
  filterResults: {
    colors: {
      matched: true,
      productValue: 'White, Bright White, Red, Cherry Red, Pink',
      queryValues: [Array],
      intent: 'required'
    }
  }
}
[2026-01-22T12:34:48.645Z] [Velou:DEBUG] {
  message: 'applyPostSQLFilters: product_failed_filters',
  productId: '204220550',
  productTitle: 'Dark Red Sash Detail Midaxi Dress',
  categoryKey: "Women's Dresses|Midaxi Dresses",
  failedFilters: [
    {
      filter: 'colors',
      queryValues: [Array],
      productValue: 'Dark Red'
    }
  ],
  allFilterResults: {
    colors: {
      matched: false,
      productValue: 'Dark Red',
      queryValues: [Array],
      intent: 'required'
    }
  }
}
[2026-01-22T12:34:48.645Z] [Velou:DEBUG] {
  message: 'applyPostSQLFilters: product_failed_filters',
  productId: '204230000',
  productTitle: 'Black Glitter Ruched Midi Dress',
  categoryKey: "Women's Dresses|Midi Dresses",
  failedFilters: [
    {
      filter: 'colors',
      queryValues: [Array],
      productValue: 'Dark Black'
    }
  ],
  allFilterResults: {
    colors: {
      matched: false,
      productValue: 'Dark Black',
      queryValues: [Array],
      intent: 'required'
    }
  }
}
[2026-01-22T12:34:48.645Z] [Velou:DEBUG] {
  message: 'applyPostSQLFilters: product_failed_filters',
  productId: '204270155',
  productTitle: 'Teal Ruched Cape Midaxi Dress',
  categoryKey: "Women's Dresses|Midaxi Dresses",
  failedFilters: [
    {
      filter: 'colors',
      queryValues: [Array],
      productValue: 'Medium Blue'
    }
  ],
  allFilterResults: {
    colors: {
      matched: false,
      productValue: 'Medium Blue',
      queryValues: [Array],
      intent: 'required'
    }
  }
}
[2026-01-22T12:34:48.645Z] [Velou:DEBUG] {
  message: 'applyPostSQLFilters: product_matched_all_filters',
  productId: '8120573329593',
  productTitle: 'Revoires Crochet Maxi Dress for Women in Optic White',
  categoryKey: "Women's Dresses|",
  filterResults: {
    colors: {
      matched: true,
      productValue: 'White, Optic White, Cream, Off-White',
      queryValues: [Array],
      intent: 'required'
    }
  }
}
[2026-01-22T12:34:48.645Z] [Velou:DEBUG] {
  message: 'applyPostSQLFilters: product_matched_all_filters',
  productId: '8157678895289',
  productTitle: 'Nivola Silk-Blend Mini Slip Dress for Women in Sienna Glow',
  categoryKey: "Women's Dresses|",
  filterResults: {
    colors: {
      matched: true,
      productValue: 'Pink, Light Pink, Blush, Soft Pink',
      queryValues: [Array],
      intent: 'required'
    }
  }
}
[2026-01-22T12:34:48.645Z] [Velou:DEBUG] {
  message: 'applyPostSQLFilters: product_matched_all_filters',
  productId: '8166174228665',
  productTitle: 'Gwen Summer Heirloom Print Mini Dress for Women in Pink Mint',
  categoryKey: "Women's Dresses|",
  filterResults: {
    colors: {
      matched: true,
      productValue: 'Pink, Light Pink, Mint, White',
      queryValues: [Array],
      intent: 'required'
    }
  }
}
[2026-01-22T12:34:48.645Z] [Velou:DEBUG] {
  message: 'applyPostSQLFilters: product_matched_all_filters',
  productId: '8166174523577',
  productTitle: 'Soira Summer Heirloom Print Mini Dress for Women in Berry Jam',
  categoryKey: "Women's Dresses|",
  filterResults: {
    colors: {
      matched: true,
      productValue: 'Pink, Light Pink, Berry, Floral',
      queryValues: [Array],
      intent: 'required'
    }
  }
}
[2026-01-22T12:34:48.645Z] [Velou:DEBUG] {
  message: 'applyPostSQLFilters: product_failed_filters',
  productId: '203581055',
  productTitle: 'Royal Blue Asymmetric Maxi Dress',
  categoryKey: "Women's Dresses|Maxi Dresses",
  failedFilters: [
    {
      filter: 'colors',
      queryValues: [Array],
      productValue: 'Bright Blue'
    }
  ],
  allFilterResults: {
    colors: {
      matched: false,
      productValue: 'Bright Blue',
      queryValues: [Array],
      intent: 'required'
    }
  }
}
[2026-01-22T12:34:48.645Z] [Velou:DEBUG] {
  message: 'applyPostSQLFilters: product_matched_all_filters',
  productId: '8179603177657',
  productTitle: 'Finny Cotton Luna Rosa Fleur Mini Dress for Women in Magnolia',
  categoryKey: "Women's Dresses|",
  filterResults: {
    colors: {
      matched: true,
      productValue: 'Cream, Light Beige, Pink, Floral',
      queryValues: [Array],
      intent: 'required'
    }
  }
}
[2026-01-22T12:34:48.645Z] [Velou:DEBUG] {
  message: 'applyPostSQLFilters: product_matched_all_filters',
  productId: '8179603800249',
  productTitle: 'Lilias Cotton Mini Dress for Women in Off White',
  categoryKey: "Women's Dresses|",
  filterResults: {
    colors: {
      matched: true,
      productValue: 'Off White, Cream, Ivory, Light Beige',
      queryValues: [Array],
      intent: 'required'
    }
  }
}
[2026-01-22T12:34:48.645Z] [Velou:DEBUG] {
  message: 'applyPostSQLFilters: product_failed_filters',
  productId: '8221222305977',
  productTitle: 'Stasia Sequin Winding Bow Midi Dress for Women in Black',
  categoryKey: "Women's Dresses|",
  failedFilters: [
    {
      filter: 'colors',
      queryValues: [Array],
      productValue: 'Black, Dark Black, Jet Black, Charcoal'
    }
  ],
  allFilterResults: {
    colors: {
      matched: false,
      productValue: 'Black, Dark Black, Jet Black, Charcoal',
      queryValues: [Array],
      intent: 'required'
    }
  }
}
[2026-01-22T12:34:48.645Z] [Velou:DEBUG] {
  message: 'applyPostSQLFilters: product_matched_all_filters',
  productId: '8221222600889',
  productTitle: 'Caletta Floral Embroidered Lace Mini Dress for Women in Ivory',
  categoryKey: "Women's Dresses|",
  filterResults: {
    colors: {
      matched: true,
      productValue: 'Ivory, Off-White, Cream, Light Beige',
      queryValues: [Array],
      intent: 'required'
    }
  }
}
[2026-01-22T12:34:48.645Z] [Velou:DEBUG] {
  message: 'applyPostSQLFilters: product_matched_all_filters',
  productId: '8179608584377',
  productTitle: 'Solina Denim Bow Mini Dress for Women in Bow Chambray',
  categoryKey: "Women's Dresses|",
  filterResults: {
    colors: {
      matched: true,
      productValue: 'Blue, Denim Blue, Light Blue',
      queryValues: [Array],
      intent: 'required'
    }
  }
}
[2026-01-22T12:34:48.645Z] [Velou:DEBUG] {
  message: 'applyPostSQLFilters: product_failed_filters',
  productId: '203229054',
  productTitle: 'Navy Collar Detail Ruched Midaxi Dress',
  categoryKey: "Women's Dresses|Midaxi Dresses",
  failedFilters: [
    {
      filter: 'colors',
      queryValues: [Array],
      productValue: 'Dark Navy'
    }
  ],
  allFilterResults: {
    colors: {
      matched: false,
      productValue: 'Dark Navy',
      queryValues: [Array],
      intent: 'required'
    }
  }
}
[2026-01-22T12:34:48.645Z] [Velou:DEBUG] {
  message: 'applyPostSQLFilters: product_failed_filters',
  productId: '201629161',
  productTitle: 'Sage Drop Sleeve Maxi Dress',
  categoryKey: "Women's Dresses|Maxi Dresses",
  failedFilters: [
    {
      filter: 'colors',
      queryValues: [Array],
      productValue: 'Light Green'
    }
  ],
  allFilterResults: {
    colors: {
      matched: false,
      productValue: 'Light Green',
      queryValues: [Array],
      intent: 'required'
    }
  }
}
[2026-01-22T12:34:48.645Z] [Velou:DEBUG] {
  message: 'applyPostSQLFilters: product_failed_filters',
  productId: '204521054',
  productTitle: 'Navy One Should Satin Maxi Dress',
  categoryKey: "Women's Dresses|Maxi Dresses",
  failedFilters: [
    {
      filter: 'colors',
      queryValues: [Array],
      productValue: 'Dark Navy'
    }
  ],
  allFilterResults: {
    colors: {
      matched: false,
      productValue: 'Dark Navy',
      queryValues: [Array],
      intent: 'required'
    }
  }
}
[2026-01-22T12:34:48.645Z] [Velou:DEBUG] {
  message: 'applyPostSQLFilters: product_failed_filters',
  productId: '8183660150969',
  productTitle: 'Sylvie Blue Floral Active Dress for Women in Cider Sky',
  categoryKey: "Women's Dresses|",
  failedFilters: [ { filter: 'colors', queryValues: [Array], productValue: null } ],
  allFilterResults: {
    colors: {
      matched: false,
      productValue: null,
      queryValues: [Array],
      intent: 'required'
    }
  }
}
[2026-01-22T12:34:48.645Z] [Velou:DEBUG] {
  message: 'applyPostSQLFilters: product_matched_all_filters',
  productId: '100042611',
  productTitle: 'Blue Abstract Print Mesh Midaxi Dress',
  categoryKey: "Women's Dresses|Midaxi Dresses",
  filterResults: {
    colors: {
      matched: true,
      productValue: 'Light Blue, Green, White',
      queryValues: [Array],
      intent: 'required'
    }
  }
}
[2026-01-22T12:34:48.645Z] [Velou:DEBUG] {
  message: 'applyPostSQLFilters: product_matched_all_filters',
  productId: '8183660380345',
  productTitle: 'Sylvie Floral Bow Print Active Dress for Women in Peony Sugar',
  categoryKey: "Women's Dresses|",
  filterResults: {
    colors: {
      matched: true,
      productValue: 'Pink, Light Pink, Peony, Blush',
      queryValues: [Array],
      intent: 'required'
    }
  }
}
[2026-01-22T12:34:48.645Z] [Velou:DEBUG] {
  message: 'applyPostSQLFilters: product_matched_all_filters',
  productId: '8193111195833',
  productTitle: 'Lyvienne Chiffon Lace Maxi Dress for Women in Ivory',
  categoryKey: "Women's Dresses|",
  filterResults: {
    colors: {
      matched: true,
      productValue: 'Ivory, Soft White, Light Beige, Blush Pink, Dusty Rose',
      queryValues: [Array],
      intent: 'required'
    }
  }
}
[2026-01-22T12:34:48.645Z] [Velou:DEBUG] {
  message: 'applyPostSQLFilters: product_failed_filters',
  productId: '8193121747129',
  productTitle: 'Rialto Sequin Maxi Dress for Women in Bordeaux',
  categoryKey: "Women's Dresses|",
  failedFilters: [
    {
      filter: 'colors',
      queryValues: [Array],
      productValue: 'Bordeaux, Wine, Deep Red, Burgundy'
    }
  ],
  allFilterResults: {
    colors: {
      matched: false,
      productValue: 'Bordeaux, Wine, Deep Red, Burgundy',
      queryValues: [Array],
      intent: 'required'
    }
  }
}
[2026-01-22T12:34:48.645Z] [Velou:DEBUG] {
  message: 'applyPostSQLFilters: product_failed_filters',
  productId: '200083000',
  productTitle: 'Black Mesh Polka Dot Bardot Midaxi Dress',
  categoryKey: "Women's Dresses|Midaxi Dresses",
  failedFilters: [
    {
      filter: 'colors',
      queryValues: [Array],
      productValue: 'Dark Black'
    }
  ],
  allFilterResults: {
    colors: {
      matched: false,
      productValue: 'Dark Black',
      queryValues: [Array],
      intent: 'required'
    }
  }
}
[2026-01-22T12:34:48.645Z] [Velou:DEBUG] {
  message: 'applyPostSQLFilters: product_failed_filters',
  productId: '203490552',
  productTitle: 'Burgundy Drop Waist Midaxi Dress',
  categoryKey: "Women's Dresses|Midaxi Dresses",
  failedFilters: [
    {
      filter: 'colors',
      queryValues: [Array],
      productValue: 'Dark Red'
    }
  ],
  allFilterResults: {
    colors: {
      matched: false,
      productValue: 'Dark Red',
      queryValues: [Array],
      intent: 'required'
    }
  }
}
[2026-01-22T12:34:48.645Z] [Velou:DEBUG] {
  message: 'applyPostSQLFilters: product_matched_all_filters',
  productId: '8203036524729',
  productTitle: 'Sandy Lace Maxi Dress for Women in Black',
  categoryKey: "Women's Dresses|",
  filterResults: {
    colors: {
      matched: true,
      productValue: 'Black, Dark Black, Soft Pink, Blush Pink',
      queryValues: [Array],
      intent: 'required'
    }
  }
}
[2026-01-22T12:34:48.646Z] [Velou:DEBUG] {
  message: 'applyPostSQLFilters: product_matched_all_filters',
  productId: '8203037049017',
  productTitle: 'Bernadine Pearl-Embellished Lace Mini Dress for Women in Antique Cream',
  categoryKey: "Women's Dresses|",
  filterResults: {
    colors: {
      matched: true,
      productValue: 'Antique Cream, Cream, Beige, Gold',
      queryValues: [Array],
      intent: 'required'
    }
  }
}
[2026-01-22T12:34:48.646Z] [Velou:DEBUG] {
  message: 'applyPostSQLFilters: product_matched_all_filters',
  productId: '8217306366137',
  productTitle: 'Teddi Lace-Trimmed Mini Dress for Women in Grey Melange',
  categoryKey: "Women's Dresses|",
  filterResults: {
    colors: {
      matched: true,
      productValue: 'Grey, Light Grey, Melange, White, Cream',
      queryValues: [Array],
      intent: 'required'
    }
  }
}
[2026-01-22T12:34:48.646Z] [Velou:DEBUG] {
  message: 'applyPostSQLFilters: product_matched_all_filters',
  productId: '8217312821433',
  productTitle: 'Galatea Metallic Silk Chiffon Maxi Dress for Women in Airy Blue',
  categoryKey: "Women's Dresses|",
  filterResults: {
    colors: {
      matched: true,
      productValue: 'Airy Blue, Light Blue, Soft Blue, Sky Blue',
      queryValues: [Array],
      intent: 'required'
    }
  }
}
[2026-01-22T12:34:48.646Z] [Velou:DEBUG] {
  message: 'applyPostSQLFilters: product_matched_all_filters',
  productId: '8217313214649',
  productTitle: 'Avena Satin Bow Detail Mini Dress for Women in Dusty Pink',
  categoryKey: "Women's Dresses|",
  filterResults: {
    colors: {
      matched: true,
      productValue: 'Dusty Pink, Soft Pink, Light Pink',
      queryValues: [Array],
      intent: 'required'
    }
  }
}
[2026-01-22T12:34:48.646Z] [Velou:DEBUG] {
  message: 'applyPostSQLFilters: product_matched_all_filters',
  productId: '8217313771705',
  productTitle: 'Sabeline Sequin Winding Bow Mini Dress for Women in Black',
  categoryKey: "Women's Dresses|",
  filterResults: {
    colors: {
      matched: true,
      productValue: 'Black, Pink, Bright Pink, Fuchsia',
      queryValues: [Array],
      intent: 'required'
    }
  }
}
[2026-01-22T12:34:48.646Z] [Velou:DEBUG] {
  message: 'applyPostSQLFilters: product_failed_filters',
  productId: '8244347109561',
  productTitle: 'Kathy Velvet Halter Mini Dress for Women in Black',
  categoryKey: "Women's Dresses|",
  failedFilters: [
    {
      filter: 'colors',
      queryValues: [Array],
      productValue: 'Black, Velvet Black, Deep Black'
    }
  ],
  allFilterResults: {
    colors: {
      matched: false,
      productValue: 'Black, Velvet Black, Deep Black',
      queryValues: [Array],
      intent: 'required'
    }
  }
}
[2026-01-22T12:34:48.646Z] [Velou:DEBUG] {
  message: 'applyPostSQLFilters: product_failed_filters',
  productId: '8221221978297',
  productTitle: 'Astra Silk Lace Maxi Dress for Women in Black',
  categoryKey: "Women's Dresses|",
  failedFilters: [
    {
      filter: 'colors',
      queryValues: [Array],
      productValue: 'Black, Dark Black, Jet Black'
    }
  ],
  allFilterResults: {
    colors: {
      matched: false,
      productValue: 'Black, Dark Black, Jet Black',
      queryValues: [Array],
      intent: 'required'
    }
  }
}
[2026-01-22T12:34:48.646Z] [Velou:DEBUG] {
  message: 'applyPostSQLFilters: product_failed_filters',
  productId: '201739156',
  productTitle: 'Bottle Green Bandeau Skater Dress',
  categoryKey: "Women's Dresses|",
  failedFilters: [
    {
      filter: 'colors',
      queryValues: [Array],
      productValue: 'Dark Green'
    }
  ],
  allFilterResults: {
    colors: {
      matched: false,
      productValue: 'Dark Green',
      queryValues: [Array],
      intent: 'required'
    }
  }
}
[2026-01-22T12:34:48.646Z] [Velou:DEBUG] {
  message: 'applyPostSQLFilters: product_failed_filters',
  productId: '201185156',
  productTitle: 'Bottle Green Sequin Midaxi Dress',
  categoryKey: "Women's Dresses|Midaxi Dresses",
  failedFilters: [
    {
      filter: 'colors',
      queryValues: [Array],
      productValue: 'Dark Green'
    }
  ],
  allFilterResults: {
    colors: {
      matched: false,
      productValue: 'Dark Green',
      queryValues: [Array],
      intent: 'required'
    }
  }
}
[2026-01-22T12:34:48.646Z] [Velou:DEBUG] {
  message: 'applyPostSQLFilters: product_matched_all_filters',
  productId: '100042209',
  productTitle: 'Blue Ditsy Print Chiffon Wrap Midi Dress',
  categoryKey: "Women's Dresses|Midi Dresses",
  filterResults: {
    colors: {
      matched: true,
      productValue: 'White, Black',
      queryValues: [Array],
      intent: 'required'
    }
  }
}
[2026-01-22T12:34:48.646Z] [Velou:DEBUG] {
  message: 'applyPostSQLFilters: product_failed_filters',
  productId: '203409055',
  productTitle: 'Royal Blue Gathered Side Midi Dress',
  categoryKey: "Women's Dresses|Midi Dresses",
  failedFilters: [
    {
      filter: 'colors',
      queryValues: [Array],
      productValue: 'Bright Blue'
    }
  ],
  allFilterResults: {
    colors: {
      matched: false,
      productValue: 'Bright Blue',
      queryValues: [Array],
      intent: 'required'
    }
  }
}
[2026-01-22T12:34:48.646Z] [Velou:DEBUG] {
  message: 'applyPostSQLFilters: product_matched_all_filters',
  productId: '8244347928761',
  productTitle: 'Eclipse Rhinestone Scallop Bandage Dress for Women in Ballet Slipper',
  categoryKey: "Women's Dresses|",
  filterResults: {
    colors: {
      matched: true,
      productValue: 'Pink, Light Pink, Blush, Soft Pink',
      queryValues: [Array],
      intent: 'required'
    }
  }
}
[2026-01-22T12:34:48.646Z] [Velou:DEBUG] {
  message: 'applyPostSQLFilters: product_matched_all_filters',
  productId: '8244348158137',
  productTitle: 'Kennedi Tartan Bow Mini Dress for Women in Cherry Jubilee',
  categoryKey: "Women's Dresses|",
  filterResults: {
    colors: {
      matched: true,
      productValue: 'Red, Cherry Red, Bright Red, Pink, Light Pink',
      queryValues: [Array],
      intent: 'required'
    }
  }
}
[2026-01-22T12:34:48.646Z] [Velou:DEBUG] {
  message: 'applyPostSQLFilters: product_matched_all_filters',
  productId: '8027253801145',
  productTitle: 'Rialto Re-Edition Floral Maxi Dress for Women in Windsor Rose Print Mix',
  categoryKey: "Women's Dresses|",
  filterResults: {
    colors: {
      matched: true,
      productValue: 'Pink, Light Pink, Blue, Light Blue, Floral',
      queryValues: [Array],
      intent: 'required'
    }
  }
}
[2026-01-22T12:34:48.646Z] [Velou:DEBUG] {
  message: 'applyPostSQLFilters: product_matched_all_filters',
  productId: '8051727302841',
  productTitle: 'Spirea Floral Chiffon Mini Dress for Women in Sunset Shore',
  categoryKey: "Women's Dresses|",
  filterResults: {
    colors: {
      matched: true,
      productValue: 'Pink, Light Pink, Pastel Pink, Blue, Light Blue, Green, Lavender',
      queryValues: [Array],
      intent: 'required'
    }
  }
}
[2026-01-22T12:34:48.646Z] [Velou:DEBUG] {
  message: 'applyPostSQLFilters: product_matched_all_filters',
  productId: '8271017279673',
  productTitle: 'Krista Lace-Trimmed Cotton Mini Dress for Women in Orchid Ice',
  categoryKey: "Women's Dresses|",
  filterResults: {
    colors: {
      matched: true,
      productValue: 'Pink, Light Pink, Orchid, Lavender, White',
      queryValues: [Array],
      intent: 'required'
    }
  }
}
[2026-01-22T12:34:48.646Z] [Velou:DEBUG] {
  message: 'applyPostSQLFilters: product_matched_all_filters',
  productId: '8084018725049',
  productTitle: 'Sydow Linen Cut-Out Mini Dress for Women in Summer Sky Blue',
  categoryKey: "Women's Dresses|",
  filterResults: {
    colors: {
      matched: true,
      productValue: 'Blue, Light Blue, Sky Blue, Soft Blue',
      queryValues: [Array],
      intent: 'required'
    }
  }
}
[2026-01-22T12:34:48.646Z] [Velou:DEBUG] {
  message: 'applyPostSQLFilters: product_matched_all_filters',
  productId: '204352460',
  productTitle: 'Pale Pink Asymmetric Cut Out Midaxi Dress',
  categoryKey: "Women's Dresses|Midaxi Dresses",
  filterResults: {
    colors: {
      matched: true,
      productValue: 'Light Pink',
      queryValues: [Array],
      intent: 'required'
    }
  }
}
[2026-01-22T12:34:48.646Z] [Velou:DEBUG] {
  message: 'applyPostSQLFilters: product_matched_all_filters',
  productId: '8084019118265',
  productTitle: 'Shai Linen Gingham Mini Dress for Women in Angel Pink',
  categoryKey: "Women's Dresses|",
  filterResults: {
    colors: {
      matched: true,
      productValue: 'Pink, Light Pink, Angel Pink, Pastel Pink',
      queryValues: [Array],
      intent: 'required'
    }
  }
}
[2026-01-22T12:34:48.646Z] [Velou:DEBUG] {
  message: 'applyPostSQLFilters: product_failed_filters',
  productId: '203768054',
  productTitle: 'Petite Navy Gold Buckle Midaxi Dress',
  categoryKey: "Women's Dresses|Midaxi Dresses",
  failedFilters: [
    {
      filter: 'colors',
      queryValues: [Array],
      productValue: 'Dark Navy'
    }
  ],
  allFilterResults: {
    colors: {
      matched: false,
      productValue: 'Dark Navy',
      queryValues: [Array],
      intent: 'required'
    }
  }
}
[2026-01-22T12:34:48.646Z] [Velou:DEBUG] {
  message: 'applyPostSQLFilters: product_failed_filters',
  productId: '8084019151033',
  productTitle: 'Clarine Linen Gingham Bow Dress for Women in Honeycomb',
  categoryKey: "Women's Dresses|",
  failedFilters: [
    {
      filter: 'colors',
      queryValues: [Array],
      productValue: 'Yellow, Light Yellow, Honey, Gingham'
    }
  ],
  allFilterResults: {
    colors: {
      matched: false,
      productValue: 'Yellow, Light Yellow, Honey, Gingham',
      queryValues: [Array],
      intent: 'required'
    }
  }
}
[2026-01-22T12:34:48.646Z] [Velou:DEBUG] {
  message: 'applyPostSQLFilters: product_matched_all_filters',
  productId: '8102006849721',
  productTitle: 'Perri Floral Scarf-Tie Maxi Dress for Women in Amarillo Sky',
  categoryKey: "Women's Dresses|",
  filterResults: {
    colors: {
      matched: true,
      productValue: 'Light Blue, Sky Blue, Pink, Floral',
      queryValues: [Array],
      intent: 'required'
    }
  }
}
[2026-01-22T12:34:48.646Z] [Velou:DEBUG] {
  message: 'applyPostSQLFilters: product_failed_filters',
  productId: '203802054',
  productTitle: 'Navy Knot Front Midaxi Dress',
  categoryKey: "Women's Dresses|Midaxi Dresses",
  failedFilters: [
    {
      filter: 'colors',
      queryValues: [Array],
      productValue: 'Dark Navy'
    }
  ],
  allFilterResults: {
    colors: {
      matched: false,
      productValue: 'Dark Navy',
      queryValues: [Array],
      intent: 'required'
    }
  }
}
[2026-01-22T12:34:48.646Z] [Velou:DEBUG] {
  message: 'applyPostSQLFilters: product_matched_all_filters',
  productId: '8106592174265',
  productTitle: 'Avine Polkadot Mini Dress for Women in Cherry Spritz',
  categoryKey: "Women's Dresses|",
  filterResults: {
    colors: {
      matched: true,
      productValue: 'White, Red, Bright Red, Cherry Red',
      queryValues: [Array],
      intent: 'required'
    }
  }
}
[2026-01-22T12:34:48.646Z] [Velou:DEBUG] {
  message: 'applyPostSQLFilters: product_matched_all_filters',
  productId: '8111107440825',
  productTitle: 'Lunella Printed Active Dress for Women in Pink Sprinkles',
  categoryKey: "Women's Dresses|",
  filterResults: {
    colors: {
      matched: true,
      productValue: 'Pink, Light Pink, Soft Pink, Blush',
      queryValues: [Array],
      intent: 'required'
    }
  }
}
[2026-01-22T12:34:48.646Z] [Velou:DEBUG] {
  message: 'applyPostSQLFilters: product_failed_filters',
  productId: '204405152',
  productTitle: 'Khaki Bandeau Ruched Midaxi Dress',
  categoryKey: "Women's Dresses|Midaxi Dresses",
  failedFilters: [
    {
      filter: 'colors',
      queryValues: [Array],
      productValue: 'Medium Green, Dark Green'
    }
  ],
  allFilterResults: {
    colors: {
      matched: false,
      productValue: 'Medium Green, Dark Green',
      queryValues: [Array],
      intent: 'required'
    }
  }
}
[2026-01-22T12:34:48.646Z] [Velou:DEBUG] {
  message: 'applyPostSQLFilters: product_failed_filters',
  productId: '201203156',
  productTitle: 'Bottle Green Glitter Mesh Midaxi Dress',
  categoryKey: "Women's Dresses|Midaxi Dresses",
  failedFilters: [
    {
      filter: 'colors',
      queryValues: [Array],
      productValue: 'Dark Green'
    }
  ],
  allFilterResults: {
    colors: {
      matched: false,
      productValue: 'Dark Green',
      queryValues: [Array],
      intent: 'required'
    }
  }
}
[2026-01-22T12:34:48.646Z] [Velou:DEBUG] {
  message: 'applyPostSQLFilters: product_matched_all_filters',
  productId: '8120573493433',
  productTitle: 'Lomina Pastel Ruffle Mini Dress for Women in Italian Ice',
  categoryKey: "Women's Dresses|",
  filterResults: {
    colors: {
      matched: true,
      productValue: 'Pastel Pink, Light Pink, Yellow, Light Blue, White',
      queryValues: [Array],
      intent: 'required'
    }
  }
}
[2026-01-22T12:34:48.646Z] [Velou:DEBUG] {
  message: 'applyPostSQLFilters: product_failed_filters',
  productId: '204902152',
  productTitle: 'Khaki Square Neck Mini Dress',
  categoryKey: "Women's Dresses|Mini Dresses",
  failedFilters: [
    {
      filter: 'colors',
      queryValues: [Array],
      productValue: 'Dark Green, Brown'
    }
  ],
  allFilterResults: {
    colors: {
      matched: false,
      productValue: 'Dark Green, Brown',
      queryValues: [Array],
      intent: 'required'
    }
  }
}
[2026-01-22T12:34:48.646Z] [Velou:DEBUG] {
  message: 'applyPostSQLFilters: product_failed_filters',
  productId: '203535551',
  productTitle: 'Red Asymmetric Midaxi Dress',
  categoryKey: "Women's Dresses|Midaxi Dresses",
  failedFilters: [
    {
      filter: 'colors',
      queryValues: [Array],
      productValue: 'Bright Red'
    }
  ],
  allFilterResults: {
    colors: {
      matched: false,
      productValue: 'Bright Red',
      queryValues: [Array],
      intent: 'required'
    }
  }
}
[2026-01-22T12:34:48.646Z] [Velou:DEBUG] {
  message: 'applyPostSQLFilters: product_matched_all_filters',
  productId: '8179604553913',
  productTitle: 'Cori Crepe Lace Bow Mini Dress for Women in Cream',
  categoryKey: "Women's Dresses|",
  filterResults: {
    colors: {
      matched: true,
      productValue: 'Cream, Beige, Off-White',
      queryValues: [Array],
      intent: 'required'
    }
  }
}
[2026-01-22T12:34:48.646Z] [Velou:DEBUG] {
  message: 'applyPostSQLFilters: product_matched_all_filters',
  productId: '8179608715449',
  productTitle: 'Mira Silk-Blend Floral Slip Dress for Women in Dusty Heather',
  categoryKey: "Women's Dresses|",
  filterResults: {
    colors: {
      matched: true,
      productValue: 'Dusty Heather, Light Pink, Cream, White',
      queryValues: [Array],
      intent: 'required'
    }
  }
}
[2026-01-22T12:34:48.646Z] [Velou:DEBUG] {
  message: 'applyPostSQLFilters: product_matched_all_filters',
  productId: '8179608846521',
  productTitle: 'Florencio Tweed Mini Dress for Women in Cream',
  categoryKey: "Women's Dresses|",
  filterResults: {
    colors: {
      matched: true,
      productValue: 'Cream, Off-White, Light Beige',
      queryValues: [Array],
      intent: 'required'
    }
  }
}
[2026-01-22T12:34:48.646Z] [Velou:DEBUG] {
  message: 'applyPostSQLFilters: product_failed_filters',
  productId: '8179609075897',
  productTitle: 'Evaluna Stretch Pointelle Mini Dress for Women in Eau De Nil',
  categoryKey: "Women's Dresses|",
  failedFilters: [ { filter: 'colors', queryValues: [Array], productValue: null } ],
  allFilterResults: {
    colors: {
      matched: false,
      productValue: null,
      queryValues: [Array],
      intent: 'required'
    }
  }
}
[2026-01-22T12:34:48.646Z] [Velou:DEBUG] {
  message: 'applyPostSQLFilters: product_failed_filters',
  productId: '201203054',
  productTitle: 'Navy Glitter Mesh Midaxi Dress',
  categoryKey: "Women's Dresses|Midaxi Dresses",
  failedFilters: [
    {
      filter: 'colors',
      queryValues: [Array],
      productValue: 'Dark Navy'
    }
  ],
  allFilterResults: {
    colors: {
      matched: false,
      productValue: 'Dark Navy',
      queryValues: [Array],
      intent: 'required'
    }
  }
}
[2026-01-22T12:34:48.646Z] [Velou:DEBUG] {
  message: 'applyPostSQLFilters: product_failed_filters',
  productId: '204243156',
  productTitle: 'Petite Bottle Green Mesh Midaxi Dress',
  categoryKey: "Women's Dresses|Midaxi Dresses",
  failedFilters: [
    {
      filter: 'colors',
      queryValues: [Array],
      productValue: 'Dark Green'
    }
  ],
  allFilterResults: {
    colors: {
      matched: false,
      productValue: 'Dark Green',
      queryValues: [Array],
      intent: 'required'
    }
  }
}
[2026-01-22T12:34:48.646Z] [Velou:DEBUG] {
  message: 'applyPostSQLFilters: product_failed_filters',
  productId: '201867000',
  productTitle: 'Black Bardot Long Sleeve Mini Dress',
  categoryKey: "Women's Dresses|Mini Dresses",
  failedFilters: [
    {
      filter: 'colors',
      queryValues: [Array],
      productValue: 'Dark Black'
    }
  ],
  allFilterResults: {
    colors: {
      matched: false,
      productValue: 'Dark Black',
      queryValues: [Array],
      intent: 'required'
    }
  }
}
[2026-01-22T12:34:48.646Z] [Velou:DEBUG] {
  message: 'applyPostSQLFilters: product_failed_filters',
  productId: '8193122107577',
  productTitle: 'Lavender Stretch Pointelle Mini Dress for Women in Black',
  categoryKey: "Women's Dresses|",
  failedFilters: [
    {
      filter: 'colors',
      queryValues: [Array],
      productValue: 'Black, Dark Black, Jet Black, Burgundy, Dark Red, Wine Red'
    }
  ],
  allFilterResults: {
    colors: {
      matched: false,
      productValue: 'Black, Dark Black, Jet Black, Burgundy, Dark Red, Wine Red',
      queryValues: [Array],
      intent: 'required'
    }
  }
}
[2026-01-22T12:34:48.646Z] [Velou:DEBUG] {
  message: 'applyPostSQLFilters: product_matched_all_filters',
  productId: '8213039874233',
  productTitle: 'Marinetta Polka Dot Lace-Trim Maxi Dress for Women in Pink Nude',
  categoryKey: "Women's Dresses|",
  filterResults: {
    colors: {
      matched: true,
      productValue: 'Pink, Light Pink, Blush, Nude',
      queryValues: [Array],
      intent: 'required'
    }
  }
}
[2026-01-22T12:34:48.647Z] [Velou:DEBUG] {
  message: 'applyPostSQLFilters: product_failed_filters',
  productId: '204220152',
  productTitle: 'Khaki Sash Detail Midaxi Dress',
  categoryKey: "Women's Dresses|Midaxi Dresses",
  failedFilters: [
    {
      filter: 'colors',
      queryValues: [Array],
      productValue: 'Medium Green, Dark Green'
    }
  ],
  allFilterResults: {
    colors: {
      matched: false,
      productValue: 'Medium Green, Dark Green',
      queryValues: [Array],
      intent: 'required'
    }
  }
}
[2026-01-22T12:34:48.647Z] [Velou:DEBUG] {
  message: 'applyPostSQLFilters: product_matched_all_filters',
  productId: '203837000',
  productTitle: 'Black Contrast Bardot Mini Dress',
  categoryKey: "Women's Dresses|Mini Dresses",
  filterResults: {
    colors: {
      matched: true,
      productValue: 'Black, White',
      queryValues: [Array],
      intent: 'required'
    }
  }
}
[2026-01-22T12:34:48.647Z] [Velou:DEBUG] {
  message: 'applyPostSQLFilters: product_failed_filters',
  productId: '8244342554809',
  productTitle: 'Circe Satin Lace Maxi Dress for Women in Black',
  categoryKey: "Women's Dresses|",
  failedFilters: [
    {
      filter: 'colors',
      queryValues: [Array],
      productValue: 'Black, Dark Black, Jet Black'
    }
  ],
  allFilterResults: {
    colors: {
      matched: false,
      productValue: 'Black, Dark Black, Jet Black',
      queryValues: [Array],
      intent: 'required'
    }
  }
}
[2026-01-22T12:34:48.647Z] [Velou:DEBUG] {
  message: 'applyPostSQLFilters: product_failed_filters',
  productId: '201124000',
  productTitle: 'Black Glitter Midaxi Dress',
  categoryKey: "Women's Dresses|Midi Dresses",
  failedFilters: [
    {
      filter: 'colors',
      queryValues: [Array],
      productValue: 'Dark Black'
    }
  ],
  allFilterResults: {
    colors: {
      matched: false,
      productValue: 'Dark Black',
      queryValues: [Array],
      intent: 'required'
    }
  }
}
[2026-01-22T12:34:48.647Z] [Velou:DEBUG] {
  message: 'applyPostSQLFilters: product_failed_filters',
  productId: '202089161',
  productTitle: 'Sage Diamante Bow Midi Dress',
  categoryKey: "Women's Dresses|Midi Dresses",
  failedFilters: [
    {
      filter: 'colors',
      queryValues: [Array],
      productValue: 'Light Green'
    }
  ],
  allFilterResults: {
    colors: {
      matched: false,
      productValue: 'Light Green',
      queryValues: [Array],
      intent: 'required'
    }
  }
}
[2026-01-22T12:34:48.647Z] [Velou:DEBUG] {
  message: 'applyPostSQLFilters: product_failed_filters',
  productId: '200769000',
  productTitle: 'Black Geometric Bardot Mini Dress',
  categoryKey: "Women's Dresses|Bodycon Dresses",
  failedFilters: [
    {
      filter: 'colors',
      queryValues: [Array],
      productValue: 'Black, Brown, Dark Brown'
    }
  ],
  allFilterResults: {
    colors: {
      matched: false,
      productValue: 'Black, Brown, Dark Brown',
      queryValues: [Array],
      intent: 'required'
    }
  }
}
[2026-01-22T12:34:48.647Z] [Velou:DEBUG] {
  message: 'applyPostSQLFilters: product_failed_filters',
  productId: '8244342816953',
  productTitle: 'Solbina Crystal Bow Cotton Mini Dress for Women in Black',
  categoryKey: "Women's Dresses|",
  failedFilters: [ { filter: 'colors', queryValues: [Array], productValue: 'Black' } ],
  allFilterResults: {
    colors: {
      matched: false,
      productValue: 'Black',
      queryValues: [Array],
      intent: 'required'
    }
  }
}
[2026-01-22T12:34:48.647Z] [Velou:DEBUG] {
  message: 'applyPostSQLFilters: product_failed_filters',
  productId: '201191000',
  productTitle: 'Black Velvet Diamante Mini Dress',
  categoryKey: "Women's Dresses|Bodycon Dresses",
  failedFilters: [
    {
      filter: 'colors',
      queryValues: [Array],
      productValue: 'Dark Black'
    }
  ],
  allFilterResults: {
    colors: {
      matched: false,
      productValue: 'Dark Black',
      queryValues: [Array],
      intent: 'required'
    }
  }
}
[2026-01-22T12:34:48.647Z] [Velou:DEBUG] {
  message: 'applyPostSQLFilters: product_failed_filters',
  productId: '201208150',
  productTitle: 'Green Sequin Cowl Mini Dress',
  categoryKey: "Women's Dresses|Mini Dresses",
  failedFilters: [
    {
      filter: 'colors',
      queryValues: [Array],
      productValue: 'Medium Green'
    }
  ],
  allFilterResults: {
    colors: {
      matched: false,
      productValue: 'Medium Green',
      queryValues: [Array],
      intent: 'required'
    }
  }
}
[2026-01-22T12:34:48.647Z] [Velou:DEBUG] {
  message: 'applyPostSQLFilters: product_failed_filters',
  productId: '8270956495033',
  productTitle: 'Rialto Crystal Star Embellished Maxi Dress for Women in Black',
  categoryKey: "Women's Dresses|",
  failedFilters: [
    {
      filter: 'colors',
      queryValues: [Array],
      productValue: 'Black, Dark Black, Jet Black, Silver, Metallic Silver'
    }
  ],
  allFilterResults: {
    colors: {
      matched: false,
      productValue: 'Black, Dark Black, Jet Black, Silver, Metallic Silver',
      queryValues: [Array],
      intent: 'required'
    }
  }
}
[2026-01-22T12:34:48.647Z] [Velou:DEBUG] {
  message: 'applyPostSQLFilters: product_matched_all_filters',
  productId: '8084018888889',
  productTitle: 'Sherina Cotton Smocked Mini Dress for Women in Pink Shimmer',
  categoryKey: "Women's Dresses|",
  filterResults: {
    colors: {
      matched: true,
      productValue: 'Pink, Light Pink, Blush, Soft Pink, Shimmer Pink',
      queryValues: [Array],
      intent: 'required'
    }
  }
}
[2026-01-22T12:34:48.647Z] [Velou:DEBUG] {
  message: 'applyPostSQLFilters: product_failed_filters',
  productId: '8217312854201',
  productTitle: 'Calise Satin Bow Detail Midi Dress for Women in Chocolate Brown',
  categoryKey: "Women's Dresses|",
  failedFilters: [
    {
      filter: 'colors',
      queryValues: [Array],
      productValue: 'Brown, Chocolate Brown, Dark Brown'
    }
  ],
  allFilterResults: {
    colors: {
      matched: false,
      productValue: 'Brown, Chocolate Brown, Dark Brown',
      queryValues: [Array],
      intent: 'required'
    }
  }
}
[2026-01-22T12:34:48.647Z] [Velou:DEBUG] {
  message: 'applyPostSQLFilters: product_failed_filters',
  productId: '100042503',
  productTitle: 'Sage Ribbed Bardot Mini Ruched Dress',
  categoryKey: "Women's Dresses|Mini Dresses",
  failedFilters: [
    {
      filter: 'colors',
      queryValues: [Array],
      productValue: 'Medium Green'
    }
  ],
  allFilterResults: {
    colors: {
      matched: false,
      productValue: 'Medium Green',
      queryValues: [Array],
      intent: 'required'
    }
  }
}
[2026-01-22T12:34:48.647Z] [Velou:DEBUG] {
  message: 'applyPostSQLFilters: product_failed_filters',
  productId: '8221222437049',
  productTitle: 'Salna Satin Mini Bubble Dress for Women in Black',
  categoryKey: "Women's Dresses|",
  failedFilters: [ { filter: 'colors', queryValues: [Array], productValue: null } ],
  allFilterResults: {
    colors: {
      matched: false,
      productValue: null,
      queryValues: [Array],
      intent: 'required'
    }
  }
}
[2026-01-22T12:34:48.647Z] [Velou:DEBUG] {
  message: 'applyPostSQLFilters: product_matched_all_filters',
  productId: '8084019740857',
  productTitle: 'Roylan Lace Mesh Maxi Dress for Women in White',
  categoryKey: "Women's Dresses|",
  filterResults: {
    colors: {
      matched: true,
      productValue: 'White, Off-White, Cream, Ivory',
      queryValues: [Array],
      intent: 'required'
    }
  }
}
[2026-01-22T12:34:48.647Z] [Velou:DEBUG] {
  message: 'applyPostSQLFilters: product_failed_filters',
  productId: '203595100',
  productTitle: 'Brown Drop Waist Maxi Dress',
  categoryKey: "Women's Dresses|Maxi Dresses",
  failedFilters: [
    {
      filter: 'colors',
      queryValues: [Array],
      productValue: 'Dark Brown'
    }
  ],
  allFilterResults: {
    colors: {
      matched: false,
      productValue: 'Dark Brown',
      queryValues: [Array],
      intent: 'required'
    }
  }
}
[2026-01-22T12:34:48.647Z] [Velou:DEBUG] {
  message: 'applyPostSQLFilters: product_matched_all_filters',
  productId: '8271025504441',
  productTitle: 'Adelaine Sequin Tweed Mini Dress for Women in Country Air',
  categoryKey: "Women's Dresses|",
  filterResults: {
    colors: {
      matched: true,
      productValue: 'Light Blue, Sky Blue, Soft Blue, White, Silver',
      queryValues: [Array],
      intent: 'required'
    }
  }
}
[2026-01-22T12:34:48.647Z] [Velou:DEBUG] {
  message: 'applyPostSQLFilters: product_failed_filters',
  productId: '203937000',
  productTitle: 'Black Embroidered Bandeau Midaxi Dress',
  categoryKey: "Women's Dresses|Midaxi Dresses",
  failedFilters: [
    {
      filter: 'colors',
      queryValues: [Array],
      productValue: 'Dark Black'
    }
  ],
  allFilterResults: {
    colors: {
      matched: false,
      productValue: 'Dark Black',
      queryValues: [Array],
      intent: 'required'
    }
  }
}
[2026-01-22T12:34:48.647Z] [Velou:DEBUG] {
  message: 'applyPostSQLFilters: product_failed_filters',
  productId: '8244346912953',
  productTitle: 'Liria Sequin Mini Dress for Women in Honey Shimmer',
  categoryKey: "Women's Dresses|",
  failedFilters: [
    {
      filter: 'colors',
      queryValues: [Array],
      productValue: 'Gold, Metallic Gold, Shimmering Gold, Honey'
    }
  ],
  allFilterResults: {
    colors: {
      matched: false,
      productValue: 'Gold, Metallic Gold, Shimmering Gold, Honey',
      queryValues: [Array],
      intent: 'required'
    }
  }
}
[2026-01-22T12:34:48.647Z] [Velou:DEBUG] {
  message: 'applyPostSQLFilters: product_failed_filters',
  productId: '200544100',
  productTitle: 'Brown Ruched Midi Dress',
  categoryKey: "Women's Dresses|Midi Dresses",
  failedFilters: [
    {
      filter: 'colors',
      queryValues: [Array],
      productValue: 'Dark Brown'
    }
  ],
  allFilterResults: {
    colors: {
      matched: false,
      productValue: 'Dark Brown',
      queryValues: [Array],
      intent: 'required'
    }
  }
}
[2026-01-22T12:34:48.647Z] [Velou:DEBUG] {
  message: 'applyPostSQLFilters: product_failed_filters',
  productId: '8271017574585',
  productTitle: 'Seychelle Ribbed Pointelle Mini Dress for Women in Icicle Blue',
  categoryKey: "Women's Dresses|",
  failedFilters: [
    {
      filter: 'colors',
      queryValues: [Array],
      productValue: 'Icicle Blue, Light Blue, Soft Blue, Pale Blue'
    }
  ],
  allFilterResults: {
    colors: {
      matched: false,
      productValue: 'Icicle Blue, Light Blue, Soft Blue, Pale Blue',
      queryValues: [Array],
      intent: 'required'
    }
  }
}
[2026-01-22T12:34:48.647Z] [Velou:DEBUG] {
  message: 'applyPostSQLFilters: product_matched_all_filters',
  productId: '8271020720313',
  productTitle: 'Alouetta Embellished Lace Mini Dress for Women in Ivory',
  categoryKey: "Women's Dresses|",
  filterResults: {
    colors: {
      matched: true,
      productValue: 'Ivory, White, Cream',
      queryValues: [Array],
      intent: 'required'
    }
  }
}
[2026-01-22T12:34:48.647Z] [Velou:DEBUG] {
  message: 'applyPostSQLFilters: product_failed_filters',
  productId: '200957156',
  productTitle: 'Bottle Green Sequin Bodycon Dress',
  categoryKey: "Women's Dresses|Bodycon Dresses",
  failedFilters: [
    {
      filter: 'colors',
      queryValues: [Array],
      productValue: 'Dark Green'
    }
  ],
  allFilterResults: {
    colors: {
      matched: false,
      productValue: 'Dark Green',
      queryValues: [Array],
      intent: 'required'
    }
  }
}
[2026-01-22T12:34:48.647Z] [Velou:DEBUG] {
  message: 'applyPostSQLFilters: product_matched_all_filters',
  productId: '203206460',
  productTitle: 'Pale Pink Tiered Midi Dress',
  categoryKey: "Women's Dresses|Midi Dresses",
  filterResults: {
    colors: {
      matched: true,
      productValue: 'Light Pink',
      queryValues: [Array],
      intent: 'required'
    }
  }
}
[2026-01-22T12:34:48.647Z] [Velou:DEBUG] {
  message: 'applyPostSQLFilters: product_failed_filters',
  productId: '8105247113401',
  productTitle: 'Olivine Linen Crochet Lace Mini Dress for Women in Optic White',
  categoryKey: "Women's Dresses|",
  failedFilters: [ { filter: 'colors', queryValues: [Array], productValue: null } ],
  allFilterResults: {
    colors: {
      matched: false,
      productValue: null,
      queryValues: [Array],
      intent: 'required'
    }
  }
}
[2026-01-22T12:34:48.647Z] [Velou:DEBUG] {
  message: 'applyPostSQLFilters: product_failed_filters',
  productId: '204407552',
  productTitle: 'Burgundy Lace Ruched Midaxi Dress',
  categoryKey: "Women's Dresses|Midaxi Dresses",
  failedFilters: [
    {
      filter: 'colors',
      queryValues: [Array],
      productValue: 'Dark Red'
    }
  ],
  allFilterResults: {
    colors: {
      matched: false,
      productValue: 'Dark Red',
      queryValues: [Array],
      intent: 'required'
    }
  }
}
[2026-01-22T12:34:48.647Z] [Velou:DEBUG] {
  message: 'applyPostSQLFilters: product_failed_filters',
  productId: '203628100',
  productTitle: 'Petite Brown Drop Waist Maxi Dress',
  categoryKey: "Women's Dresses|Maxi Dresses",
  failedFilters: [
    {
      filter: 'colors',
      queryValues: [Array],
      productValue: 'Dark Brown'
    }
  ],
  allFilterResults: {
    colors: {
      matched: false,
      productValue: 'Dark Brown',
      queryValues: [Array],
      intent: 'required'
    }
  }
}
[2026-01-22T12:34:48.647Z] [Velou:DEBUG] {
  message: 'applyPostSQLFilters: product_matched_all_filters',
  productId: '201853355',
  productTitle: 'Stone Double Layered Skater Dress',
  categoryKey: "Women's Dresses|Day Dresses",
  filterResults: {
    colors: {
      matched: true,
      productValue: 'Light Beige',
      queryValues: [Array],
      intent: 'required'
    }
  }
}
[2026-01-22T12:34:48.647Z] [Velou:DEBUG] {
  message: 'applyPostSQLFilters: product_matched_all_filters',
  productId: '8106592010425',
  productTitle: 'Bristelle Floral Maxi Slip Dress for Women in Ruby Fields',
  categoryKey: "Women's Dresses|",
  filterResults: {
    colors: {
      matched: true,
      productValue: 'White, Red, Pink, Green',
      queryValues: [Array],
      intent: 'required'
    }
  }
}
[2026-01-22T12:34:48.647Z] [Velou:DEBUG] {
  message: 'applyPostSQLFilters: product_matched_all_filters',
  productId: '204807057',
  productTitle: 'Blue Cowl Neck Ruched Midi Dress',
  categoryKey: "Women's Dresses|Midi Dresses",
  filterResults: {
    colors: {
      matched: true,
      productValue: 'Medium Blue',
      queryValues: [Array],
      intent: 'required'
    }
  }
}
[2026-01-22T12:34:48.647Z] [Velou:DEBUG] {
  message: 'applyPostSQLFilters: product_failed_filters',
  productId: '204180054',
  productTitle: 'Navy Square Neck Satin Midaxi Dress',
  categoryKey: "Women's Dresses|Midaxi Dresses",
  failedFilters: [
    {
      filter: 'colors',
      queryValues: [Array],
      productValue: 'Dark Navy'
    }
  ],
  allFilterResults: {
    colors: {
      matched: false,
      productValue: 'Dark Navy',
      queryValues: [Array],
      intent: 'required'
    }
  }
}
[2026-01-22T12:34:48.647Z] [Velou:DEBUG] {
  message: 'applyPostSQLFilters: product_failed_filters',
  productId: '203496552',
  productTitle: 'Burgundy Bubble Hem Mini Dress',
  categoryKey: "Women's Dresses|Midi Dresses",
  failedFilters: [
    {
      filter: 'colors',
      queryValues: [Array],
      productValue: 'Dark Red'
    }
  ],
  allFilterResults: {
    colors: {
      matched: false,
      productValue: 'Dark Red',
      queryValues: [Array],
      intent: 'required'
    }
  }
}
[2026-01-22T12:34:48.647Z] [Velou:DEBUG] {
  message: 'applyPostSQLFilters: product_failed_filters',
  productId: '203557554',
  productTitle: 'Plum Tie Shoulder Mini Dress',
  categoryKey: "Women's Dresses|Midi Dresses",
  failedFilters: [
    {
      filter: 'colors',
      queryValues: [Array],
      productValue: 'Dark Purple'
    }
  ],
  allFilterResults: {
    colors: {
      matched: false,
      productValue: 'Dark Purple',
      queryValues: [Array],
      intent: 'required'
    }
  }
}
[2026-01-22T12:34:48.647Z] [Velou:DEBUG] {
  message: 'applyPostSQLFilters: product_failed_filters',
  productId: '202329054',
  productTitle: 'Navy Knot Front Mini Dress',
  categoryKey: "Women's Dresses|Mini Dresses",
  failedFilters: [
    {
      filter: 'colors',
      queryValues: [Array],
      productValue: 'Dark Navy'
    }
  ],
  allFilterResults: {
    colors: {
      matched: false,
      productValue: 'Dark Navy',
      queryValues: [Array],
      intent: 'required'
    }
  }
}
[2026-01-22T12:34:48.647Z] [Velou:DEBUG] {
  message: 'applyPostSQLFilters: product_failed_filters',
  productId: '202551000',
  productTitle: 'Black Asymmetric Midi Dress',
  categoryKey: "Women's Dresses|Midi Dresses",
  failedFilters: [
    {
      filter: 'colors',
      queryValues: [Array],
      productValue: 'Dark Black'
    }
  ],
  allFilterResults: {
    colors: {
      matched: false,
      productValue: 'Dark Black',
      queryValues: [Array],
      intent: 'required'
    }
  }
}
[2026-01-22T12:34:48.647Z] [Velou:DEBUG] {
  message: 'applyPostSQLFilters: product_matched_all_filters',
  productId: '203952351',
  productTitle: 'Champagne Sequin Bow Detail Mini Dress',
  categoryKey: "Women's Dresses|Mini Dresses",
  filterResults: {
    colors: {
      matched: true,
      productValue: 'Light Beige, White',
      queryValues: [Array],
      intent: 'required'
    }
  }
}
[2026-01-22T12:34:48.647Z] [Velou:DEBUG] {
  message: 'applyPostSQLFilters: product_failed_filters',
  productId: '203971550',
  productTitle: 'Petite Burgundy Strapless Sequin Midaxi Dress',
  categoryKey: "Women's Dresses|Midaxi Dresses",
  failedFilters: [
    {
      filter: 'colors',
      queryValues: [Array],
      productValue: 'Dark Red'
    }
  ],
  allFilterResults: {
    colors: {
      matched: false,
      productValue: 'Dark Red',
      queryValues: [Array],
      intent: 'required'
    }
  }
}
[2026-01-22T12:34:48.647Z] [Velou:DEBUG] {
  message: 'applyPostSQLFilters: product_matched_all_filters',
  productId: '201993450',
  productTitle: 'Blush Floral Dip Hem Midi Dress',
  categoryKey: "Women's Dresses|Midi Dresses",
  filterResults: {
    colors: {
      matched: true,
      productValue: 'Light Pink, Pink, White',
      queryValues: [Array],
      intent: 'required'
    }
  }
}
[2026-01-22T12:34:48.647Z] [Velou:DEBUG] {
  message: 'applyPostSQLFilters: product_failed_filters',
  productId: '200872551',
  productTitle: 'Red Diamante Strap Midi Dress',
  categoryKey: "Women's Dresses|Midi Dresses",
  failedFilters: [
    {
      filter: 'colors',
      queryValues: [Array],
      productValue: 'Bright Red'
    }
  ],
  allFilterResults: {
    colors: {
      matched: false,
      productValue: 'Bright Red',
      queryValues: [Array],
      intent: 'required'
    }
  }
}
[2026-01-22T12:34:48.648Z] [Velou:DEBUG] {
  message: 'applyPostSQLFilters: product_failed_filters',
  productId: '200986055',
  productTitle: 'Royal Blue Sequin Maxi Dress',
  categoryKey: "Women's Dresses|Maxi Dresses",
  failedFilters: [
    {
      filter: 'colors',
      queryValues: [Array],
      productValue: 'Bright Blue'
    }
  ],
  allFilterResults: {
    colors: {
      matched: false,
      productValue: 'Bright Blue',
      queryValues: [Array],
      intent: 'required'
    }
  }
}
[2026-01-22T12:34:48.648Z] [Velou:DEBUG] {
  message: 'applyPostSQLFilters: product_failed_filters',
  productId: '204027156',
  productTitle: 'Bottle Green Asymmetric Drop Waist Midaxi Dress',
  categoryKey: "Women's Dresses|Midaxi Dresses",
  failedFilters: [
    {
      filter: 'colors',
      queryValues: [Array],
      productValue: 'Dark Green'
    }
  ],
  allFilterResults: {
    colors: {
      matched: false,
      productValue: 'Dark Green',
      queryValues: [Array],
      intent: 'required'
    }
  }
}
[2026-01-22T12:34:48.648Z] [Velou:DEBUG] {
  message: 'applyPostSQLFilters: product_matched_all_filters',
  productId: '204034460',
  productTitle: 'Pink Embellished Bardot Midaxi Dress',
  categoryKey: "Women's Dresses|Maxi Dresses",
  filterResults: {
    colors: {
      matched: true,
      productValue: 'Light Pink',
      queryValues: [Array],
      intent: 'required'
    }
  }
}
[2026-01-22T12:34:48.648Z] [Velou:DEBUG] {
  message: 'applyPostSQLFilters: product_failed_filters',
  productId: '202080156',
  productTitle: 'Bottle Green Embellished Chiffon Maxi Dress',
  categoryKey: "Women's Dresses|Midi Dresses",
  failedFilters: [
    {
      filter: 'colors',
      queryValues: [Array],
      productValue: 'Dark Green'
    }
  ],
  allFilterResults: {
    colors: {
      matched: false,
      productValue: 'Dark Green',
      queryValues: [Array],
      intent: 'required'
    }
  }
}
[2026-01-22T12:34:48.648Z] [Velou:DEBUG] {
  message: 'applyPostSQLFilters: product_failed_filters',
  productId: '204091152',
  productTitle: 'Khaki Halter Neck Mini Dress',
  categoryKey: "Women's Dresses|Bodycon Dresses",
  failedFilters: [
    {
      filter: 'colors',
      queryValues: [Array],
      productValue: 'Dark Green, Brown'
    }
  ],
  allFilterResults: {
    colors: {
      matched: false,
      productValue: 'Dark Green, Brown',
      queryValues: [Array],
      intent: 'required'
    }
  }
}
[2026-01-22T12:34:48.648Z] [Velou:DEBUG] {
  message: 'applyPostSQLFilters: product_failed_filters',
  productId: '204099054',
  productTitle: 'Navy One Shoulder Midaxi Dress',
  categoryKey: "Women's Dresses|Midaxi Dresses",
  failedFilters: [
    {
      filter: 'colors',
      queryValues: [Array],
      productValue: 'Dark Navy'
    }
  ],
  allFilterResults: {
    colors: {
      matched: false,
      productValue: 'Dark Navy',
      queryValues: [Array],
      intent: 'required'
    }
  }
}
[2026-01-22T12:34:48.648Z] [Velou:DEBUG] {
  message: 'applyPostSQLFilters: product_matched_all_filters',
  productId: '8178057937081',
  productTitle: 'PINK x LoveShackFancy Strapless Lace Mini Dress for Women in Charlamagne Harbor',
  categoryKey: "Women's Dresses|Mini Dresses",
  filterResults: {
    colors: {
      matched: true,
      productValue: 'Pink, Light Pink, Blush, Floral Pink, White',
      queryValues: [Array],
      intent: 'required'
    }
  }
}
[2026-01-22T12:34:48.648Z] [Velou:DEBUG] {
  message: 'applyPostSQLFilters: product_matched_all_filters',
  productId: '8203051008185',
  productTitle: 'Secret Crush Rialto Maxi Dress for Women in Chantilly Shimmer',
  categoryKey: "Women's Dresses|",
  filterResults: {
    colors: {
      matched: true,
      productValue: 'Pink, Light Pink, Blush, Cream, Gold',
      queryValues: [Array],
      intent: 'required'
    }
  }
}
[2026-01-22T12:34:48.648Z] [Velou:DEBUG] {
  message: 'applyPostSQLFilters: product_failed_filters',
  productId: '201274000',
  productTitle: 'Black Velvet One Shoulder Midaxi Dress',
  categoryKey: "Women's Dresses|Midaxi Dresses",
  failedFilters: [
    {
      filter: 'colors',
      queryValues: [Array],
      productValue: 'Dark Black'
    }
  ],
  allFilterResults: {
    colors: {
      matched: false,
      productValue: 'Dark Black',
      queryValues: [Array],
      intent: 'required'
    }
  }
}
[2026-01-22T12:34:48.648Z] [Velou:DEBUG] {
  message: 'applyPostSQLFilters: product_matched_all_filters',
  productId: '202785551',
  productTitle: 'Red Mesh Floral Mini Dress',
  categoryKey: "Women's Dresses|Mini Dresses",
  filterResults: {
    colors: {
      matched: true,
      productValue: 'Bright Red, Pink, Blue',
      queryValues: [Array],
      intent: 'required'
    }
  }
}
[2026-01-22T12:34:48.648Z] [Velou:DEBUG] {
  message: 'applyPostSQLFilters: product_failed_filters',
  productId: '202649054',
  productTitle: 'Navy Bow Back Midi Dress',
  categoryKey: "Women's Dresses|Midi Dresses",
  failedFilters: [
    {
      filter: 'colors',
      queryValues: [Array],
      productValue: 'Dark Navy'
    }
  ],
  allFilterResults: {
    colors: {
      matched: false,
      productValue: 'Dark Navy',
      queryValues: [Array],
      intent: 'required'
    }
  }
}
[2026-01-22T12:34:48.648Z] [Velou:DEBUG] {
  message: 'applyPostSQLFilters: product_failed_filters',
  productId: '203849054',
  productTitle: 'Navy Drop Sleeve Buckle Midaxi Dress',
  categoryKey: "Women's Dresses|Midaxi Dresses",
  failedFilters: [
    {
      filter: 'colors',
      queryValues: [Array],
      productValue: 'Dark Navy'
    }
  ],
  allFilterResults: {
    colors: {
      matched: false,
      productValue: 'Dark Navy',
      queryValues: [Array],
      intent: 'required'
    }
  }
}
[2026-01-22T12:34:48.648Z] [Velou:DEBUG] {
  message: 'applyPostSQLFilters: product_failed_filters',
  productId: '202196551',
  productTitle: 'Red Floral Trim Midaxi Dress',
  categoryKey: "Women's Dresses|Midaxi Dresses",
  failedFilters: [
    {
      filter: 'colors',
      queryValues: [Array],
      productValue: 'Bright Red'
    }
  ],
  allFilterResults: {
    colors: {
      matched: false,
      productValue: 'Bright Red',
      queryValues: [Array],
      intent: 'required'
    }
  }
}
[2026-01-22T12:34:48.648Z] [Velou:DEBUG] {
  message: 'applyPostSQLFilters: product_failed_filters',
  productId: '202163161',
  productTitle: 'Sage Tiered Mini Dress',
  categoryKey: "Women's Dresses|Mini Dresses",
  failedFilters: [
    {
      filter: 'colors',
      queryValues: [Array],
      productValue: 'Light Green'
    }
  ],
  allFilterResults: {
    colors: {
      matched: false,
      productValue: 'Light Green',
      queryValues: [Array],
      intent: 'required'
    }
  }
}
[2026-01-22T12:34:48.648Z] [Velou:DEBUG] {
  message: 'applyPostSQLFilters: product_matched_all_filters',
  productId: '202392054',
  productTitle: 'Navy Floral Tiered Midi Dress',
  categoryKey: "Women's Dresses|Midi Dresses",
  filterResults: {
    colors: {
      matched: true,
      productValue: 'Dark Blue, White',
      queryValues: [Array],
      intent: 'required'
    }
  }
}
[2026-01-22T12:34:48.648Z] [Velou:DEBUG] {
  message: 'applyPostSQLFilters: product_failed_filters',
  productId: '202838054',
  productTitle: 'Navy One Shoulder Peplum Dress',
  categoryKey: "Women's Dresses|Midi Dresses",
  failedFilters: [
    {
      filter: 'colors',
      queryValues: [Array],
      productValue: 'Dark Navy'
    }
  ],
  allFilterResults: {
    colors: {
      matched: false,
      productValue: 'Dark Navy',
      queryValues: [Array],
      intent: 'required'
    }
  }
}
[2026-01-22T12:34:48.648Z] [Velou:DEBUG] {
  message: 'applyPostSQLFilters: product_matched_all_filters',
  productId: '8178058035385',
  productTitle: 'PINK x LoveShackFancy Ruched Lace Mini Dress for Women in Pink Tulip',
  categoryKey: "Women's Dresses|Mini Dresses",
  filterResults: {
    colors: {
      matched: true,
      productValue: 'Pink, Light Pink, Blush, Soft Pink',
      queryValues: [Array],
      intent: 'required'
    }
  }
}
[2026-01-22T12:34:48.648Z] [Velou:DEBUG] {
  message: 'applyPostSQLFilters: product_matched_all_filters',
  productId: '202179025',
  productTitle: 'White Bow Back Skater Dress',
  categoryKey: "Women's Dresses|",
  filterResults: {
    colors: {
      matched: true,
      productValue: 'Light White',
      queryValues: [Array],
      intent: 'required'
    }
  }
}
[2026-01-22T12:34:48.648Z] [Velou:DEBUG] {
  message: 'applyPostSQLFilters: product_failed_filters',
  productId: '202866161',
  productTitle: 'Sage Wrap Front Mini Dress',
  categoryKey: "Women's Dresses|Mini Dresses",
  failedFilters: [
    {
      filter: 'colors',
      queryValues: [Array],
      productValue: 'Light Green'
    }
  ],
  allFilterResults: {
    colors: {
      matched: false,
      productValue: 'Light Green',
      queryValues: [Array],
      intent: 'required'
    }
  }
}
[2026-01-22T12:34:48.648Z] [Velou:DEBUG] {
  message: 'applyPostSQLFilters: product_failed_filters',
  productId: '204183000',
  productTitle: 'Black Velvet Corsage Midi Dress',
  categoryKey: "Women's Dresses|Midi Dresses",
  failedFilters: [
    {
      filter: 'colors',
      queryValues: [Array],
      productValue: 'Dark Black'
    }
  ],
  allFilterResults: {
    colors: {
      matched: false,
      productValue: 'Dark Black',
      queryValues: [Array],
      intent: 'required'
    }
  }
}
[2026-01-22T12:34:48.648Z] [Velou:DEBUG] {
  message: 'applyPostSQLFilters: product_matched_all_filters',
  productId: '204062351',
  productTitle: 'Champagne Glitter Midaxi Dress',
  categoryKey: "Women's Dresses|Midaxi Dresses",
  filterResults: {
    colors: {
      matched: true,
      productValue: 'Light Beige, White',
      queryValues: [Array],
      intent: 'required'
    }
  }
}
[2026-01-22T12:34:48.648Z] [Velou:DEBUG] {
  message: 'applyPostSQLFilters: product_failed_filters',
  productId: '204185000',
  productTitle: 'Black Pearl Strap Midaxi Dress',
  categoryKey: "Women's Dresses|Midi Dresses",
  failedFilters: [
    {
      filter: 'colors',
      queryValues: [Array],
      productValue: 'Dark Black'
    }
  ],
  allFilterResults: {
    colors: {
      matched: false,
      productValue: 'Dark Black',
      queryValues: [Array],
      intent: 'required'
    }
  }
}
[2026-01-22T12:34:48.648Z] [Velou:DEBUG] {
  message: 'applyPostSQLFilters: product_matched_all_filters',
  productId: '200008450',
  productTitle: 'Blush Pink Satin Wrap Maxi Dress',
  categoryKey: "Women's Dresses|Maxi Dresses",
  filterResults: {
    colors: {
      matched: true,
      productValue: 'Light Pink',
      queryValues: [Array],
      intent: 'required'
    }
  }
}
[2026-01-22T12:34:48.648Z] [Velou:DEBUG] {
  message: 'applyPostSQLFilters: product_failed_filters',
  productId: '203222152',
  productTitle: 'Khaki Dobby Tie Waist Midi Dress',
  categoryKey: "Women's Dresses|Midi Dresses",
  failedFilters: [
    {
      filter: 'colors',
      queryValues: [Array],
      productValue: 'Dark Green, Brown'
    }
  ],
  allFilterResults: {
    colors: {
      matched: false,
      productValue: 'Dark Green, Brown',
      queryValues: [Array],
      intent: 'required'
    }
  }
}
[2026-01-22T12:34:48.648Z] [Velou:DEBUG] {
  message: 'applyPostSQLFilters: product_failed_filters',
  productId: '204187054',
  productTitle: 'Navy Bardot Buckle Midi Dress',
  categoryKey: "Women's Dresses|Midi Dresses",
  failedFilters: [
    {
      filter: 'colors',
      queryValues: [Array],
      productValue: 'Dark Navy'
    }
  ],
  allFilterResults: {
    colors: {
      matched: false,
      productValue: 'Dark Navy',
      queryValues: [Array],
      intent: 'required'
    }
  }
}
[2026-01-22T12:34:48.648Z] [Velou:DEBUG] {
  message: 'applyPostSQLFilters: product_failed_filters',
  productId: '202312100',
  productTitle: 'Brown Ruched Off Shoulder Midi Dress',
  categoryKey: "Women's Dresses|Midi Dresses",
  failedFilters: [
    {
      filter: 'colors',
      queryValues: [Array],
      productValue: 'Dark Brown'
    }
  ],
  allFilterResults: {
    colors: {
      matched: false,
      productValue: 'Dark Brown',
      queryValues: [Array],
      intent: 'required'
    }
  }
}
[2026-01-22T12:34:48.648Z] [Velou:DEBUG] {
  message: 'applyPostSQLFilters: product_failed_filters',
  productId: '202312000',
  productTitle: 'Black Drop Shoulder Midi Dress',
  categoryKey: "Women's Dresses|Midi Dresses",
  failedFilters: [
    {
      filter: 'colors',
      queryValues: [Array],
      productValue: 'Dark Black'
    }
  ],
  allFilterResults: {
    colors: {
      matched: false,
      productValue: 'Dark Black',
      queryValues: [Array],
      intent: 'required'
    }
  }
}
[2026-01-22T12:34:48.648Z] [Velou:DEBUG] {
  message: 'applyPostSQLFilters: product_failed_filters',
  productId: '204194100',
  productTitle: 'Brown Diamante Mesh Mini Dress',
  categoryKey: "Women's Dresses|Bodycon Dresses",
  failedFilters: [
    {
      filter: 'colors',
      queryValues: [Array],
      productValue: 'Medium Brown'
    }
  ],
  allFilterResults: {
    colors: {
      matched: false,
      productValue: 'Medium Brown',
      queryValues: [Array],
      intent: 'required'
    }
  }
}
[2026-01-22T12:34:48.648Z] [Velou:DEBUG] {
  message: 'applyPostSQLFilters: product_failed_filters',
  productId: '203772100',
  productTitle: 'Petite Brown One Shoulder Ruched Dress',
  categoryKey: "Women's Dresses|Midaxi Dresses",
  failedFilters: [
    {
      filter: 'colors',
      queryValues: [Array],
      productValue: 'Medium Brown'
    }
  ],
  allFilterResults: {
    colors: {
      matched: false,
      productValue: 'Medium Brown',
      queryValues: [Array],
      intent: 'required'
    }
  }
}
[2026-01-22T12:34:48.648Z] [Velou:DEBUG] {
  message: 'applyPostSQLFilters: product_failed_filters',
  productId: '204167054',
  productTitle: 'Navy Velvet Chain Strap Maxi Dress',
  categoryKey: "Women's Dresses|Maxi Dresses",
  failedFilters: [
    {
      filter: 'colors',
      queryValues: [Array],
      productValue: 'Dark Navy'
    }
  ],
  allFilterResults: {
    colors: {
      matched: false,
      productValue: 'Dark Navy',
      queryValues: [Array],
      intent: 'required'
    }
  }
}
[2026-01-22T12:34:48.648Z] [Velou:DEBUG] {
  message: 'applyPostSQLFilters: product_failed_filters',
  productId: '202358054',
  productTitle: 'Navy Diamante Trim Maxi Dress',
  categoryKey: "Women's Dresses|Maxi Dresses",
  failedFilters: [
    {
      filter: 'colors',
      queryValues: [Array],
      productValue: 'Dark Navy'
    }
  ],
  allFilterResults: {
    colors: {
      matched: false,
      productValue: 'Dark Navy',
      queryValues: [Array],
      intent: 'required'
    }
  }
}
[2026-01-22T12:34:48.648Z] [Velou:DEBUG] {
  message: 'applyPostSQLFilters: product_failed_filters',
  productId: '201614000',
  productTitle: 'Black Strapless Bow Midaxi Dress',
  categoryKey: "Women's Dresses|Midi Dresses",
  failedFilters: [
    {
      filter: 'colors',
      queryValues: [Array],
      productValue: 'Dark Black'
    }
  ],
  allFilterResults: {
    colors: {
      matched: false,
      productValue: 'Dark Black',
      queryValues: [Array],
      intent: 'required'
    }
  }
}
[2026-01-22T12:34:48.648Z] [Velou:DEBUG] {
  message: 'applyPostSQLFilters: product_failed_filters',
  productId: '204271054',
  productTitle: 'Navy Bow Bardot Midi Dress',
  categoryKey: "Women's Dresses|Midi Dresses",
  failedFilters: [
    {
      filter: 'colors',
      queryValues: [Array],
      productValue: 'Dark Navy'
    }
  ],
  allFilterResults: {
    colors: {
      matched: false,
      productValue: 'Dark Navy',
      queryValues: [Array],
      intent: 'required'
    }
  }
}
[2026-01-22T12:34:48.648Z] [Velou:DEBUG] {
  message: 'applyPostSQLFilters: product_failed_filters',
  productId: '204275053',
  productTitle: 'Light Blue Rhinestone Ruched Mini Dress',
  categoryKey: "Women's Dresses|Bodycon Dresses",
  failedFilters: [
    {
      filter: 'colors',
      queryValues: [Array],
      productValue: 'Light Blue'
    }
  ],
  allFilterResults: {
    colors: {
      matched: false,
      productValue: 'Light Blue',
      queryValues: [Array],
      intent: 'required'
    }
  }
}
[2026-01-22T12:34:48.648Z] [Velou:DEBUG] {
  message: 'applyPostSQLFilters: product_failed_filters',
  productId: '202163352',
  productTitle: 'Cream Tiered Mini Dress',
  categoryKey: "Women's Dresses|Mini Dresses",
  failedFilters: [
    {
      filter: 'colors',
      queryValues: [Array],
      productValue: 'Light Cream'
    }
  ],
  allFilterResults: {
    colors: {
      matched: false,
      productValue: 'Light Cream',
      queryValues: [Array],
      intent: 'required'
    }
  }
}
[2026-01-22T12:34:48.648Z] [Velou:DEBUG] {
  message: 'applyPostSQLFilters: product_failed_filters',
  productId: '204335554',
  productTitle: 'Plum One Shoulder Draped Midaxi Dress',
  categoryKey: "Women's Dresses|Midaxi Dresses",
  failedFilters: [
    {
      filter: 'colors',
      queryValues: [Array],
      productValue: 'Dark Purple'
    }
  ],
  allFilterResults: {
    colors: {
      matched: false,
      productValue: 'Dark Purple',
      queryValues: [Array],
      intent: 'required'
    }
  }
}
[2026-01-22T12:34:48.649Z] [Velou:DEBUG] {
  message: 'applyPostSQLFilters: product_failed_filters',
  productId: '204030000',
  productTitle: 'Petite Black Satin Hem Midaxi Dress',
  categoryKey: "Women's Dresses|Midaxi Dresses",
  failedFilters: [
    {
      filter: 'colors',
      queryValues: [Array],
      productValue: 'Dark Black'
    }
  ],
  allFilterResults: {
    colors: {
      matched: false,
      productValue: 'Dark Black',
      queryValues: [Array],
      intent: 'required'
    }
  }
}
[2026-01-22T12:34:48.649Z] [Velou:DEBUG] {
  message: 'applyPostSQLFilters: product_failed_filters',
  productId: '204033156',
  productTitle: 'Bottle Green Asymmetric Mini Dress',
  categoryKey: "Women's Dresses|Bodycon Dresses",
  failedFilters: [
    {
      filter: 'colors',
      queryValues: [Array],
      productValue: 'Dark Green'
    }
  ],
  allFilterResults: {
    colors: {
      matched: false,
      productValue: 'Dark Green',
      queryValues: [Array],
      intent: 'required'
    }
  }
}
[2026-01-22T12:34:48.649Z] [Velou:DEBUG] {
  message: 'applyPostSQLFilters: product_failed_filters',
  productId: '204054100',
  productTitle: 'Brown Satin Ring Strap Midi Dress',
  categoryKey: "Women's Dresses|Midaxi Dresses",
  failedFilters: [
    {
      filter: 'colors',
      queryValues: [Array],
      productValue: 'Medium Brown'
    }
  ],
  allFilterResults: {
    colors: {
      matched: false,
      productValue: 'Medium Brown',
      queryValues: [Array],
      intent: 'required'
    }
  }
}
[2026-01-22T12:34:48.649Z] [Velou:DEBUG] {
  message: 'applyPostSQLFilters: product_failed_filters',
  productId: '201773053',
  productTitle: 'Light Blue Floral Skater Dress',
  categoryKey: "Women's Dresses|",
  failedFilters: [
    {
      filter: 'colors',
      queryValues: [Array],
      productValue: 'Light Blue, Purple, Dark Blue'
    }
  ],
  allFilterResults: {
    colors: {
      matched: false,
      productValue: 'Light Blue, Purple, Dark Blue',
      queryValues: [Array],
      intent: 'required'
    }
  }
}
[2026-01-22T12:34:48.649Z] [Velou:DEBUG] {
  message: 'applyPostSQLFilters: product_failed_filters',
  productId: '204065000',
  productTitle: 'Black Ribbed Long Sleeve Midaxi Dress',
  categoryKey: "Women's Dresses|Midi Dresses",
  failedFilters: [
    {
      filter: 'colors',
      queryValues: [Array],
      productValue: 'Dark Black'
    }
  ],
  allFilterResults: {
    colors: {
      matched: false,
      productValue: 'Dark Black',
      queryValues: [Array],
      intent: 'required'
    }
  }
}
[2026-01-22T12:34:48.649Z] [Velou:DEBUG] {
  message: 'applyPostSQLFilters: product_failed_filters',
  productId: '204066000',
  productTitle: 'Black Cap Sleeve Midaxi Dress',
  categoryKey: "Women's Dresses|Midi Dresses",
  failedFilters: [
    {
      filter: 'colors',
      queryValues: [Array],
      productValue: 'Dark Black'
    }
  ],
  allFilterResults: {
    colors: {
      matched: false,
      productValue: 'Dark Black',
      queryValues: [Array],
      intent: 'required'
    }
  }
}
[2026-01-22T12:34:48.649Z] [Velou:DEBUG] {
  message: 'applyPostSQLFilters: product_failed_filters',
  productId: '204413552',
  productTitle: 'Burgundy Mesh One Shoulder Midaxi Dress',
  categoryKey: "Women's Dresses|Midaxi Dresses",
  failedFilters: [
    {
      filter: 'colors',
      queryValues: [Array],
      productValue: 'Dark Red'
    }
  ],
  allFilterResults: {
    colors: {
      matched: false,
      productValue: 'Dark Red',
      queryValues: [Array],
      intent: 'required'
    }
  }
}
[2026-01-22T12:34:48.649Z] [Velou:DEBUG] {
  message: 'applyPostSQLFilters: product_failed_filters',
  productId: '204090160',
  productTitle: 'Olive Satin Bow Shoulder Midaxi Dress',
  categoryKey: "Women's Dresses|Maxi Dresses",
  failedFilters: [
    {
      filter: 'colors',
      queryValues: [Array],
      productValue: 'Medium Green'
    }
  ],
  allFilterResults: {
    colors: {
      matched: false,
      productValue: 'Medium Green',
      queryValues: [Array],
      intent: 'required'
    }
  }
}
[2026-01-22T12:34:48.649Z] [Velou:DEBUG] {
  message: 'applyPostSQLFilters: product_failed_filters',
  productId: '202196054',
  productTitle: 'Navy Floral Trim Midaxi Dress',
  categoryKey: "Women's Dresses|Midaxi Dresses",
  failedFilters: [
    {
      filter: 'colors',
      queryValues: [Array],
      productValue: 'Dark Navy'
    }
  ],
  allFilterResults: {
    colors: {
      matched: false,
      productValue: 'Dark Navy',
      queryValues: [Array],
      intent: 'required'
    }
  }
}
[2026-01-22T12:34:48.649Z] [Velou:DEBUG] {
  message: 'applyPostSQLFilters: product_matched_all_filters',
  productId: '202394054',
  productTitle: 'Navy Floral Print Skater Dress',
  categoryKey: "Women's Dresses|Midi Dresses",
  filterResults: {
    colors: {
      matched: true,
      productValue: 'Dark Blue, White',
      queryValues: [Array],
      intent: 'required'
    }
  }
}
[2026-01-22T12:34:48.649Z] [Velou:DEBUG] {
  message: 'applyPostSQLFilters: product_failed_filters',
  productId: '204494150',
  productTitle: 'Teal Satin Ruched Midaxi Dress',
  categoryKey: "Women's Dresses|Midaxi Dresses",
  failedFilters: [
    {
      filter: 'colors',
      queryValues: [Array],
      productValue: 'Medium Green'
    }
  ],
  allFilterResults: {
    colors: {
      matched: false,
      productValue: 'Medium Green',
      queryValues: [Array],
      intent: 'required'
    }
  }
}
[2026-01-22T12:34:48.649Z] [Velou:DEBUG] {
  message: 'applyPostSQLFilters: product_failed_filters',
  productId: '204153550',
  productTitle: 'Burgundy Velvet Sash Detail Midaxi Dress',
  categoryKey: "Women's Dresses|Midaxi Dresses",
  failedFilters: [
    {
      filter: 'colors',
      queryValues: [Array],
      productValue: 'Dark Red'
    }
  ],
  allFilterResults: {
    colors: {
      matched: false,
      productValue: 'Dark Red',
      queryValues: [Array],
      intent: 'required'
    }
  }
}
[2026-01-22T12:34:48.649Z] [Velou:DEBUG] {
  message: 'applyPostSQLFilters: product_failed_filters',
  productId: '202741602',
  productTitle: 'Yellow Floral Tiered Skater Dress',
  categoryKey: "Women's Dresses|Skater Dresses",
  failedFilters: [
    {
      filter: 'colors',
      queryValues: [Array],
      productValue: 'Light Yellow'
    }
  ],
  allFilterResults: {
    colors: {
      matched: false,
      productValue: 'Light Yellow',
      queryValues: [Array],
      intent: 'required'
    }
  }
}
[2026-01-22T12:34:48.649Z] [Velou:DEBUG] {
  message: 'applyPostSQLFilters: product_failed_filters',
  productId: '204563054',
  productTitle: 'Navy Floral Detail Maxi Dress',
  categoryKey: "Women's Dresses|Maxi Dresses",
  failedFilters: [
    {
      filter: 'colors',
      queryValues: [Array],
      productValue: 'Dark Navy'
    }
  ],
  allFilterResults: {
    colors: {
      matched: false,
      productValue: 'Dark Navy',
      queryValues: [Array],
      intent: 'required'
    }
  }
}
[2026-01-22T12:34:48.649Z] [Velou:DEBUG] {
  message: 'applyPostSQLFilters: product_failed_filters',
  productId: '204614054',
  productTitle: 'Petite Navy Flower Bandeau Skater Dress',
  categoryKey: "Women's Dresses|Short Dresses",
  failedFilters: [
    {
      filter: 'colors',
      queryValues: [Array],
      productValue: 'Dark Navy'
    }
  ],
  allFilterResults: {
    colors: {
      matched: false,
      productValue: 'Dark Navy',
      queryValues: [Array],
      intent: 'required'
    }
  }
}
[2026-01-22T12:34:48.649Z] [Velou:DEBUG] {
  message: 'applyPostSQLFilters: product_failed_filters',
  productId: '204617054',
  productTitle: 'Petite Navy Applique Asymmetric Midaxi Dress',
  categoryKey: "Women's Dresses|Midaxi Dresses",
  failedFilters: [
    {
      filter: 'colors',
      queryValues: [Array],
      productValue: 'Dark Navy'
    }
  ],
  allFilterResults: {
    colors: {
      matched: false,
      productValue: 'Dark Navy',
      queryValues: [Array],
      intent: 'required'
    }
  }
}
[2026-01-22T12:34:48.649Z] [Velou:DEBUG] {
  message: 'applyPostSQLFilters: product_matched_all_filters',
  productId: '202489025',
  productTitle: 'White Embroidered Mini Skater Dress',
  categoryKey: "Women's Dresses|Mini Dresses",
  filterResults: {
    colors: {
      matched: true,
      productValue: 'Light White',
      queryValues: [Array],
      intent: 'required'
    }
  }
}
[2026-01-22T12:34:48.649Z] [Velou:DEBUG] {
  message: 'applyPostSQLFilters: product_failed_filters',
  productId: '202548156',
  productTitle: 'Bottle Green Bardot Wrap Maxi Dress',
  categoryKey: "Women's Dresses|Maxi Dresses",
  failedFilters: [
    {
      filter: 'colors',
      queryValues: [Array],
      productValue: 'Dark Green'
    }
  ],
  allFilterResults: {
    colors: {
      matched: false,
      productValue: 'Dark Green',
      queryValues: [Array],
      intent: 'required'
    }
  }
}
[2026-01-22T12:34:48.649Z] [Velou:DEBUG] {
  message: 'applyPostSQLFilters: product_failed_filters',
  productId: '202551054',
  productTitle: 'Navy Asymmetric Midi Dress',
  categoryKey: "Women's Dresses|Midi Dresses",
  failedFilters: [
    {
      filter: 'colors',
      queryValues: [Array],
      productValue: 'Dark Navy'
    }
  ],
  allFilterResults: {
    colors: {
      matched: false,
      productValue: 'Dark Navy',
      queryValues: [Array],
      intent: 'required'
    }
  }
}
[2026-01-22T12:34:48.649Z] [Velou:DEBUG] {
  message: 'applyPostSQLFilters: product_failed_filters',
  productId: '204171160',
  productTitle: 'Olive Satin Corset Midaxi Dress',
  categoryKey: "Women's Dresses|Midaxi Dresses",
  failedFilters: [
    {
      filter: 'colors',
      queryValues: [Array],
      productValue: 'Medium Green'
    }
  ],
  allFilterResults: {
    colors: {
      matched: false,
      productValue: 'Medium Green',
      queryValues: [Array],
      intent: 'required'
    }
  }
}
[2026-01-22T12:34:48.649Z] [Velou:DEBUG] {
  message: 'applyPostSQLFilters: product_failed_filters',
  productId: '204186000',
  productTitle: 'Black Corsage Dip Hem Midi Dress',
  categoryKey: "Women's Dresses|Dip Hem Dresses",
  failedFilters: [
    {
      filter: 'colors',
      queryValues: [Array],
      productValue: 'Dark Black'
    }
  ],
  allFilterResults: {
    colors: {
      matched: false,
      productValue: 'Dark Black',
      queryValues: [Array],
      intent: 'required'
    }
  }
}
[2026-01-22T12:34:48.649Z] [Velou:DEBUG] {
  message: 'applyPostSQLFilters: product_failed_filters',
  productId: '204202000',
  productTitle: 'Black Strapless Satin Skirt Midaxi Dress',
  categoryKey: "Women's Dresses|Midaxi Dresses",
  failedFilters: [
    {
      filter: 'colors',
      queryValues: [Array],
      productValue: 'Dark Black'
    }
  ],
  allFilterResults: {
    colors: {
      matched: false,
      productValue: 'Dark Black',
      queryValues: [Array],
      intent: 'required'
    }
  }
}
[2026-01-22T12:34:48.649Z] [Velou:DEBUG] {
  message: 'applyPostSQLFilters: product_failed_filters',
  productId: '204201000',
  productTitle: 'Black Mesh Bow Trail Midaxi Dress',
  categoryKey: "Women's Dresses|Midi Dresses",
  failedFilters: [
    {
      filter: 'colors',
      queryValues: [Array],
      productValue: 'Dark Black'
    }
  ],
  allFilterResults: {
    colors: {
      matched: false,
      productValue: 'Dark Black',
      queryValues: [Array],
      intent: 'required'
    }
  }
}
[2026-01-22T12:34:48.649Z] [Velou:INFO] {
  message: 'applyPostSQLFilters: completed',
  originalCount: 331,
  filteredCount: 155,
  reductionPercentage: '53.17%',
  filtersApplied: {
    colors: 8,
    colorValues: [
      'White', 'Beige',
      'Blush', 'Pink',
      'Peach', 'Lemon',
      'Mint',  'Sky Blue'
    ],
    colorIntent: 'required',
    lengths: 0,
    lengthValues: undefined,
    lengthIntent: null,
    sleeves: 0,
    sleeveValues: undefined,
    sleeveIntent: null,
    necklines: 0,
    necklineValues: undefined,
    necklineIntent: null,
    formalityLevels: 0,
    formalityLevelValues: undefined,
    formalityLevelIntent: null,
    colorShades: 0,
    colorShadeValues: undefined,
    colorShadeIntent: null
  },
  intentBasedFiltering: { hardFiltered: [ 'colors' ], softRankingOnly: [] },
  sampleFilteredIds: [
    '200544355',
    '7950165573817',
    '100042570',
    '8095325716665',
    '202633460',
    '202551057',
    '8095325651129',
    '8095325454521',
    '4369834901527',
    'shopify_US_8203037900985'
  ]
}
[2026-01-22T12:34:48.650Z] [Velou:INFO] {
  message: 'fashion_semantic_search: post_sql_filtering_stage2_complete',
  query: 'do you have any aline dresses?',
  originalCount: 331,
  postFilteredCount: 155,
  reductionPercentage: '53.17%',
  dictionaryCount: 17,
  filtersApplied: {
    colors: 8,
    colorValues: [
      'White', 'Beige',
      'Blush', 'Pink',
      'Peach', 'Lemon',
      'Mint',  'Sky Blue'
    ],
    lengths: 0,
    lengthValues: undefined,
    sleeves: 0,
    sleeveValues: undefined,
    necklines: 0,
    necklineValues: undefined,
    formalityLevels: 0,
    formalityLevelValues: undefined,
    colorShades: 0,
    colorShadeValues: undefined
  },
  note: 'Stage 2: Dictionaries built and products filtered in single pass'
}
[2026-01-22T12:34:48.651Z] [Velou:DEBUG] {
  message: 'searchVectorIndexWithDeduplication: style_filter_applied',
  styles: [ 'A-Line' ],
  styleCount: 1,
  note: 'Style filter is applied as hard SQL filter - products must match specified style(s)'
}
[2026-01-22T12:34:48.651Z] [Velou:DEBUG] {
  message: 'searchVectorIndexWithDeduplication: constraint_filters_combined',
  constraintCount: 1,
  note: 'All constraint filters (Pattern, Occasion, Season, etc.) combined with OR'
}
[2026-01-22T12:34:48.651Z] [Velou:INFO] {
  message: 'searchVectorIndexWithDeduplication: using pre-deduplicated product IDs',
  productIdsCount: 155,
  limit: 150,
  filters: {
    inStockOnly: true,
    merchantId: 'default-merchant-db0515e3-9e87-42d5-8a55-bc7559ffab0b'
  }
}
[2026-01-22T12:34:48.651Z] [Velou:DEBUG] {
  message: 'searchVectorIndexWithDeduplication: executing query',
  limit: 150,
  preDedupLimit: undefined,
  filters: {
    inStockOnly: true,
    merchantId: 'default-merchant-db0515e3-9e87-42d5-8a55-bc7559ffab0b',
    categories: undefined,
    genders: [ 'female' ],
    ageGroups: [ 'Adult' ],
    priceMinCents: undefined,
    priceMaxCents: undefined,
    colors: undefined,
    excludedColors: undefined,
    lengths: undefined,
    patterns: undefined,
    materials: undefined,
    occasions: undefined,
    sleeves: undefined,
    necklines: undefined,
    sizes: undefined,
    fits: undefined,
    styles: [ 'A-Line' ],
    collections: undefined,
    seasons: undefined,
    rises: undefined,
    embellishments: undefined,
    formalityLevel: undefined,
    colorShade: undefined,
    colorUndertone: undefined,
    seasonalPalette: undefined
  },
  hasPriceFilter: false,
  priceMinCents: undefined,
  priceMaxCents: undefined,
  paramCount: 6,
  hasPreDeduplicatedIds: true,
  productIdsCount: 155,
  categoryFilter: undefined,
  categoryCount: 0,
  hasCategoryFilter: false,
  whereClause: `p.embedding IS NOT NULL AND p."isActive" = true AND p."merchantId" = $2 AND p."stockStatus" = 'in_stock' AND ((((\n` +
    '          -- Check database column (primary source)\n' +
    `          LOWER(COALESCE(p."ageGroup", '')) = LOWER($3) \n` +
    `          OR LOWER(COALESCE(p."ageGroup", '')) LIKE LOWER($4)\n` +
    '          OR\n' +
    '          -- Check JSONB attributes (fallback for legacy data)\n' +
    "          LOWER(COALESCE(p.attributes->>'ageGroup', '')) = LOWER($3) \n" +
    "          OR LOWER(COALESCE(p.attributes->>'ageGroup', '')) LIKE LOWER($4)\n" +
    "          OR LOWER(COALESCE(p.attributes->>'age_group', '')) = LOWER($3)\n" +
    "          OR LOWER(COALESCE(p.attributes->>'age_group', '')) LIKE LOWER($4)\n" +
    "          OR (p.attributes->'extensible' IS NOT NULL AND (\n" +
    "            LOWER(COALESCE(p.attributes->'extensible'->>'ageGroup', '')) = LOWER($3) \n" +
    "            OR LOWER(COALESCE(p.attributes->'extensible'->>'ageGroup', '')) LIKE LOWER($4)\n" +
    '          ))\n' +
    `        ) OR (LOWER(p."category") LIKE '%women%' OR LOWER(p."category") LIKE '%men%' OR LOWER(p."category") LIKE '%adult%' OR LOWER(p."category") LIKE '%ladies%' OR LOWER(p."category") LIKE '%gentlemen%' OR LOWER(COALESCE(p."subcategory", '')) LIKE '%women%' OR LOWER(COALESCE(p."subcategory", '')) LIKE '%men%' OR LOWER(COALESCE(p."subcategory", '')) LIKE '%adult%' OR LOWER(COALESCE(p."subcategory", '')) LIKE '%ladies%' OR LOWER(COALESCE(p."subcategory", '')) LIKE '%gentlemen%'))) AND NOT ((LOWER(COALESCE(p.attributes->>'ageGroup', '')) IN ('kids', 'children', 'child', 'kid', 'toddler', 'toddlers', 'baby', 'babies', 'infant', 'infants') OR LOWER(p."category") LIKE '%kids%' OR LOWER(p."category") LIKE '%children%' OR LOWER(p."category") LIKE '%child%' OR LOWER(p."category") LIKE '%toddler%' OR LOWER(p."category") LIKE '%baby%' OR LOWER(p."category") LIKE '%infant%' OR LOWER(COALESCE(p."subcategory", '')) LIKE '%kids%' OR LOWER(COALESCE(p."subcategory", '')) LIKE '%children%' OR LOWER(COALESCE(p."subcategory", '')) LIKE '%child%' OR LOWER(COALESCE(p."subcategory", '')) LIKE '%toddler%' OR LOWER(COALESCE(p."subcategory", '')) LIKE '%baby%' OR LOWER(COALESCE(p."subcategory", '')) LIKE '%infant%'))) AND p.id = ANY(ARRAY['200544355', '7950165573817', '100042570', '8095325716665', '202633460', '202551057', '8095325651129', '8095325454521', '4369834901527', 'shopify_US_8203037900985', '7988752253113', '203222057', '204326025', '203045025', '8271014920377', '8084018692281', '8047658172601', '8166174261433', '8179603341497', '8169459351737', '8179603275961', '8179604619449', '8193111228601', '8203037769913', '100042854', '7261626892473', '8271017509049', '8271016951993', '200946354', '8271017672889', '8120573722809', 'shopify_US_8084018921657', '100042649', '8043996119225', '100042166', '8080215638201', '4369835098135', '647484211223', '8105247277241', '8179603898553', '203491057', 'shopify_US_8271020884153', '8217312624825', '8217312723129', '4369834999831', '203403054', '8244348321977', '8061023584441', '8270955708601', '8271017345209', '8079128920249', '8080218030265', '8084016398521', '8084019216569', '8084019642553', '7929323913401', '8084019806393', '200310158', '201357450', '200430025', '8179603308729', '8095325585593', '8084016332985', '100041218', '8179608682681', '100041503', '7525796348089', '7597048463545', '7608446451897', '7692161908921', '7814030885049', '7913654878393', '7913665069241', '203596025', '8036095361209', '8037569593529', '8037569659065', '8038484869305', '8038485262521', '8047639494841', '8179603407033', '8061010575545', '8179604881593', '8080215572665', '204472355', '8084016234681', '8084016267449', '8084019183801', '8084019282105', '8095325487289', '202878025', '8193111326905', '8097708048569', '8193122402489', '8105247178937', '8105297903801', '8105308324025', '8106591977657', '8106592207033', '8120573329593', '8157678895289', '8166174228665', '8166174523577', '8179603177657', '8179603800249', '8221222600889', '8179608584377', '100042611', '8183660380345', '8193111195833', '8203036524729', '8203037049017', '8217306366137', '8217312821433', '8217313214649', '8217313771705', '100042209', '8244347928761', '8244348158137', '8027253801145', '8051727302841', '8271017279673', '8084018725049', '204352460', '8084019118265', '8102006849721', '8106592174265', '8111107440825', '8120573493433', '8179604553913', '8179608715449', '8179608846521', '8213039874233', '203837000', '8084018888889', '8084019740857', '8271025504441', '8271020720313', '203206460', '201853355', '8106592010425', '204807057', '203952351', '201993450', '204034460', '8178057937081', '8203051008185', '202785551', '202392054', '8178058035385', '202179025', '204062351', '200008450', '202394054', '202489025']::text[]) AND (((\n` +
    '          -- Check Style as JSON array (capital S - used by concept search)\n' +
    "          (p.attributes->'Style' IS NOT NULL AND\n" +
    "           jsonb_typeof(p.attributes->'Style') = 'array' AND\n" +
    '           EXISTS (\n' +
    "             SELECT 1 FROM jsonb_array_elements_text(p.attributes->'Style') AS style_val\n" +
    '             WHERE LOWER(style_val) = LOWER($5)\n' +
    '           ))\n' +
    '          OR\n' +
    '          -- Check style as string (lowercase - various formats)\n' +
    "          LOWER(COALESCE(p.attributes->>'style', '')) LIKE LOWER($5)\n" +
    "          OR LOWER(COALESCE(p.attributes->>'style_labels', '')) LIKE LOWER($5)\n" +
    '          OR\n' +
    '          -- Check Style text representation (fallback for string-stored arrays)\n' +
    "          (p.attributes->>'Style' IS NOT NULL AND\n" +
    "           LOWER(p.attributes->>'Style') LIKE LOWER($5))\n" +
    '          OR\n' +
    '          -- Check extensible styles\n' +
    "          (p.attributes->'extensible' IS NOT NULL AND (\n" +
    "            (p.attributes->'extensible'->'Style' IS NOT NULL AND\n" +
    "             jsonb_typeof(p.attributes->'extensible'->'Style') = 'array' AND\n" +
    '             EXISTS (\n' +
    "               SELECT 1 FROM jsonb_array_elements_text(p.attributes->'extensible'->'Style') AS style_val\n" +
    '               WHERE LOWER(style_val) = LOWER($5)\n' +
    '             ))\n' +
    "            OR LOWER(COALESCE(p.attributes->'extensible'->>'style', '')) LIKE LOWER($5)\n" +
    "            OR LOWER(COALESCE(p.attributes->'extensible'->>'style_labels', '')) LIKE LOWER($5)\n" +
    '          ))\n' +
    '        )))'
}
[2026-01-22T12:34:49.319Z] [Velou:INFO] {
  message: 'searchVectorIndexWithDeduplication: results found',
  count: 0,
  requestedLimit: 150,
  preDedupLimit: undefined,
  hasPreDeduplicatedIds: true,
  deduplicationRate: 'N/A'
}
[2026-01-22T12:34:49.320Z] [Velou:WARN] {
  message: 'fashion_semantic_search: tier1_no_results',
  query: 'do you have any aline dresses?',
  categories: [ "Women's Dresses" ],
  usePostSQLFiltering: true,
  productIdsToSearchCount: 155
}
[2026-01-22T12:34:49.320Z] [Velou:INFO] {
  message: 'fashion_semantic_search: tier2_skipped_due_to_post_sql_filtering',
  query: 'do you have any aline dresses?',
  categories: [ "Women's Dresses" ],
  note: 'Tier 2 skipped because post-SQL filtering is enabled and Tier 1 correctly filtered out non-matching products (e.g., sleeveless vs long sleeves). Returning 0 results to respect user constraints.'
}
[2026-01-22T12:34:49.320Z] [Velou:INFO] {
  message: 'fashion_semantic_search: tier4_skipped_due_to_post_sql_filtering',
  query: 'do you have any aline dresses?',
  categories: [ "Women's Dresses" ],
  note: 'Tier 4 skipped because post-SQL filtering is enabled and Tier 1 correctly filtered out non-matching products. Returning 0 results to respect user constraints.'
}
[2026-01-22T12:34:49.320Z] [Velou:INFO] {
  message: 'fashion_semantic_search',
  query: 'do you have any aline dresses?',
  resultCount: 0,
  topSimilarity: undefined,
  avgSimilarity: 0,
  fallbackTier: 'strict',
  keywordTermsUsed: 0
}
[2026-01-22T12:34:49.320Z] [Velou:INFO] {
  message: 'fashion_multiview_retrieval',
  query: 'do you have any aline dresses?',
  totalCandidates: 0,
  lexicalCount: 0,
  semanticCount: 0,
  conceptCount: 0
}
[2026-01-22T12:34:49.804Z] [Velou:INFO] {
  message: 'handleLoveshackfancyQuery: retrieval_complete',
  query: 'do you have any aline dresses?',
  candidateCount: 0,
  retrievalDurationMs: 7989,
  retrievalDurationSeconds: '7.99'
}
[2026-01-22T12:34:49.805Z] [Velou:INFO] {
  message: 'handleLoveshackfancyQuery: product_loading_complete',
  query: 'do you have any aline dresses?',
  loadedCount: 0,
  requestedCount: 0,
  productLoadingDurationMs: 0,
  productLoadingDurationSeconds: '0.00'
}
[2026-01-22T12:34:52.431Z] [Velou:INFO] {
  message: 'regretful_reply_llm_response',
  query: 'do you have any aline dresses?',
  fullReplyLength: 304,
  fullReplyPreview: 'A-line dresses have such graceful charm, and I see why they caught your eye. Unfortunately, we don’t have any perfect matches right now.\n' +
    '\n' +
    'If you’d like, we could explore softly flowing fit-and-flare s'
}
[2026-01-22T12:34:52.432Z] [Velou:INFO] {
  message: 'regretful_reply_final',
  query: 'do you have any aline dresses?',
  replyLength: 304,
  paragraphCount: 2,
  replyPreview: 'A-line dresses have such graceful charm, and I see why they caught your eye. Unfortunately, we don’t have any perfect matches right now.\n' +
    '\n' +
    'If you’d lik'
}

================================================================================
RESULTS
================================================================================

Reply Text: A-line dresses have such graceful charm, and I see why they caught your eye. Unfortunately, we don’t have any perfect matches right now.

If you’d like, we could explore softly flowing fit-and-flare styles—they share that same romantic silhouette. Shall I gather a few dreamy options for you to consider?

Route: undefined

Resolved Constraints: {
  "colors": [
    "White",
    "Beige",
    "Blush",
    "Pink",
    "Peach",
    "Lemon",
    "Mint",
    "Sky Blue"
  ],
  "ageGroups": [
    "Adult"
  ],
  "styleTags": [
    "A-Line"
  ]
}

Product Count: 0

================================================================================
✅ Test complete!
================================================================================

📋 Check app.log for detailed constraint extraction logs
