0 verbose cli /opt/homebrew/Cellar/node@20/20.19.0_1/bin/node /opt/homebrew/opt/node@20/bin/npm
1 info using npm@10.8.2
2 info using node@v20.19.0
3 silly config load:file:/opt/homebrew/Cellar/node@20/20.19.0_1/lib/node_modules/npm/npmrc
4 silly config load:file:/Users/k1zzle/Desktop/velou-shopping-assistant/.npmrc
5 silly config load:file:/Users/k1zzle/.npmrc
6 silly config load:file:/opt/homebrew/etc/npmrc
7 verbose title npm install @prisma/client@5.19.1 prisma@5.19.1
8 verbose argv "install" "@prisma/client@5.19.1" "prisma@5.19.1"
9 verbose logfile logs-max:10 dir:/Users/k1zzle/Desktop/velou-shopping-assistant/.npm-cache/_logs/2025-11-19T17_05_04_019Z-
10 verbose logfile /Users/k1zzle/Desktop/velou-shopping-assistant/.npm-cache/_logs/2025-11-19T17_05_04_019Z-debug-0.log
11 silly packumentCache heap:4345298944 maxSize:1086324736 maxEntrySize:543162368
12 silly logfile done cleaning log files
13 silly idealTree buildDeps
14 silly fetch manifest @prisma/client@5.19.1
15 silly packumentCache full:https://registry.npmjs.org/@prisma%2fclient cache-miss
16 http fetch GET 200 https://registry.npmjs.org/@prisma%2fclient 204ms (cache revalidated)
17 silly packumentCache full:https://registry.npmjs.org/@prisma%2fclient set size:65135455 disposed:false
18 silly fetch manifest prisma@5.19.1
19 silly packumentCache full:https://registry.npmjs.org/prisma cache-miss
20 http fetch GET 200 https://registry.npmjs.org/prisma 65ms (cache revalidated)
21 silly packumentCache full:https://registry.npmjs.org/prisma set size:41458536 disposed:false
22 silly placeDep ROOT @prisma/client@5.19.1 REPLACE for: velou-shopping-assistant@0.1.0 want: 5.19.1
23 silly placeDep ROOT prisma@5.19.1 REPLACE for: velou-shopping-assistant@0.1.0 want: 5.19.1
24 silly fetch manifest @prisma/engines@5.19.1
25 silly packumentCache full:https://registry.npmjs.org/@prisma%2fengines cache-miss
26 http fetch GET 200 https://registry.npmjs.org/@prisma%2fengines 62ms (cache revalidated)
27 silly packumentCache full:https://registry.npmjs.org/@prisma%2fengines set size:20954209 disposed:false
28 silly placeDep ROOT @prisma/engines@5.19.1 OK for: prisma@5.19.1 want: 5.19.1
29 silly fetch manifest @prisma/debug@5.19.1
30 silly packumentCache full:https://registry.npmjs.org/@prisma%2fdebug cache-miss
31 silly fetch manifest @prisma/fetch-engine@5.19.1
32 silly packumentCache full:https://registry.npmjs.org/@prisma%2ffetch-engine cache-miss
33 silly fetch manifest @prisma/get-platform@5.19.1
34 silly packumentCache full:https://registry.npmjs.org/@prisma%2fget-platform cache-miss
35 silly fetch manifest @prisma/engines-version@5.19.1-2.69d742ee20b815d88e17e54db4a2a7a3b30324e3
36 silly packumentCache full:https://registry.npmjs.org/@prisma%2fengines-version cache-miss
37 http fetch GET 200 https://registry.npmjs.org/@prisma%2ffetch-engine 90ms (cache revalidated)
38 silly packumentCache full:https://registry.npmjs.org/@prisma%2ffetch-engine set size:31403749 disposed:false
39 http fetch GET 200 https://registry.npmjs.org/@prisma%2fengines-version 211ms (cache revalidated)
40 silly packumentCache full:https://registry.npmjs.org/@prisma%2fengines-version set size:9727866 disposed:false
41 http fetch GET 200 https://registry.npmjs.org/@prisma%2fget-platform 260ms (cache revalidated)
42 silly packumentCache full:https://registry.npmjs.org/@prisma%2fget-platform set size:27573991 disposed:false
43 http fetch GET 200 https://registry.npmjs.org/@prisma%2fdebug 365ms (cache revalidated)
44 silly packumentCache full:https://registry.npmjs.org/@prisma%2fdebug set size:27935787 disposed:false
45 silly placeDep ROOT @prisma/debug@5.19.1 OK for: @prisma/engines@5.19.1 want: 5.19.1
46 silly placeDep ROOT @prisma/engines-version@5.19.1-2.69d742ee20b815d88e17e54db4a2a7a3b30324e3 OK for: @prisma/engines@5.19.1 want: 5.19.1-2.69d742ee20b815d88e17e54db4a2a7a3b30324e3
47 silly placeDep ROOT @prisma/fetch-engine@5.19.1 OK for: @prisma/engines@5.19.1 want: 5.19.1
48 silly placeDep ROOT @prisma/get-platform@5.19.1 OK for: @prisma/engines@5.19.1 want: 5.19.1
49 silly reify mark retired [
49 silly reify   '/Users/k1zzle/Desktop/velou-shopping-assistant/node_modules/@prisma/client'
49 silly reify ]
50 silly reify mark retired [
50 silly reify   '/Users/k1zzle/Desktop/velou-shopping-assistant/node_modules/@prisma/debug'
50 silly reify ]
51 silly reify mark retired [
51 silly reify   '/Users/k1zzle/Desktop/velou-shopping-assistant/node_modules/@prisma/engines'
51 silly reify ]
52 silly reify mark retired [
52 silly reify   '/Users/k1zzle/Desktop/velou-shopping-assistant/node_modules/@prisma/engines-version'
52 silly reify ]
53 silly reify mark retired [
53 silly reify   '/Users/k1zzle/Desktop/velou-shopping-assistant/node_modules/@prisma/fetch-engine'
53 silly reify ]
54 silly reify mark retired [
54 silly reify   '/Users/k1zzle/Desktop/velou-shopping-assistant/node_modules/@prisma/get-platform'
54 silly reify ]
55 silly reify mark retired [
55 silly reify   '/Users/k1zzle/Desktop/velou-shopping-assistant/node_modules/prisma',
55 silly reify   '/Users/k1zzle/Desktop/velou-shopping-assistant/node_modules/.bin/prisma'
55 silly reify ]
56 silly reify moves {
56 silly reify   '/Users/k1zzle/Desktop/velou-shopping-assistant/node_modules/@prisma/client': '/Users/k1zzle/Desktop/velou-shopping-assistant/node_modules/@prisma/.client-W9sssZi1',
56 silly reify   '/Users/k1zzle/Desktop/velou-shopping-assistant/node_modules/@prisma/debug': '/Users/k1zzle/Desktop/velou-shopping-assistant/node_modules/@prisma/.debug-GOFxsomh',
56 silly reify   '/Users/k1zzle/Desktop/velou-shopping-assistant/node_modules/@prisma/engines': '/Users/k1zzle/Desktop/velou-shopping-assistant/node_modules/@prisma/.engines-dMlAoNAX',
56 silly reify   '/Users/k1zzle/Desktop/velou-shopping-assistant/node_modules/@prisma/engines-version': '/Users/k1zzle/Desktop/velou-shopping-assistant/node_modules/@prisma/.engines-version-Ey0bdFnq',
56 silly reify   '/Users/k1zzle/Desktop/velou-shopping-assistant/node_modules/@prisma/fetch-engine': '/Users/k1zzle/Desktop/velou-shopping-assistant/node_modules/@prisma/.fetch-engine-Rri4rUMG',
56 silly reify   '/Users/k1zzle/Desktop/velou-shopping-assistant/node_modules/@prisma/get-platform': '/Users/k1zzle/Desktop/velou-shopping-assistant/node_modules/@prisma/.get-platform-y0pTkNVX',
56 silly reify   '/Users/k1zzle/Desktop/velou-shopping-assistant/node_modules/prisma': '/Users/k1zzle/Desktop/velou-shopping-assistant/node_modules/.prisma-aPso8EHJ',
56 silly reify   '/Users/k1zzle/Desktop/velou-shopping-assistant/node_modules/.bin/prisma': '/Users/k1zzle/Desktop/velou-shopping-assistant/node_modules/.bin/.prisma-8hloLzFs'
56 silly reify }
57 verbose reify failed optional dependency /Users/k1zzle/Desktop/velou-shopping-assistant/node_modules/@tailwindcss/oxide/node_modules/@tailwindcss/oxide-wasm32-wasi
58 silly reify mark deleted [
58 silly reify   '/Users/k1zzle/Desktop/velou-shopping-assistant/node_modules/@tailwindcss/oxide/node_modules/@tailwindcss/oxide-wasm32-wasi'
58 silly reify ]
59 silly audit bulk request {
59 silly audit   '@alloc/quick-lru': [ '5.2.0' ],
59 silly audit   '@babel/code-frame': [ '7.27.1' ],
59 silly audit   '@babel/compat-data': [ '7.28.5' ],
59 silly audit   '@babel/core': [ '7.28.5' ],
59 silly audit   '@babel/generator': [ '7.28.5' ],
59 silly audit   '@babel/helper-compilation-targets': [ '7.27.2' ],
59 silly audit   '@babel/helper-globals': [ '7.28.0' ],
59 silly audit   '@babel/helper-module-imports': [ '7.27.1' ],
59 silly audit   '@babel/helper-module-transforms': [ '7.28.3' ],
59 silly audit   '@babel/helper-string-parser': [ '7.27.1' ],
59 silly audit   '@babel/helper-validator-identifier': [ '7.28.5' ],
59 silly audit   '@babel/helper-validator-option': [ '7.27.1' ],
59 silly audit   '@babel/helpers': [ '7.28.4' ],
59 silly audit   '@babel/parser': [ '7.28.5' ],
59 silly audit   '@babel/template': [ '7.27.2' ],
59 silly audit   '@babel/traverse': [ '7.28.5' ],
59 silly audit   '@babel/types': [ '7.28.5' ],
59 silly audit   '@emnapi/core': [ '1.7.1' ],
59 silly audit   '@emnapi/runtime': [ '1.7.1' ],
59 silly audit   '@emnapi/wasi-threads': [ '1.1.0' ],
59 silly audit   '@esbuild/darwin-arm64': [ '0.25.12' ],
59 silly audit   '@eslint-community/eslint-utils': [ '4.9.0' ],
59 silly audit   'eslint-visitor-keys': [ '3.4.3', '4.2.1' ],
59 silly audit   '@eslint-community/regexpp': [ '4.12.2' ],
59 silly audit   '@eslint/config-array': [ '0.21.1' ],
59 silly audit   '@eslint/config-helpers': [ '0.4.2' ],
59 silly audit   '@eslint/core': [ '0.17.0' ],
59 silly audit   '@eslint/eslintrc': [ '3.3.1' ],
59 silly audit   '@eslint/js': [ '9.39.1' ],
59 silly audit   '@eslint/object-schema': [ '2.1.7' ],
59 silly audit   '@eslint/plugin-kit': [ '0.4.1' ],
59 silly audit   '@humanfs/core': [ '0.19.1' ],
59 silly audit   '@humanfs/node': [ '0.16.7' ],
59 silly audit   '@humanwhocodes/module-importer': [ '1.0.1' ],
59 silly audit   '@humanwhocodes/retry': [ '0.4.3' ],
59 silly audit   '@img/colour': [ '1.0.0' ],
59 silly audit   '@img/sharp-darwin-arm64': [ '0.34.5' ],
59 silly audit   '@img/sharp-libvips-darwin-arm64': [ '1.2.4' ],
59 silly audit   '@jridgewell/gen-mapping': [ '0.3.13' ],
59 silly audit   '@jridgewell/remapping': [ '2.3.5' ],
59 silly audit   '@jridgewell/resolve-uri': [ '3.1.2' ],
59 silly audit   '@jridgewell/sourcemap-codec': [ '1.5.5' ],
59 silly audit   '@jridgewell/trace-mapping': [ '0.3.31' ],
59 silly audit   '@napi-rs/wasm-runtime': [ '0.2.12' ],
59 silly audit   '@next/env': [ '16.0.3' ],
59 silly audit   '@next/eslint-plugin-next': [ '16.0.3' ],
59 silly audit   '@next/swc-darwin-arm64': [ '16.0.3' ],
59 silly audit   '@nodelib/fs.scandir': [ '2.1.5' ],
59 silly audit   '@nodelib/fs.stat': [ '2.0.5' ],
59 silly audit   '@nodelib/fs.walk': [ '1.2.8' ],
59 silly audit   '@nolyfill/is-core-module': [ '1.0.39' ],
59 silly audit   '@rtsao/scc': [ '1.1.0' ],
59 silly audit   '@swc/helpers': [ '0.5.15' ],
59 silly audit   '@tailwindcss/node': [ '4.1.17' ],
59 silly audit   '@tailwindcss/oxide': [ '4.1.17' ],
59 silly audit   '@tailwindcss/oxide-darwin-arm64': [ '4.1.17' ],
59 silly audit   '@tailwindcss/oxide-android-arm64': [ '4.1.17' ],
59 silly audit   '@tailwindcss/oxide-darwin-x64': [ '4.1.17' ],
59 silly audit   '@tailwindcss/oxide-freebsd-x64': [ '4.1.17' ],
59 silly audit   '@tailwindcss/oxide-linux-arm-gnueabihf': [ '4.1.17' ],
59 silly audit   '@tailwindcss/oxide-linux-arm64-gnu': [ '4.1.17' ],
59 silly audit   '@tailwindcss/oxide-linux-arm64-musl': [ '4.1.17' ],
59 silly audit   '@tailwindcss/oxide-linux-x64-gnu': [ '4.1.17' ],
59 silly audit   '@tailwindcss/oxide-linux-x64-musl': [ '4.1.17' ],
59 silly audit   '@tailwindcss/oxide-win32-arm64-msvc': [ '4.1.17' ],
59 silly audit   '@tailwindcss/oxide-win32-x64-msvc': [ '4.1.17' ],
59 silly audit   '@tailwindcss/postcss': [ '4.1.17' ],
59 silly audit   '@tybys/wasm-util': [ '0.10.1' ],
59 silly audit   '@types/estree': [ '1.0.8' ],
59 silly audit   '@types/json-schema': [ '7.0.15' ],
59 silly audit   '@types/json5': [ '0.0.29' ],
59 silly audit   '@types/node': [ '20.19.25' ],
59 silly audit   '@types/react': [ '19.2.6' ],
59 silly audit   '@types/react-dom': [ '19.2.3' ],
59 silly audit   '@typescript-eslint/eslint-plugin': [ '8.47.0' ],
59 silly audit   ignore: [ '7.0.5', '5.3.2' ],
59 silly audit   '@typescript-eslint/parser': [ '8.47.0' ],
59 silly audit   '@typescript-eslint/project-service': [ '8.47.0' ],
59 silly audit   '@typescript-eslint/scope-manager': [ '8.47.0' ],
59 silly audit   '@typescript-eslint/tsconfig-utils': [ '8.47.0' ],
59 silly audit   '@typescript-eslint/type-utils': [ '8.47.0' ],
59 silly audit   '@typescript-eslint/types': [ '8.47.0' ],
59 silly audit   '@typescript-eslint/typescript-estree': [ '8.47.0' ],
59 silly audit   'brace-expansion': [ '2.0.2', '1.1.12' ],
59 silly audit   'fast-glob': [ '3.3.3', '3.3.1' ],
59 silly audit   'glob-parent': [ '5.1.2', '6.0.2' ],
59 silly audit   minimatch: [ '9.0.5', '3.1.2' ],
59 silly audit   semver: [ '7.7.3', '6.3.1' ],
59 silly audit   '@typescript-eslint/utils': [ '8.47.0' ],
59 silly audit   '@typescript-eslint/visitor-keys': [ '8.47.0' ],
59 silly audit   '@unrs/resolver-binding-darwin-arm64': [ '1.11.1' ],
59 silly audit   acorn: [ '8.15.0' ],
59 silly audit   'acorn-jsx': [ '5.3.2' ],
59 silly audit   ajv: [ '6.12.6' ],
59 silly audit   'ansi-styles': [ '4.3.0' ],
59 silly audit   argparse: [ '2.0.1' ],
59 silly audit   'aria-query': [ '5.3.2' ],
59 silly audit   'array-buffer-byte-length': [ '1.0.2' ],
59 silly audit   'array-includes': [ '3.1.9' ],
59 silly audit   'array.prototype.findlast': [ '1.2.5' ],
59 silly audit   'array.prototype.findlastindex': [ '1.2.6' ],
59 silly audit   'array.prototype.flat': [ '1.3.3' ],
59 silly audit   'array.prototype.flatmap': [ '1.3.3' ],
59 silly audit   'array.prototype.tosorted': [ '1.1.4' ],
59 silly audit   'arraybuffer.prototype.slice': [ '1.0.4' ],
59 silly audit   'ast-types-flow': [ '0.0.8' ],
59 silly audit   'async-function': [ '1.0.0' ],
59 silly audit   'available-typed-arrays': [ '1.0.7' ],
59 silly audit   'axe-core': [ '4.11.0' ],
59 silly audit   'axobject-query': [ '4.1.0' ],
59 silly audit   'balanced-match': [ '1.0.2' ],
59 silly audit   'baseline-browser-mapping': [ '2.8.29' ],
59 silly audit   braces: [ '3.0.3' ],
59 silly audit   browserslist: [ '4.28.0' ],
59 silly audit   'call-bind': [ '1.0.8' ],
59 silly audit   'call-bind-apply-helpers': [ '1.0.2' ],
59 silly audit   'call-bound': [ '1.0.4' ],
59 silly audit   callsites: [ '3.1.0' ],
59 silly audit   'caniuse-lite': [ '1.0.30001756' ],
59 silly audit   chalk: [ '4.1.2' ],
59 silly audit   'client-only': [ '0.0.1' ],
59 silly audit   'color-convert': [ '2.0.1' ],
59 silly audit   'color-name': [ '1.1.4' ],
59 silly audit   'concat-map': [ '0.0.1' ],
59 silly audit   'convert-source-map': [ '2.0.0' ],
59 silly audit   'cross-spawn': [ '7.0.6' ],
59 silly audit   csstype: [ '3.2.3' ],
59 silly audit   'damerau-levenshtein': [ '1.0.8' ],
59 silly audit   'data-view-buffer': [ '1.0.2' ],
59 silly audit   'data-view-byte-length': [ '1.0.2' ],
59 silly audit   'data-view-byte-offset': [ '1.0.1' ],
59 silly audit   debug: [ '4.4.3', '3.2.7' ],
59 silly audit   'deep-is': [ '0.1.4' ],
59 silly audit   'define-data-property': [ '1.1.4' ],
59 silly audit   'define-properties': [ '1.2.1' ],
59 silly audit   'detect-libc': [ '2.1.2' ],
59 silly audit   doctrine: [ '2.1.0' ],
59 silly audit   'dunder-proto': [ '1.0.1' ],
59 silly audit   'electron-to-chromium': [ '1.5.256' ],
59 silly audit   'emoji-regex': [ '9.2.2' ],
59 silly audit   'enhanced-resolve': [ '5.18.3' ],
59 silly audit   'es-abstract': [ '1.24.0' ],
59 silly audit   'es-define-property': [ '1.0.1' ],
59 silly audit   'es-errors': [ '1.3.0' ],
59 silly audit   'es-iterator-helpers': [ '1.2.1' ],
59 silly audit   'es-object-atoms': [ '1.1.1' ],
59 silly audit   'es-set-tostringtag': [ '2.1.0' ],
59 silly audit   'es-shim-unscopables': [ '1.1.0' ],
59 silly audit   'es-to-primitive': [ '1.3.0' ],
59 silly audit   esbuild: [ '0.25.12' ],
59 silly audit   '@esbuild/aix-ppc64': [ '0.25.12' ],
59 silly audit   '@esbuild/android-arm': [ '0.25.12' ],
59 silly audit   '@esbuild/android-arm64': [ '0.25.12' ],
59 silly audit   '@esbuild/android-x64': [ '0.25.12' ],
59 silly audit   '@esbuild/darwin-x64': [ '0.25.12' ],
59 silly audit   '@esbuild/freebsd-arm64': [ '0.25.12' ],
59 silly audit   '@esbuild/freebsd-x64': [ '0.25.12' ],
59 silly audit   '@esbuild/linux-arm': [ '0.25.12' ],
59 silly audit   '@esbuild/linux-arm64': [ '0.25.12' ],
59 silly audit   '@esbuild/linux-ia32': [ '0.25.12' ],
59 silly audit   '@esbuild/linux-loong64': [ '0.25.12' ],
59 silly audit   '@esbuild/linux-mips64el': [ '0.25.12' ],
59 silly audit   '@esbuild/linux-ppc64': [ '0.25.12' ],
59 silly audit   '@esbuild/linux-riscv64': [ '0.25.12' ],
59 silly audit   '@esbuild/linux-s390x': [ '0.25.12' ],
59 silly audit   '@esbuild/linux-x64': [ '0.25.12' ],
59 silly audit   '@esbuild/netbsd-arm64': [ '0.25.12' ],
59 silly audit   '@esbuild/netbsd-x64': [ '0.25.12' ],
59 silly audit   '@esbuild/openbsd-arm64': [ '0.25.12' ],
59 silly audit   '@esbuild/openbsd-x64': [ '0.25.12' ],
59 silly audit   '@esbuild/openharmony-arm64': [ '0.25.12' ],
59 silly audit   '@esbuild/sunos-x64': [ '0.25.12' ],
59 silly audit   '@esbuild/win32-arm64': [ '0.25.12' ],
59 silly audit   '@esbuild/win32-ia32': [ '0.25.12' ],
59 silly audit   '@esbuild/win32-x64': [ '0.25.12' ],
59 silly audit   escalade: [ '3.2.0' ],
59 silly audit   'escape-string-regexp': [ '4.0.0' ],
59 silly audit   eslint: [ '9.39.1' ],
59 silly audit   'eslint-config-next': [ '16.0.3' ],
59 silly audit   globals: [ '16.4.0', '14.0.0' ],
59 silly audit   'eslint-import-resolver-node': [ '0.3.9' ],
59 silly audit   'eslint-import-resolver-typescript': [ '3.10.1' ],
59 silly audit   'eslint-module-utils': [ '2.12.1' ],
59 silly audit   'eslint-plugin-import': [ '2.32.0' ],
59 silly audit   'eslint-plugin-jsx-a11y': [ '6.10.2' ],
59 silly audit   'eslint-plugin-react': [ '7.37.5' ],
59 silly audit   'eslint-plugin-react-hooks': [ '7.0.1' ],
59 silly audit   resolve: [ '2.0.0-next.5', '1.22.11' ],
59 silly audit   'eslint-scope': [ '8.4.0' ],
59 silly audit   espree: [ '10.4.0' ],
59 silly audit   esquery: [ '1.6.0' ],
59 silly audit   esrecurse: [ '4.3.0' ],
59 silly audit   estraverse: [ '5.3.0' ],
59 silly audit   esutils: [ '2.0.3' ],
59 silly audit   'fast-deep-equal': [ '3.1.3' ],
59 silly audit   'fast-json-stable-stringify': [ '2.1.0' ],
59 silly audit   'fast-levenshtein': [ '2.0.6' ],
59 silly audit   fastq: [ '1.19.1' ],
59 silly audit   'file-entry-cache': [ '8.0.0' ],
59 silly audit   'fill-range': [ '7.1.1' ],
59 silly audit   'find-up': [ '5.0.0' ],
59 silly audit   'flat-cache': [ '4.0.1' ],
59 silly audit   flatted: [ '3.3.3' ],
59 silly audit   'for-each': [ '0.3.5' ],
59 silly audit   fsevents: [ '2.3.3' ],
59 silly audit   'function-bind': [ '1.1.2' ],
59 silly audit   'function.prototype.name': [ '1.1.8' ],
59 silly audit   'functions-have-names': [ '1.2.3' ],
59 silly audit   'generator-function': [ '2.0.1' ],
59 silly audit   gensync: [ '1.0.0-beta.2' ],
59 silly audit   'get-intrinsic': [ '1.3.0' ],
59 silly audit   'get-proto': [ '1.0.1' ],
59 silly audit   'get-symbol-description': [ '1.1.0' ],
59 silly audit   'get-tsconfig': [ '4.13.0' ],
59 silly audit   globalthis: [ '1.0.4' ],
59 silly audit   gopd: [ '1.2.0' ],
59 silly audit   'graceful-fs': [ '4.2.11' ],
59 silly audit   graphemer: [ '1.4.0' ],
59 silly audit   'has-bigints': [ '1.1.0' ],
59 silly audit   'has-flag': [ '4.0.0' ],
59 silly audit   'has-property-descriptors': [ '1.0.2' ],
59 silly audit   'has-proto': [ '1.2.0' ],
59 silly audit   'has-symbols': [ '1.1.0' ],
59 silly audit   'has-tostringtag': [ '1.0.2' ],
59 silly audit   hasown: [ '2.0.2' ],
59 silly audit   'hermes-estree': [ '0.25.1' ],
59 silly audit   'hermes-parser': [ '0.25.1' ],
59 silly audit   'import-fresh': [ '3.3.1' ],
59 silly audit   imurmurhash: [ '0.1.4' ],
59 silly audit   'internal-slot': [ '1.1.0' ],
59 silly audit   'is-array-buffer': [ '3.0.5' ],
59 silly audit   'is-async-function': [ '2.1.1' ],
59 silly audit   'is-bigint': [ '1.1.0' ],
59 silly audit   'is-boolean-object': [ '1.2.2' ],
59 silly audit   'is-bun-module': [ '2.0.0' ],
59 silly audit   'is-callable': [ '1.2.7' ],
59 silly audit   'is-core-module': [ '2.16.1' ],
59 silly audit   'is-data-view': [ '1.0.2' ],
59 silly audit   'is-date-object': [ '1.1.0' ],
59 silly audit   'is-extglob': [ '2.1.1' ],
59 silly audit   'is-finalizationregistry': [ '1.1.1' ],
59 silly audit   'is-generator-function': [ '1.1.2' ],
59 silly audit   'is-glob': [ '4.0.3' ],
59 silly audit   'is-map': [ '2.0.3' ],
59 silly audit   'is-negative-zero': [ '2.0.3' ],
59 silly audit   'is-number': [ '7.0.0' ],
59 silly audit   'is-number-object': [ '1.1.1' ],
59 silly audit   'is-regex': [ '1.2.1' ],
59 silly audit   'is-set': [ '2.0.3' ],
59 silly audit   'is-shared-array-buffer': [ '1.0.4' ],
59 silly audit   'is-string': [ '1.1.1' ],
59 silly audit   'is-symbol': [ '1.1.1' ],
59 silly audit   'is-typed-array': [ '1.1.15' ],
59 silly audit   'is-weakmap': [ '2.0.2' ],
59 silly audit   'is-weakref': [ '1.1.1' ],
59 silly audit   'is-weakset': [ '2.0.4' ],
59 silly audit   isarray: [ '2.0.5' ],
59 silly audit   isexe: [ '2.0.0' ],
59 silly audit   'iterator.prototype': [ '1.1.5' ],
59 silly audit   jiti: [ '2.6.1' ],
59 silly audit   'js-tokens': [ '4.0.0' ],
59 silly audit   'js-yaml': [ '4.1.1' ],
59 silly audit   jsesc: [ '3.1.0' ],
59 silly audit   'json-buffer': [ '3.0.1' ],
59 silly audit   'json-schema-traverse': [ '0.4.1' ],
59 silly audit   'json-stable-stringify-without-jsonify': [ '1.0.1' ],
59 silly audit   json5: [ '2.2.3', '1.0.2' ],
59 silly audit   'jsx-ast-utils': [ '3.3.5' ],
59 silly audit   keyv: [ '4.5.4' ],
59 silly audit   'language-subtag-registry': [ '0.3.23' ],
59 silly audit   'language-tags': [ '1.0.9' ],
59 silly audit   levn: [ '0.4.1' ],
59 silly audit   lightningcss: [ '1.30.2' ],
59 silly audit   'lightningcss-darwin-arm64': [ '1.30.2' ],
59 silly audit   'lightningcss-android-arm64': [ '1.30.2' ],
59 silly audit   'lightningcss-darwin-x64': [ '1.30.2' ],
59 silly audit   'lightningcss-freebsd-x64': [ '1.30.2' ],
59 silly audit   'lightningcss-linux-arm-gnueabihf': [ '1.30.2' ],
59 silly audit   'lightningcss-linux-arm64-gnu': [ '1.30.2' ],
59 silly audit   'lightningcss-linux-arm64-musl': [ '1.30.2' ],
59 silly audit   'lightningcss-linux-x64-gnu': [ '1.30.2' ],
59 silly audit   'lightningcss-linux-x64-musl': [ '1.30.2' ],
59 silly audit   'lightningcss-win32-arm64-msvc': [ '1.30.2' ],
59 silly audit   'lightningcss-win32-x64-msvc': [ '1.30.2' ],
59 silly audit   'locate-path': [ '6.0.0' ],
59 silly audit   'lodash.merge': [ '4.6.2' ],
59 silly audit   'loose-envify': [ '1.4.0' ],
59 silly audit   'lru-cache': [ '5.1.1' ],
59 silly audit   'magic-string': [ '0.30.21' ],
59 silly audit   'math-intrinsics': [ '1.1.0' ],
59 silly audit   merge2: [ '1.4.1' ],
59 silly audit   micromatch: [ '4.0.8' ],
59 silly audit   minimist: [ '1.2.8' ],
59 silly audit   ms: [ '2.1.3' ],
59 silly audit   nanoid: [ '3.3.11' ],
59 silly audit   'napi-postinstall': [ '0.3.4' ],
59 silly audit   'natural-compare': [ '1.4.0' ],
59 silly audit   next: [ '16.0.3' ],
59 silly audit   '@next/swc-darwin-x64': [ '16.0.3' ],
59 silly audit   '@next/swc-linux-arm64-gnu': [ '16.0.3' ],
59 silly audit   '@next/swc-linux-arm64-musl': [ '16.0.3' ],
59 silly audit   '@next/swc-linux-x64-gnu': [ '16.0.3' ],
59 silly audit   '@next/swc-linux-x64-musl': [ '16.0.3' ],
59 silly audit   '@next/swc-win32-arm64-msvc': [ '16.0.3' ],
59 silly audit   '@next/swc-win32-x64-msvc': [ '16.0.3' ],
59 silly audit   postcss: [ '8.4.31', '8.5.6' ],
59 silly audit   'node-releases': [ '2.0.27' ],
59 silly audit   'object-assign': [ '4.1.1' ],
59 silly audit   'object-inspect': [ '1.13.4' ],
59 silly audit   'object-keys': [ '1.1.1' ],
59 silly audit   'object.assign': [ '4.1.7' ],
59 silly audit   'object.entries': [ '1.1.9' ],
59 silly audit   'object.fromentries': [ '2.0.8' ],
59 silly audit   'object.groupby': [ '1.0.3' ],
59 silly audit   'object.values': [ '1.2.1' ],
59 silly audit   optionator: [ '0.9.4' ],
59 silly audit   'own-keys': [ '1.0.1' ],
59 silly audit   'p-limit': [ '3.1.0' ],
59 silly audit   'p-locate': [ '5.0.0' ],
59 silly audit   'parent-module': [ '1.0.1' ],
59 silly audit   'path-exists': [ '4.0.0' ],
59 silly audit   'path-key': [ '3.1.1' ],
59 silly audit   'path-parse': [ '1.0.7' ],
59 silly audit   picocolors: [ '1.1.1' ],
59 silly audit   picomatch: [ '2.3.1', '4.0.3' ],
59 silly audit   'possible-typed-array-names': [ '1.1.0' ],
59 silly audit   'prelude-ls': [ '1.2.1' ],
59 silly audit   'prop-types': [ '15.8.1' ],
59 silly audit   punycode: [ '2.3.1' ],
59 silly audit   'queue-microtask': [ '1.2.3' ],
59 silly audit   react: [ '19.2.0' ],
59 silly audit   'react-dom': [ '19.2.0' ],
59 silly audit   'react-is': [ '16.13.1' ],
59 silly audit   'reflect.getprototypeof': [ '1.0.10' ],
59 silly audit   'regexp.prototype.flags': [ '1.5.4' ],
59 silly audit   'resolve-from': [ '4.0.0' ],
59 silly audit   'resolve-pkg-maps': [ '1.0.0' ],
59 silly audit   reusify: [ '1.1.0' ],
59 silly audit   'run-parallel': [ '1.2.0' ],
59 silly audit   'safe-array-concat': [ '1.1.3' ],
59 silly audit   'safe-push-apply': [ '1.0.0' ],
59 silly audit   'safe-regex-test': [ '1.1.0' ],
59 silly audit   scheduler: [ '0.27.0' ],
59 silly audit   'set-function-length': [ '1.2.2' ],
59 silly audit   'set-function-name': [ '2.0.2' ],
59 silly audit   'set-proto': [ '1.0.0' ],
59 silly audit   sharp: [ '0.34.5' ],
59 silly audit   '@img/sharp-darwin-x64': [ '0.34.5' ],
59 silly audit   '@img/sharp-libvips-darwin-x64': [ '1.2.4' ],
59 silly audit   '@img/sharp-libvips-linux-arm': [ '1.2.4' ],
59 silly audit   '@img/sharp-libvips-linux-arm64': [ '1.2.4' ],
59 silly audit   '@img/sharp-libvips-linux-ppc64': [ '1.2.4' ],
59 silly audit   '@img/sharp-libvips-linux-riscv64': [ '1.2.4' ],
59 silly audit   '@img/sharp-libvips-linux-s390x': [ '1.2.4' ],
59 silly audit   '@img/sharp-libvips-linux-x64': [ '1.2.4' ],
59 silly audit   '@img/sharp-libvips-linuxmusl-arm64': [ '1.2.4' ],
59 silly audit   '@img/sharp-libvips-linuxmusl-x64': [ '1.2.4' ],
59 silly audit   '@img/sharp-linux-arm': [ '0.34.5' ],
59 silly audit   '@img/sharp-linux-arm64': [ '0.34.5' ],
59 silly audit   '@img/sharp-linux-ppc64': [ '0.34.5' ],
59 silly audit   '@img/sharp-linux-riscv64': [ '0.34.5' ],
59 silly audit   '@img/sharp-linux-s390x': [ '0.34.5' ],
59 silly audit   '@img/sharp-linux-x64': [ '0.34.5' ],
59 silly audit   '@img/sharp-linuxmusl-arm64': [ '0.34.5' ],
59 silly audit   '@img/sharp-linuxmusl-x64': [ '0.34.5' ],
59 silly audit   '@img/sharp-wasm32': [ '0.34.5' ],
59 silly audit   '@img/sharp-win32-arm64': [ '0.34.5' ],
59 silly audit   '@img/sharp-win32-ia32': [ '0.34.5' ],
59 silly audit   '@img/sharp-win32-x64': [ '0.34.5' ],
59 silly audit   'shebang-command': [ '2.0.0' ],
59 silly audit   'shebang-regex': [ '3.0.0' ],
59 silly audit   'side-channel': [ '1.1.0' ],
59 silly audit   'side-channel-list': [ '1.0.0' ],
59 silly audit   'side-channel-map': [ '1.0.1' ],
59 silly audit   'side-channel-weakmap': [ '1.0.2' ],
59 silly audit   'source-map-js': [ '1.2.1' ],
59 silly audit   'stable-hash': [ '0.0.5' ],
59 silly audit   'stop-iteration-iterator': [ '1.1.0' ],
59 silly audit   'string.prototype.includes': [ '2.0.1' ],
59 silly audit   'string.prototype.matchall': [ '4.0.12' ],
59 silly audit   'string.prototype.repeat': [ '1.0.0' ],
59 silly audit   'string.prototype.trim': [ '1.2.10' ],
59 silly audit   'string.prototype.trimend': [ '1.0.9' ],
59 silly audit   'string.prototype.trimstart': [ '1.0.8' ],
59 silly audit   'strip-bom': [ '3.0.0' ],
59 silly audit   'strip-json-comments': [ '3.1.1' ],
59 silly audit   'styled-jsx': [ '5.1.6' ],
59 silly audit   'supports-color': [ '7.2.0' ],
59 silly audit   'supports-preserve-symlinks-flag': [ '1.0.0' ],
59 silly audit   tailwindcss: [ '4.1.17' ],
59 silly audit   tapable: [ '2.3.0' ],
59 silly audit   tinyglobby: [ '0.2.15' ],
59 silly audit   fdir: [ '6.5.0' ],
59 silly audit   'to-regex-range': [ '5.0.1' ],
59 silly audit   'ts-api-utils': [ '2.1.0' ],
59 silly audit   'tsconfig-paths': [ '3.15.0' ],
59 silly audit   tslib: [ '2.8.1' ],
59 silly audit   tsx: [ '4.20.6' ],
59 silly audit   'type-check': [ '0.4.0' ],
59 silly audit   'typed-array-buffer': [ '1.0.3' ],
59 silly audit   'typed-array-byte-length': [ '1.0.3' ],
59 silly audit   'typed-array-byte-offset': [ '1.0.4' ],
59 silly audit   'typed-array-length': [ '1.0.7' ],
59 silly audit   typescript: [ '5.9.3' ],
59 silly audit   'typescript-eslint': [ '8.47.0' ],
59 silly audit   'unbox-primitive': [ '1.1.0' ],
59 silly audit   'undici-types': [ '6.21.0' ],
59 silly audit   'unrs-resolver': [ '1.11.1' ],
59 silly audit   '@unrs/resolver-binding-android-arm-eabi': [ '1.11.1' ],
59 silly audit   '@unrs/resolver-binding-android-arm64': [ '1.11.1' ],
59 silly audit   '@unrs/resolver-binding-darwin-x64': [ '1.11.1' ],
59 silly audit   '@unrs/resolver-binding-freebsd-x64': [ '1.11.1' ],
59 silly audit   '@unrs/resolver-binding-linux-arm-gnueabihf': [ '1.11.1' ],
59 silly audit   '@unrs/resolver-binding-linux-arm-musleabihf': [ '1.11.1' ],
59 silly audit   '@unrs/resolver-binding-linux-arm64-gnu': [ '1.11.1' ],
59 silly audit   '@unrs/resolver-binding-linux-arm64-musl': [ '1.11.1' ],
59 silly audit   '@unrs/resolver-binding-linux-ppc64-gnu': [ '1.11.1' ],
59 silly audit   '@unrs/resolver-binding-linux-riscv64-gnu': [ '1.11.1' ],
59 silly audit   '@unrs/resolver-binding-linux-riscv64-musl': [ '1.11.1' ],
59 silly audit   '@unrs/resolver-binding-linux-s390x-gnu': [ '1.11.1' ],
59 silly audit   '@unrs/resolver-binding-linux-x64-gnu': [ '1.11.1' ],
59 silly audit   '@unrs/resolver-binding-linux-x64-musl': [ '1.11.1' ],
59 silly audit   '@unrs/resolver-binding-wasm32-wasi': [ '1.11.1' ],
59 silly audit   '@unrs/resolver-binding-win32-arm64-msvc': [ '1.11.1' ],
59 silly audit   '@unrs/resolver-binding-win32-ia32-msvc': [ '1.11.1' ],
59 silly audit   '@unrs/resolver-binding-win32-x64-msvc': [ '1.11.1' ],
59 silly audit   'update-browserslist-db': [ '1.1.4' ],
59 silly audit   'uri-js': [ '4.4.1' ],
59 silly audit   which: [ '2.0.2' ],
59 silly audit   'which-boxed-primitive': [ '1.1.1' ],
59 silly audit   'which-builtin-type': [ '1.2.1' ],
59 silly audit   'which-collection': [ '1.0.2' ],
59 silly audit   'which-typed-array': [ '1.1.19' ],
59 silly audit   'word-wrap': [ '1.2.5' ],
59 silly audit   yallist: [ '3.1.1' ],
59 silly audit   'yocto-queue': [ '0.1.0' ],
59 silly audit   zod: [ '4.1.12' ],
59 silly audit   'zod-validation-error': [ '4.0.2' ],
59 silly audit   '@prisma/client': [ '5.19.1' ],
59 silly audit   prisma: [ '5.19.1' ],
59 silly audit   '@prisma/engines': [ '5.19.1' ],
59 silly audit   '@prisma/debug': [ '5.19.1' ],
59 silly audit   '@prisma/engines-version': [ '5.19.1-2.69d742ee20b815d88e17e54db4a2a7a3b30324e3' ],
59 silly audit   '@prisma/fetch-engine': [ '5.19.1' ],
59 silly audit   '@prisma/get-platform': [ '5.19.1' ],
59 silly audit   '@tailwindcss/oxide-wasm32-wasi': [ '4.1.17' ]
59 silly audit }
60 verbose reify failed optional dependency /Users/k1zzle/Desktop/velou-shopping-assistant/node_modules/unrs-resolver/node_modules/@unrs/resolver-binding-win32-x64-msvc
61 silly reify mark deleted [
61 silly reify   '/Users/k1zzle/Desktop/velou-shopping-assistant/node_modules/unrs-resolver/node_modules/@unrs/resolver-binding-win32-x64-msvc'
61 silly reify ]
62 verbose reify failed optional dependency /Users/k1zzle/Desktop/velou-shopping-assistant/node_modules/unrs-resolver/node_modules/@unrs/resolver-binding-win32-ia32-msvc
63 silly reify mark deleted [
63 silly reify   '/Users/k1zzle/Desktop/velou-shopping-assistant/node_modules/unrs-resolver/node_modules/@unrs/resolver-binding-win32-ia32-msvc'
63 silly reify ]
64 verbose reify failed optional dependency /Users/k1zzle/Desktop/velou-shopping-assistant/node_modules/unrs-resolver/node_modules/@unrs/resolver-binding-win32-arm64-msvc
65 silly reify mark deleted [
65 silly reify   '/Users/k1zzle/Desktop/velou-shopping-assistant/node_modules/unrs-resolver/node_modules/@unrs/resolver-binding-win32-arm64-msvc'
65 silly reify ]
66 verbose reify failed optional dependency /Users/k1zzle/Desktop/velou-shopping-assistant/node_modules/unrs-resolver/node_modules/@unrs/resolver-binding-wasm32-wasi
67 silly reify mark deleted [
67 silly reify   '/Users/k1zzle/Desktop/velou-shopping-assistant/node_modules/unrs-resolver/node_modules/@unrs/resolver-binding-wasm32-wasi'
67 silly reify ]
68 verbose reify failed optional dependency /Users/k1zzle/Desktop/velou-shopping-assistant/node_modules/unrs-resolver/node_modules/@unrs/resolver-binding-linux-x64-musl
69 silly reify mark deleted [
69 silly reify   '/Users/k1zzle/Desktop/velou-shopping-assistant/node_modules/unrs-resolver/node_modules/@unrs/resolver-binding-linux-x64-musl'
69 silly reify ]
70 verbose reify failed optional dependency /Users/k1zzle/Desktop/velou-shopping-assistant/node_modules/unrs-resolver/node_modules/@unrs/resolver-binding-linux-x64-gnu
71 silly reify mark deleted [
71 silly reify   '/Users/k1zzle/Desktop/velou-shopping-assistant/node_modules/unrs-resolver/node_modules/@unrs/resolver-binding-linux-x64-gnu'
71 silly reify ]
72 verbose reify failed optional dependency /Users/k1zzle/Desktop/velou-shopping-assistant/node_modules/unrs-resolver/node_modules/@unrs/resolver-binding-linux-s390x-gnu
73 silly reify mark deleted [
73 silly reify   '/Users/k1zzle/Desktop/velou-shopping-assistant/node_modules/unrs-resolver/node_modules/@unrs/resolver-binding-linux-s390x-gnu'
73 silly reify ]
74 verbose reify failed optional dependency /Users/k1zzle/Desktop/velou-shopping-assistant/node_modules/unrs-resolver/node_modules/@unrs/resolver-binding-linux-riscv64-musl
75 silly reify mark deleted [
75 silly reify   '/Users/k1zzle/Desktop/velou-shopping-assistant/node_modules/unrs-resolver/node_modules/@unrs/resolver-binding-linux-riscv64-musl'
75 silly reify ]
76 verbose reify failed optional dependency /Users/k1zzle/Desktop/velou-shopping-assistant/node_modules/unrs-resolver/node_modules/@unrs/resolver-binding-linux-riscv64-gnu
77 silly reify mark deleted [
77 silly reify   '/Users/k1zzle/Desktop/velou-shopping-assistant/node_modules/unrs-resolver/node_modules/@unrs/resolver-binding-linux-riscv64-gnu'
77 silly reify ]
78 verbose reify failed optional dependency /Users/k1zzle/Desktop/velou-shopping-assistant/node_modules/unrs-resolver/node_modules/@unrs/resolver-binding-linux-ppc64-gnu
79 silly reify mark deleted [
79 silly reify   '/Users/k1zzle/Desktop/velou-shopping-assistant/node_modules/unrs-resolver/node_modules/@unrs/resolver-binding-linux-ppc64-gnu'
79 silly reify ]
80 verbose reify failed optional dependency /Users/k1zzle/Desktop/velou-shopping-assistant/node_modules/unrs-resolver/node_modules/@unrs/resolver-binding-linux-arm64-musl
81 silly reify mark deleted [
81 silly reify   '/Users/k1zzle/Desktop/velou-shopping-assistant/node_modules/unrs-resolver/node_modules/@unrs/resolver-binding-linux-arm64-musl'
81 silly reify ]
82 verbose reify failed optional dependency /Users/k1zzle/Desktop/velou-shopping-assistant/node_modules/unrs-resolver/node_modules/@unrs/resolver-binding-linux-arm64-gnu
83 silly reify mark deleted [
83 silly reify   '/Users/k1zzle/Desktop/velou-shopping-assistant/node_modules/unrs-resolver/node_modules/@unrs/resolver-binding-linux-arm64-gnu'
83 silly reify ]
84 verbose reify failed optional dependency /Users/k1zzle/Desktop/velou-shopping-assistant/node_modules/unrs-resolver/node_modules/@unrs/resolver-binding-linux-arm-musleabihf
85 silly reify mark deleted [
85 silly reify   '/Users/k1zzle/Desktop/velou-shopping-assistant/node_modules/unrs-resolver/node_modules/@unrs/resolver-binding-linux-arm-musleabihf'
85 silly reify ]
86 verbose reify failed optional dependency /Users/k1zzle/Desktop/velou-shopping-assistant/node_modules/unrs-resolver/node_modules/@unrs/resolver-binding-linux-arm-gnueabihf
87 silly reify mark deleted [
87 silly reify   '/Users/k1zzle/Desktop/velou-shopping-assistant/node_modules/unrs-resolver/node_modules/@unrs/resolver-binding-linux-arm-gnueabihf'
87 silly reify ]
88 verbose reify failed optional dependency /Users/k1zzle/Desktop/velou-shopping-assistant/node_modules/unrs-resolver/node_modules/@unrs/resolver-binding-freebsd-x64
89 silly reify mark deleted [
89 silly reify   '/Users/k1zzle/Desktop/velou-shopping-assistant/node_modules/unrs-resolver/node_modules/@unrs/resolver-binding-freebsd-x64'
89 silly reify ]
90 verbose reify failed optional dependency /Users/k1zzle/Desktop/velou-shopping-assistant/node_modules/unrs-resolver/node_modules/@unrs/resolver-binding-darwin-x64
91 silly reify mark deleted [
91 silly reify   '/Users/k1zzle/Desktop/velou-shopping-assistant/node_modules/unrs-resolver/node_modules/@unrs/resolver-binding-darwin-x64'
91 silly reify ]
92 verbose reify failed optional dependency /Users/k1zzle/Desktop/velou-shopping-assistant/node_modules/unrs-resolver/node_modules/@unrs/resolver-binding-android-arm64
93 silly reify mark deleted [
93 silly reify   '/Users/k1zzle/Desktop/velou-shopping-assistant/node_modules/unrs-resolver/node_modules/@unrs/resolver-binding-android-arm64'
93 silly reify ]
94 verbose reify failed optional dependency /Users/k1zzle/Desktop/velou-shopping-assistant/node_modules/unrs-resolver/node_modules/@unrs/resolver-binding-android-arm-eabi
95 silly reify mark deleted [
95 silly reify   '/Users/k1zzle/Desktop/velou-shopping-assistant/node_modules/unrs-resolver/node_modules/@unrs/resolver-binding-android-arm-eabi'
95 silly reify ]
96 verbose reify failed optional dependency /Users/k1zzle/Desktop/velou-shopping-assistant/node_modules/sharp/node_modules/@img/sharp-win32-x64
97 silly reify mark deleted [
97 silly reify   '/Users/k1zzle/Desktop/velou-shopping-assistant/node_modules/sharp/node_modules/@img/sharp-win32-x64'
97 silly reify ]
98 verbose reify failed optional dependency /Users/k1zzle/Desktop/velou-shopping-assistant/node_modules/sharp/node_modules/@img/sharp-win32-ia32
99 silly reify mark deleted [
99 silly reify   '/Users/k1zzle/Desktop/velou-shopping-assistant/node_modules/sharp/node_modules/@img/sharp-win32-ia32'
99 silly reify ]
100 verbose reify failed optional dependency /Users/k1zzle/Desktop/velou-shopping-assistant/node_modules/sharp/node_modules/@img/sharp-win32-arm64
101 silly reify mark deleted [
101 silly reify   '/Users/k1zzle/Desktop/velou-shopping-assistant/node_modules/sharp/node_modules/@img/sharp-win32-arm64'
101 silly reify ]
102 verbose reify failed optional dependency /Users/k1zzle/Desktop/velou-shopping-assistant/node_modules/sharp/node_modules/@img/sharp-wasm32
103 silly reify mark deleted [
103 silly reify   '/Users/k1zzle/Desktop/velou-shopping-assistant/node_modules/sharp/node_modules/@img/sharp-wasm32'
103 silly reify ]
104 verbose reify failed optional dependency /Users/k1zzle/Desktop/velou-shopping-assistant/node_modules/sharp/node_modules/@img/sharp-linuxmusl-x64
105 silly reify mark deleted [
105 silly reify   '/Users/k1zzle/Desktop/velou-shopping-assistant/node_modules/sharp/node_modules/@img/sharp-linuxmusl-x64'
105 silly reify ]
106 verbose reify failed optional dependency /Users/k1zzle/Desktop/velou-shopping-assistant/node_modules/sharp/node_modules/@img/sharp-linuxmusl-arm64
107 silly reify mark deleted [
107 silly reify   '/Users/k1zzle/Desktop/velou-shopping-assistant/node_modules/sharp/node_modules/@img/sharp-linuxmusl-arm64'
107 silly reify ]
108 verbose reify failed optional dependency /Users/k1zzle/Desktop/velou-shopping-assistant/node_modules/sharp/node_modules/@img/sharp-linux-x64
109 silly reify mark deleted [
109 silly reify   '/Users/k1zzle/Desktop/velou-shopping-assistant/node_modules/sharp/node_modules/@img/sharp-linux-x64'
109 silly reify ]
110 verbose reify failed optional dependency /Users/k1zzle/Desktop/velou-shopping-assistant/node_modules/sharp/node_modules/@img/sharp-linux-s390x
111 silly reify mark deleted [
111 silly reify   '/Users/k1zzle/Desktop/velou-shopping-assistant/node_modules/sharp/node_modules/@img/sharp-linux-s390x'
111 silly reify ]
112 verbose reify failed optional dependency /Users/k1zzle/Desktop/velou-shopping-assistant/node_modules/sharp/node_modules/@img/sharp-linux-riscv64
113 silly reify mark deleted [
113 silly reify   '/Users/k1zzle/Desktop/velou-shopping-assistant/node_modules/sharp/node_modules/@img/sharp-linux-riscv64'
113 silly reify ]
114 verbose reify failed optional dependency /Users/k1zzle/Desktop/velou-shopping-assistant/node_modules/sharp/node_modules/@img/sharp-linux-ppc64
115 silly reify mark deleted [
115 silly reify   '/Users/k1zzle/Desktop/velou-shopping-assistant/node_modules/sharp/node_modules/@img/sharp-linux-ppc64'
115 silly reify ]
116 verbose reify failed optional dependency /Users/k1zzle/Desktop/velou-shopping-assistant/node_modules/sharp/node_modules/@img/sharp-linux-arm64
117 silly reify mark deleted [
117 silly reify   '/Users/k1zzle/Desktop/velou-shopping-assistant/node_modules/sharp/node_modules/@img/sharp-linux-arm64'
117 silly reify ]
118 verbose reify failed optional dependency /Users/k1zzle/Desktop/velou-shopping-assistant/node_modules/sharp/node_modules/@img/sharp-linux-arm
119 silly reify mark deleted [
119 silly reify   '/Users/k1zzle/Desktop/velou-shopping-assistant/node_modules/sharp/node_modules/@img/sharp-linux-arm'
119 silly reify ]
120 verbose reify failed optional dependency /Users/k1zzle/Desktop/velou-shopping-assistant/node_modules/sharp/node_modules/@img/sharp-libvips-linuxmusl-x64
121 silly reify mark deleted [
121 silly reify   '/Users/k1zzle/Desktop/velou-shopping-assistant/node_modules/sharp/node_modules/@img/sharp-libvips-linuxmusl-x64'
121 silly reify ]
122 verbose reify failed optional dependency /Users/k1zzle/Desktop/velou-shopping-assistant/node_modules/sharp/node_modules/@img/sharp-libvips-linuxmusl-arm64
123 silly reify mark deleted [
123 silly reify   '/Users/k1zzle/Desktop/velou-shopping-assistant/node_modules/sharp/node_modules/@img/sharp-libvips-linuxmusl-arm64'
123 silly reify ]
124 verbose reify failed optional dependency /Users/k1zzle/Desktop/velou-shopping-assistant/node_modules/sharp/node_modules/@img/sharp-libvips-linux-x64
125 silly reify mark deleted [
125 silly reify   '/Users/k1zzle/Desktop/velou-shopping-assistant/node_modules/sharp/node_modules/@img/sharp-libvips-linux-x64'
125 silly reify ]
126 verbose reify failed optional dependency /Users/k1zzle/Desktop/velou-shopping-assistant/node_modules/sharp/node_modules/@img/sharp-libvips-linux-s390x
127 silly reify mark deleted [
127 silly reify   '/Users/k1zzle/Desktop/velou-shopping-assistant/node_modules/sharp/node_modules/@img/sharp-libvips-linux-s390x'
127 silly reify ]
128 verbose reify failed optional dependency /Users/k1zzle/Desktop/velou-shopping-assistant/node_modules/sharp/node_modules/@img/sharp-libvips-linux-riscv64
129 silly reify mark deleted [
129 silly reify   '/Users/k1zzle/Desktop/velou-shopping-assistant/node_modules/sharp/node_modules/@img/sharp-libvips-linux-riscv64'
129 silly reify ]
130 verbose reify failed optional dependency /Users/k1zzle/Desktop/velou-shopping-assistant/node_modules/sharp/node_modules/@img/sharp-libvips-linux-ppc64
131 silly reify mark deleted [
131 silly reify   '/Users/k1zzle/Desktop/velou-shopping-assistant/node_modules/sharp/node_modules/@img/sharp-libvips-linux-ppc64'
131 silly reify ]
132 verbose reify failed optional dependency /Users/k1zzle/Desktop/velou-shopping-assistant/node_modules/sharp/node_modules/@img/sharp-libvips-linux-arm64
133 silly reify mark deleted [
133 silly reify   '/Users/k1zzle/Desktop/velou-shopping-assistant/node_modules/sharp/node_modules/@img/sharp-libvips-linux-arm64'
133 silly reify ]
134 verbose reify failed optional dependency /Users/k1zzle/Desktop/velou-shopping-assistant/node_modules/sharp/node_modules/@img/sharp-libvips-linux-arm
135 silly reify mark deleted [
135 silly reify   '/Users/k1zzle/Desktop/velou-shopping-assistant/node_modules/sharp/node_modules/@img/sharp-libvips-linux-arm'
135 silly reify ]
136 verbose reify failed optional dependency /Users/k1zzle/Desktop/velou-shopping-assistant/node_modules/sharp/node_modules/@img/sharp-libvips-darwin-x64
137 silly reify mark deleted [
137 silly reify   '/Users/k1zzle/Desktop/velou-shopping-assistant/node_modules/sharp/node_modules/@img/sharp-libvips-darwin-x64'
137 silly reify ]
138 verbose reify failed optional dependency /Users/k1zzle/Desktop/velou-shopping-assistant/node_modules/sharp/node_modules/@img/sharp-darwin-x64
139 silly reify mark deleted [
139 silly reify   '/Users/k1zzle/Desktop/velou-shopping-assistant/node_modules/sharp/node_modules/@img/sharp-darwin-x64'
139 silly reify ]
140 verbose reify failed optional dependency /Users/k1zzle/Desktop/velou-shopping-assistant/node_modules/next/node_modules/@next/swc-win32-x64-msvc
141 silly reify mark deleted [
141 silly reify   '/Users/k1zzle/Desktop/velou-shopping-assistant/node_modules/next/node_modules/@next/swc-win32-x64-msvc'
141 silly reify ]
142 verbose reify failed optional dependency /Users/k1zzle/Desktop/velou-shopping-assistant/node_modules/next/node_modules/@next/swc-win32-arm64-msvc
143 silly reify mark deleted [
143 silly reify   '/Users/k1zzle/Desktop/velou-shopping-assistant/node_modules/next/node_modules/@next/swc-win32-arm64-msvc'
143 silly reify ]
144 verbose reify failed optional dependency /Users/k1zzle/Desktop/velou-shopping-assistant/node_modules/next/node_modules/@next/swc-linux-x64-musl
145 silly reify mark deleted [
145 silly reify   '/Users/k1zzle/Desktop/velou-shopping-assistant/node_modules/next/node_modules/@next/swc-linux-x64-musl'
145 silly reify ]
146 verbose reify failed optional dependency /Users/k1zzle/Desktop/velou-shopping-assistant/node_modules/next/node_modules/@next/swc-linux-x64-gnu
147 silly reify mark deleted [
147 silly reify   '/Users/k1zzle/Desktop/velou-shopping-assistant/node_modules/next/node_modules/@next/swc-linux-x64-gnu'
147 silly reify ]
148 verbose reify failed optional dependency /Users/k1zzle/Desktop/velou-shopping-assistant/node_modules/next/node_modules/@next/swc-linux-arm64-musl
149 silly reify mark deleted [
149 silly reify   '/Users/k1zzle/Desktop/velou-shopping-assistant/node_modules/next/node_modules/@next/swc-linux-arm64-musl'
149 silly reify ]
150 verbose reify failed optional dependency /Users/k1zzle/Desktop/velou-shopping-assistant/node_modules/next/node_modules/@next/swc-linux-arm64-gnu
151 silly reify mark deleted [
151 silly reify   '/Users/k1zzle/Desktop/velou-shopping-assistant/node_modules/next/node_modules/@next/swc-linux-arm64-gnu'
151 silly reify ]
152 verbose reify failed optional dependency /Users/k1zzle/Desktop/velou-shopping-assistant/node_modules/next/node_modules/@next/swc-darwin-x64
153 silly reify mark deleted [
153 silly reify   '/Users/k1zzle/Desktop/velou-shopping-assistant/node_modules/next/node_modules/@next/swc-darwin-x64'
153 silly reify ]
154 verbose reify failed optional dependency /Users/k1zzle/Desktop/velou-shopping-assistant/node_modules/lightningcss/node_modules/lightningcss-win32-x64-msvc
155 silly reify mark deleted [
155 silly reify   '/Users/k1zzle/Desktop/velou-shopping-assistant/node_modules/lightningcss/node_modules/lightningcss-win32-x64-msvc'
155 silly reify ]
156 verbose reify failed optional dependency /Users/k1zzle/Desktop/velou-shopping-assistant/node_modules/lightningcss/node_modules/lightningcss-win32-arm64-msvc
157 silly reify mark deleted [
157 silly reify   '/Users/k1zzle/Desktop/velou-shopping-assistant/node_modules/lightningcss/node_modules/lightningcss-win32-arm64-msvc'
157 silly reify ]
158 verbose reify failed optional dependency /Users/k1zzle/Desktop/velou-shopping-assistant/node_modules/lightningcss/node_modules/lightningcss-linux-x64-musl
159 silly reify mark deleted [
159 silly reify   '/Users/k1zzle/Desktop/velou-shopping-assistant/node_modules/lightningcss/node_modules/lightningcss-linux-x64-musl'
159 silly reify ]
160 verbose reify failed optional dependency /Users/k1zzle/Desktop/velou-shopping-assistant/node_modules/lightningcss/node_modules/lightningcss-linux-x64-gnu
161 silly reify mark deleted [
161 silly reify   '/Users/k1zzle/Desktop/velou-shopping-assistant/node_modules/lightningcss/node_modules/lightningcss-linux-x64-gnu'
161 silly reify ]
162 verbose reify failed optional dependency /Users/k1zzle/Desktop/velou-shopping-assistant/node_modules/lightningcss/node_modules/lightningcss-linux-arm64-musl
163 silly reify mark deleted [
163 silly reify   '/Users/k1zzle/Desktop/velou-shopping-assistant/node_modules/lightningcss/node_modules/lightningcss-linux-arm64-musl'
163 silly reify ]
164 verbose reify failed optional dependency /Users/k1zzle/Desktop/velou-shopping-assistant/node_modules/lightningcss/node_modules/lightningcss-linux-arm64-gnu
165 silly reify mark deleted [
165 silly reify   '/Users/k1zzle/Desktop/velou-shopping-assistant/node_modules/lightningcss/node_modules/lightningcss-linux-arm64-gnu'
165 silly reify ]
166 verbose reify failed optional dependency /Users/k1zzle/Desktop/velou-shopping-assistant/node_modules/lightningcss/node_modules/lightningcss-linux-arm-gnueabihf
167 silly reify mark deleted [
167 silly reify   '/Users/k1zzle/Desktop/velou-shopping-assistant/node_modules/lightningcss/node_modules/lightningcss-linux-arm-gnueabihf'
167 silly reify ]
168 verbose reify failed optional dependency /Users/k1zzle/Desktop/velou-shopping-assistant/node_modules/lightningcss/node_modules/lightningcss-freebsd-x64
169 silly reify mark deleted [
169 silly reify   '/Users/k1zzle/Desktop/velou-shopping-assistant/node_modules/lightningcss/node_modules/lightningcss-freebsd-x64'
169 silly reify ]
170 verbose reify failed optional dependency /Users/k1zzle/Desktop/velou-shopping-assistant/node_modules/lightningcss/node_modules/lightningcss-darwin-x64
171 silly reify mark deleted [
171 silly reify   '/Users/k1zzle/Desktop/velou-shopping-assistant/node_modules/lightningcss/node_modules/lightningcss-darwin-x64'
171 silly reify ]
172 verbose reify failed optional dependency /Users/k1zzle/Desktop/velou-shopping-assistant/node_modules/lightningcss/node_modules/lightningcss-android-arm64
173 silly reify mark deleted [
173 silly reify   '/Users/k1zzle/Desktop/velou-shopping-assistant/node_modules/lightningcss/node_modules/lightningcss-android-arm64'
173 silly reify ]
174 verbose reify failed optional dependency /Users/k1zzle/Desktop/velou-shopping-assistant/node_modules/esbuild/node_modules/@esbuild/win32-x64
175 silly reify mark deleted [
175 silly reify   '/Users/k1zzle/Desktop/velou-shopping-assistant/node_modules/esbuild/node_modules/@esbuild/win32-x64'
175 silly reify ]
176 verbose reify failed optional dependency /Users/k1zzle/Desktop/velou-shopping-assistant/node_modules/esbuild/node_modules/@esbuild/win32-ia32
177 silly reify mark deleted [
177 silly reify   '/Users/k1zzle/Desktop/velou-shopping-assistant/node_modules/esbuild/node_modules/@esbuild/win32-ia32'
177 silly reify ]
178 verbose reify failed optional dependency /Users/k1zzle/Desktop/velou-shopping-assistant/node_modules/esbuild/node_modules/@esbuild/win32-arm64
179 silly reify mark deleted [
179 silly reify   '/Users/k1zzle/Desktop/velou-shopping-assistant/node_modules/esbuild/node_modules/@esbuild/win32-arm64'
179 silly reify ]
180 verbose reify failed optional dependency /Users/k1zzle/Desktop/velou-shopping-assistant/node_modules/esbuild/node_modules/@esbuild/sunos-x64
181 silly reify mark deleted [
181 silly reify   '/Users/k1zzle/Desktop/velou-shopping-assistant/node_modules/esbuild/node_modules/@esbuild/sunos-x64'
181 silly reify ]
182 verbose reify failed optional dependency /Users/k1zzle/Desktop/velou-shopping-assistant/node_modules/esbuild/node_modules/@esbuild/openharmony-arm64
183 silly reify mark deleted [
183 silly reify   '/Users/k1zzle/Desktop/velou-shopping-assistant/node_modules/esbuild/node_modules/@esbuild/openharmony-arm64'
183 silly reify ]
184 verbose reify failed optional dependency /Users/k1zzle/Desktop/velou-shopping-assistant/node_modules/esbuild/node_modules/@esbuild/openbsd-x64
185 silly reify mark deleted [
185 silly reify   '/Users/k1zzle/Desktop/velou-shopping-assistant/node_modules/esbuild/node_modules/@esbuild/openbsd-x64'
185 silly reify ]
186 verbose reify failed optional dependency /Users/k1zzle/Desktop/velou-shopping-assistant/node_modules/esbuild/node_modules/@esbuild/openbsd-arm64
187 silly reify mark deleted [
187 silly reify   '/Users/k1zzle/Desktop/velou-shopping-assistant/node_modules/esbuild/node_modules/@esbuild/openbsd-arm64'
187 silly reify ]
188 verbose reify failed optional dependency /Users/k1zzle/Desktop/velou-shopping-assistant/node_modules/esbuild/node_modules/@esbuild/netbsd-x64
189 silly reify mark deleted [
189 silly reify   '/Users/k1zzle/Desktop/velou-shopping-assistant/node_modules/esbuild/node_modules/@esbuild/netbsd-x64'
189 silly reify ]
190 verbose reify failed optional dependency /Users/k1zzle/Desktop/velou-shopping-assistant/node_modules/esbuild/node_modules/@esbuild/netbsd-arm64
191 silly reify mark deleted [
191 silly reify   '/Users/k1zzle/Desktop/velou-shopping-assistant/node_modules/esbuild/node_modules/@esbuild/netbsd-arm64'
191 silly reify ]
192 verbose reify failed optional dependency /Users/k1zzle/Desktop/velou-shopping-assistant/node_modules/esbuild/node_modules/@esbuild/linux-x64
193 silly reify mark deleted [
193 silly reify   '/Users/k1zzle/Desktop/velou-shopping-assistant/node_modules/esbuild/node_modules/@esbuild/linux-x64'
193 silly reify ]
194 verbose reify failed optional dependency /Users/k1zzle/Desktop/velou-shopping-assistant/node_modules/esbuild/node_modules/@esbuild/linux-s390x
195 silly reify mark deleted [
195 silly reify   '/Users/k1zzle/Desktop/velou-shopping-assistant/node_modules/esbuild/node_modules/@esbuild/linux-s390x'
195 silly reify ]
196 verbose reify failed optional dependency /Users/k1zzle/Desktop/velou-shopping-assistant/node_modules/esbuild/node_modules/@esbuild/linux-riscv64
197 silly reify mark deleted [
197 silly reify   '/Users/k1zzle/Desktop/velou-shopping-assistant/node_modules/esbuild/node_modules/@esbuild/linux-riscv64'
197 silly reify ]
198 verbose reify failed optional dependency /Users/k1zzle/Desktop/velou-shopping-assistant/node_modules/esbuild/node_modules/@esbuild/linux-ppc64
199 silly reify mark deleted [
199 silly reify   '/Users/k1zzle/Desktop/velou-shopping-assistant/node_modules/esbuild/node_modules/@esbuild/linux-ppc64'
199 silly reify ]
200 verbose reify failed optional dependency /Users/k1zzle/Desktop/velou-shopping-assistant/node_modules/esbuild/node_modules/@esbuild/linux-mips64el
201 silly reify mark deleted [
201 silly reify   '/Users/k1zzle/Desktop/velou-shopping-assistant/node_modules/esbuild/node_modules/@esbuild/linux-mips64el'
201 silly reify ]
202 verbose reify failed optional dependency /Users/k1zzle/Desktop/velou-shopping-assistant/node_modules/esbuild/node_modules/@esbuild/linux-loong64
203 silly reify mark deleted [
203 silly reify   '/Users/k1zzle/Desktop/velou-shopping-assistant/node_modules/esbuild/node_modules/@esbuild/linux-loong64'
203 silly reify ]
204 verbose reify failed optional dependency /Users/k1zzle/Desktop/velou-shopping-assistant/node_modules/esbuild/node_modules/@esbuild/linux-ia32
205 silly reify mark deleted [
205 silly reify   '/Users/k1zzle/Desktop/velou-shopping-assistant/node_modules/esbuild/node_modules/@esbuild/linux-ia32'
205 silly reify ]
206 verbose reify failed optional dependency /Users/k1zzle/Desktop/velou-shopping-assistant/node_modules/esbuild/node_modules/@esbuild/linux-arm64
207 silly reify mark deleted [
207 silly reify   '/Users/k1zzle/Desktop/velou-shopping-assistant/node_modules/esbuild/node_modules/@esbuild/linux-arm64'
207 silly reify ]
208 verbose reify failed optional dependency /Users/k1zzle/Desktop/velou-shopping-assistant/node_modules/esbuild/node_modules/@esbuild/linux-arm
209 silly reify mark deleted [
209 silly reify   '/Users/k1zzle/Desktop/velou-shopping-assistant/node_modules/esbuild/node_modules/@esbuild/linux-arm'
209 silly reify ]
210 verbose reify failed optional dependency /Users/k1zzle/Desktop/velou-shopping-assistant/node_modules/esbuild/node_modules/@esbuild/freebsd-x64
211 silly reify mark deleted [
211 silly reify   '/Users/k1zzle/Desktop/velou-shopping-assistant/node_modules/esbuild/node_modules/@esbuild/freebsd-x64'
211 silly reify ]
212 verbose reify failed optional dependency /Users/k1zzle/Desktop/velou-shopping-assistant/node_modules/esbuild/node_modules/@esbuild/freebsd-arm64
213 silly reify mark deleted [
213 silly reify   '/Users/k1zzle/Desktop/velou-shopping-assistant/node_modules/esbuild/node_modules/@esbuild/freebsd-arm64'
213 silly reify ]
214 verbose reify failed optional dependency /Users/k1zzle/Desktop/velou-shopping-assistant/node_modules/esbuild/node_modules/@esbuild/darwin-x64
215 silly reify mark deleted [
215 silly reify   '/Users/k1zzle/Desktop/velou-shopping-assistant/node_modules/esbuild/node_modules/@esbuild/darwin-x64'
215 silly reify ]
216 verbose reify failed optional dependency /Users/k1zzle/Desktop/velou-shopping-assistant/node_modules/esbuild/node_modules/@esbuild/android-x64
217 silly reify mark deleted [
217 silly reify   '/Users/k1zzle/Desktop/velou-shopping-assistant/node_modules/esbuild/node_modules/@esbuild/android-x64'
217 silly reify ]
218 verbose reify failed optional dependency /Users/k1zzle/Desktop/velou-shopping-assistant/node_modules/esbuild/node_modules/@esbuild/android-arm64
219 silly reify mark deleted [
219 silly reify   '/Users/k1zzle/Desktop/velou-shopping-assistant/node_modules/esbuild/node_modules/@esbuild/android-arm64'
219 silly reify ]
220 verbose reify failed optional dependency /Users/k1zzle/Desktop/velou-shopping-assistant/node_modules/esbuild/node_modules/@esbuild/android-arm
221 silly reify mark deleted [
221 silly reify   '/Users/k1zzle/Desktop/velou-shopping-assistant/node_modules/esbuild/node_modules/@esbuild/android-arm'
221 silly reify ]
222 verbose reify failed optional dependency /Users/k1zzle/Desktop/velou-shopping-assistant/node_modules/esbuild/node_modules/@esbuild/aix-ppc64
223 silly reify mark deleted [
223 silly reify   '/Users/k1zzle/Desktop/velou-shopping-assistant/node_modules/esbuild/node_modules/@esbuild/aix-ppc64'
223 silly reify ]
224 verbose reify failed optional dependency /Users/k1zzle/Desktop/velou-shopping-assistant/node_modules/@tailwindcss/oxide/node_modules/@tailwindcss/oxide-win32-x64-msvc
225 silly reify mark deleted [
225 silly reify   '/Users/k1zzle/Desktop/velou-shopping-assistant/node_modules/@tailwindcss/oxide/node_modules/@tailwindcss/oxide-win32-x64-msvc'
225 silly reify ]
226 verbose reify failed optional dependency /Users/k1zzle/Desktop/velou-shopping-assistant/node_modules/@tailwindcss/oxide/node_modules/@tailwindcss/oxide-win32-arm64-msvc
227 silly reify mark deleted [
227 silly reify   '/Users/k1zzle/Desktop/velou-shopping-assistant/node_modules/@tailwindcss/oxide/node_modules/@tailwindcss/oxide-win32-arm64-msvc'
227 silly reify ]
228 verbose reify failed optional dependency /Users/k1zzle/Desktop/velou-shopping-assistant/node_modules/@tailwindcss/oxide/node_modules/@tailwindcss/oxide-linux-x64-musl
229 silly reify mark deleted [
229 silly reify   '/Users/k1zzle/Desktop/velou-shopping-assistant/node_modules/@tailwindcss/oxide/node_modules/@tailwindcss/oxide-linux-x64-musl'
229 silly reify ]
230 verbose reify failed optional dependency /Users/k1zzle/Desktop/velou-shopping-assistant/node_modules/@tailwindcss/oxide/node_modules/@tailwindcss/oxide-linux-x64-gnu
231 silly reify mark deleted [
231 silly reify   '/Users/k1zzle/Desktop/velou-shopping-assistant/node_modules/@tailwindcss/oxide/node_modules/@tailwindcss/oxide-linux-x64-gnu'
231 silly reify ]
232 verbose reify failed optional dependency /Users/k1zzle/Desktop/velou-shopping-assistant/node_modules/@tailwindcss/oxide/node_modules/@tailwindcss/oxide-linux-arm64-musl
233 silly reify mark deleted [
233 silly reify   '/Users/k1zzle/Desktop/velou-shopping-assistant/node_modules/@tailwindcss/oxide/node_modules/@tailwindcss/oxide-linux-arm64-musl'
233 silly reify ]
234 verbose reify failed optional dependency /Users/k1zzle/Desktop/velou-shopping-assistant/node_modules/@tailwindcss/oxide/node_modules/@tailwindcss/oxide-linux-arm64-gnu
235 silly reify mark deleted [
235 silly reify   '/Users/k1zzle/Desktop/velou-shopping-assistant/node_modules/@tailwindcss/oxide/node_modules/@tailwindcss/oxide-linux-arm64-gnu'
235 silly reify ]
236 verbose reify failed optional dependency /Users/k1zzle/Desktop/velou-shopping-assistant/node_modules/@tailwindcss/oxide/node_modules/@tailwindcss/oxide-linux-arm-gnueabihf
237 silly reify mark deleted [
237 silly reify   '/Users/k1zzle/Desktop/velou-shopping-assistant/node_modules/@tailwindcss/oxide/node_modules/@tailwindcss/oxide-linux-arm-gnueabihf'
237 silly reify ]
238 verbose reify failed optional dependency /Users/k1zzle/Desktop/velou-shopping-assistant/node_modules/@tailwindcss/oxide/node_modules/@tailwindcss/oxide-freebsd-x64
239 silly reify mark deleted [
239 silly reify   '/Users/k1zzle/Desktop/velou-shopping-assistant/node_modules/@tailwindcss/oxide/node_modules/@tailwindcss/oxide-freebsd-x64'
239 silly reify ]
240 verbose reify failed optional dependency /Users/k1zzle/Desktop/velou-shopping-assistant/node_modules/@tailwindcss/oxide/node_modules/@tailwindcss/oxide-darwin-x64
241 silly reify mark deleted [
241 silly reify   '/Users/k1zzle/Desktop/velou-shopping-assistant/node_modules/@tailwindcss/oxide/node_modules/@tailwindcss/oxide-darwin-x64'
241 silly reify ]
242 verbose reify failed optional dependency /Users/k1zzle/Desktop/velou-shopping-assistant/node_modules/@tailwindcss/oxide/node_modules/@tailwindcss/oxide-android-arm64
243 silly reify mark deleted [
243 silly reify   '/Users/k1zzle/Desktop/velou-shopping-assistant/node_modules/@tailwindcss/oxide/node_modules/@tailwindcss/oxide-android-arm64'
243 silly reify ]
244 silly tarball no local data for prisma@https://registry.npmjs.org/prisma/-/prisma-5.19.1.tgz. Extracting by manifest.
245 silly tarball no local data for @prisma/client@https://registry.npmjs.org/@prisma/client/-/client-5.19.1.tgz. Extracting by manifest.
246 http fetch GET 200 https://registry.npmjs.org/prisma/-/prisma-5.19.1.tgz 201ms (cache miss)
247 http fetch GET 200 https://registry.npmjs.org/@prisma/client/-/client-5.19.1.tgz 273ms (cache miss)
248 info run prisma@5.19.1 preinstall node_modules/prisma node scripts/preinstall-entry.js
249 info run prisma@5.19.1 preinstall { code: 0, signal: null }
250 http fetch POST 200 https://registry.npmjs.org/-/npm/v1/security/advisories/bulk 316ms
251 silly audit report {}
252 info run @prisma/client@5.19.1 postinstall node_modules/@prisma/client node scripts/postinstall.js
253 info run @prisma/engines@5.19.1 postinstall node_modules/@prisma/engines node scripts/postinstall.js
254 info run @prisma/engines@5.19.1 postinstall { code: 0, signal: null }
255 info run @prisma/client@5.19.1 postinstall { code: null, signal: 'SIGKILL' }
256 verbose stack Error: command failed
256 verbose stack     at promiseSpawn (/opt/homebrew/Cellar/node@20/20.19.0_1/lib/node_modules/npm/node_modules/@npmcli/promise-spawn/lib/index.js:22:22)
256 verbose stack     at spawnWithShell (/opt/homebrew/Cellar/node@20/20.19.0_1/lib/node_modules/npm/node_modules/@npmcli/promise-spawn/lib/index.js:124:10)
256 verbose stack     at promiseSpawn (/opt/homebrew/Cellar/node@20/20.19.0_1/lib/node_modules/npm/node_modules/@npmcli/promise-spawn/lib/index.js:12:12)
256 verbose stack     at runScriptPkg (/opt/homebrew/Cellar/node@20/20.19.0_1/lib/node_modules/npm/node_modules/@npmcli/run-script/lib/run-script-pkg.js:77:13)
256 verbose stack     at runScript (/opt/homebrew/Cellar/node@20/20.19.0_1/lib/node_modules/npm/node_modules/@npmcli/run-script/lib/run-script.js:9:12)
256 verbose stack     at /opt/homebrew/Cellar/node@20/20.19.0_1/lib/node_modules/npm/node_modules/@npmcli/arborist/lib/arborist/rebuild.js:329:17
256 verbose stack     at run (/opt/homebrew/Cellar/node@20/20.19.0_1/lib/node_modules/npm/node_modules/promise-call-limit/dist/commonjs/index.js:67:22)
256 verbose stack     at /opt/homebrew/Cellar/node@20/20.19.0_1/lib/node_modules/npm/node_modules/promise-call-limit/dist/commonjs/index.js:84:9
256 verbose stack     at new Promise (<anonymous>)
256 verbose stack     at callLimit (/opt/homebrew/Cellar/node@20/20.19.0_1/lib/node_modules/npm/node_modules/promise-call-limit/dist/commonjs/index.js:35:69)
257 verbose pkgid @prisma/client@5.19.1
258 error path /Users/k1zzle/Desktop/velou-shopping-assistant/node_modules/@prisma/client
259 error command failed
260 error signal SIGKILL
261 error command sh -c node scripts/postinstall.js
262 error Prisma schema loaded from prisma/schema.prisma
262 error
262 error ✔ Generated Prisma Client (v5.19.1) to ./node_modules/@prisma/client in 64ms
262 error
262 error Start by importing your Prisma Client (See: http://pris.ly/d/importing-client)
262 error
262 error Tip: Want to turn off tips and other hints? https://pris.ly/tip-4-nohints
263 silly unfinished npm timer reify 1763571904182
264 silly unfinished npm timer reify:build 1763571905735
265 silly unfinished npm timer build 1763571905736
266 silly unfinished npm timer build:deps 1763571905736
267 silly unfinished npm timer build:run:postinstall 1763571905772
268 silly unfinished npm timer build:run:postinstall:node_modules/@prisma/client 1763571905772
269 verbose cwd /Users/k1zzle/Desktop/velou-shopping-assistant
270 verbose os Darwin 24.5.0
271 verbose node v20.19.0
272 verbose npm  v10.8.2
273 verbose exit 1
274 verbose code 1
275 error A complete log of this run can be found in: /Users/k1zzle/Desktop/velou-shopping-assistant/.npm-cache/_logs/2025-11-19T17_05_04_019Z-debug-0.log
