0 verbose cli /opt/homebrew/Cellar/node@20/20.19.0_1/bin/node /opt/homebrew/opt/node@20/bin/npm
1 info using npm@10.8.2
2 info using node@v20.19.0
3 silly config load:file:/opt/homebrew/Cellar/node@20/20.19.0_1/lib/node_modules/npm/npmrc
4 silly config load:file:/Users/k1zzle/Desktop/velou-shopping-assistant/.npmrc
5 silly config load:file:/Users/k1zzle/.npmrc
6 silly config load:file:/opt/homebrew/etc/npmrc
7 verbose title npm install
8 verbose argv "install"
9 verbose logfile logs-max:10 dir:/Users/k1zzle/Desktop/velou-shopping-assistant/.npm-cache/_logs/2025-11-19T16_28_51_559Z-
10 verbose logfile /Users/k1zzle/Desktop/velou-shopping-assistant/.npm-cache/_logs/2025-11-19T16_28_51_559Z-debug-0.log
11 silly packumentCache heap:4345298944 maxSize:1086324736 maxEntrySize:543162368
12 silly logfile done cleaning log files
13 silly idealTree buildDeps
14 silly fetch manifest @prisma/client@^5.19.1
15 silly packumentCache full:https://registry.npmjs.org/@prisma%2fclient cache-miss
16 verbose shrinkwrap failed to load node_modules/.package-lock.json out of date, updated: node_modules
17 http fetch GET 200 https://registry.npmjs.org/@prisma%2fclient 71ms (cache hit)
18 silly packumentCache full:https://registry.npmjs.org/@prisma%2fclient set size:65135455 disposed:false
19 silly fetch manifest prisma@^5.19.1
20 silly packumentCache full:https://registry.npmjs.org/prisma cache-miss
21 http fetch GET 200 https://registry.npmjs.org/prisma 80ms (cache hit)
22 silly packumentCache full:https://registry.npmjs.org/prisma set size:41458536 disposed:false
23 silly fetch manifest tsx@^4.19.1
24 silly packumentCache full:https://registry.npmjs.org/tsx cache-miss
25 http fetch GET 200 https://registry.npmjs.org/tsx 3ms (cache hit)
26 silly packumentCache full:https://registry.npmjs.org/tsx set size:287318 disposed:false
27 silly placeDep ROOT @prisma/client@5.22.0 REPLACE for: velou-shopping-assistant@0.1.0 want: ^5.19.1
28 silly placeDep ROOT tsx@4.20.6 OK for: velou-shopping-assistant@0.1.0 want: ^4.19.1
29 silly fetch manifest esbuild@~0.25.0
30 silly packumentCache full:https://registry.npmjs.org/esbuild cache-miss
31 http fetch GET 200 https://registry.npmjs.org/esbuild 2ms (cache hit)
32 silly packumentCache full:https://registry.npmjs.org/esbuild set size:1234639 disposed:false
33 silly placeDep ROOT esbuild@0.25.12 OK for: tsx@4.20.6 want: ~0.25.0
34 silly fetch manifest @esbuild/aix-ppc64@0.25.12
35 silly packumentCache full:https://registry.npmjs.org/@esbuild%2faix-ppc64 cache-miss
36 silly fetch manifest @esbuild/linux-arm@0.25.12
37 silly packumentCache full:https://registry.npmjs.org/@esbuild%2flinux-arm cache-miss
38 silly fetch manifest @esbuild/linux-x64@0.25.12
39 silly packumentCache full:https://registry.npmjs.org/@esbuild%2flinux-x64 cache-miss
40 silly fetch manifest @esbuild/sunos-x64@0.25.12
41 silly packumentCache full:https://registry.npmjs.org/@esbuild%2fsunos-x64 cache-miss
42 silly fetch manifest @esbuild/win32-x64@0.25.12
43 silly packumentCache full:https://registry.npmjs.org/@esbuild%2fwin32-x64 cache-miss
44 silly fetch manifest @esbuild/darwin-x64@0.25.12
45 silly packumentCache full:https://registry.npmjs.org/@esbuild%2fdarwin-x64 cache-miss
46 silly fetch manifest @esbuild/linux-ia32@0.25.12
47 silly packumentCache full:https://registry.npmjs.org/@esbuild%2flinux-ia32 cache-miss
48 http fetch GET 200 https://registry.npmjs.org/@esbuild%2faix-ppc64 5ms (cache hit)
49 silly packumentCache full:https://registry.npmjs.org/@esbuild%2faix-ppc64 set size:51056 disposed:false
50 silly fetch manifest @esbuild/netbsd-x64@0.25.12
51 silly packumentCache full:https://registry.npmjs.org/@esbuild%2fnetbsd-x64 cache-miss
52 http fetch GET 200 https://registry.npmjs.org/@esbuild%2flinux-arm 5ms (cache hit)
53 silly packumentCache full:https://registry.npmjs.org/@esbuild%2flinux-arm set size:181984 disposed:false
54 silly fetch manifest @esbuild/win32-ia32@0.25.12
55 silly packumentCache full:https://registry.npmjs.org/@esbuild%2fwin32-ia32 cache-miss
56 http fetch GET 200 https://registry.npmjs.org/@esbuild%2flinux-x64 6ms (cache hit)
57 silly packumentCache full:https://registry.npmjs.org/@esbuild%2flinux-x64 set size:182307 disposed:false
58 silly fetch manifest @esbuild/android-arm@0.25.12
59 silly packumentCache full:https://registry.npmjs.org/@esbuild%2fandroid-arm cache-miss
60 http fetch GET 200 https://registry.npmjs.org/@esbuild%2flinux-ia32 8ms (cache hit)
61 silly packumentCache full:https://registry.npmjs.org/@esbuild%2flinux-ia32 set size:182913 disposed:false
62 silly fetch manifest @esbuild/android-x64@0.25.12
63 silly packumentCache full:https://registry.npmjs.org/@esbuild%2fandroid-x64 cache-miss
64 http fetch GET 200 https://registry.npmjs.org/@esbuild%2fsunos-x64 8ms (cache hit)
65 silly packumentCache full:https://registry.npmjs.org/@esbuild%2fsunos-x64 set size:182527 disposed:false
66 silly fetch manifest @esbuild/freebsd-x64@0.25.12
67 silly packumentCache full:https://registry.npmjs.org/@esbuild%2ffreebsd-x64 cache-miss
68 http fetch GET 200 https://registry.npmjs.org/@esbuild%2fdarwin-x64 9ms (cache hit)
69 silly packumentCache full:https://registry.npmjs.org/@esbuild%2fdarwin-x64 set size:182962 disposed:false
70 silly fetch manifest @esbuild/linux-arm64@0.25.12
71 silly packumentCache full:https://registry.npmjs.org/@esbuild%2flinux-arm64 cache-miss
72 http fetch GET 200 https://registry.npmjs.org/@esbuild%2fwin32-x64 10ms (cache hit)
73 silly packumentCache full:https://registry.npmjs.org/@esbuild%2fwin32-x64 set size:182530 disposed:false
74 silly fetch manifest @esbuild/linux-ppc64@0.25.12
75 silly packumentCache full:https://registry.npmjs.org/@esbuild%2flinux-ppc64 cache-miss
76 http fetch GET 200 https://registry.npmjs.org/@esbuild%2fnetbsd-x64 8ms (cache hit)
77 silly packumentCache full:https://registry.npmjs.org/@esbuild%2fnetbsd-x64 set size:180836 disposed:false
78 silly fetch manifest @esbuild/linux-s390x@0.25.12
79 silly packumentCache full:https://registry.npmjs.org/@esbuild%2flinux-s390x cache-miss
80 http fetch GET 200 https://registry.npmjs.org/@esbuild%2fwin32-ia32 8ms (cache hit)
81 silly packumentCache full:https://registry.npmjs.org/@esbuild%2fwin32-ia32 set size:183125 disposed:false
82 silly fetch manifest @esbuild/openbsd-x64@0.25.12
83 silly packumentCache full:https://registry.npmjs.org/@esbuild%2fopenbsd-x64 cache-miss
84 http fetch GET 200 https://registry.npmjs.org/@esbuild%2fandroid-x64 6ms (cache hit)
85 silly packumentCache full:https://registry.npmjs.org/@esbuild%2fandroid-x64 set size:182358 disposed:false
86 silly fetch manifest @esbuild/win32-arm64@0.25.12
87 silly packumentCache full:https://registry.npmjs.org/@esbuild%2fwin32-arm64 cache-miss
88 http fetch GET 200 https://registry.npmjs.org/@esbuild%2fandroid-arm 8ms (cache hit)
89 silly packumentCache full:https://registry.npmjs.org/@esbuild%2fandroid-arm set size:208555 disposed:false
90 silly fetch manifest @esbuild/darwin-arm64@0.25.12
91 silly packumentCache full:https://registry.npmjs.org/@esbuild%2fdarwin-arm64 cache-miss
92 http fetch GET 200 https://registry.npmjs.org/@esbuild%2flinux-ppc64 6ms (cache hit)
93 silly packumentCache full:https://registry.npmjs.org/@esbuild%2flinux-ppc64 set size:185846 disposed:false
94 silly fetch manifest @esbuild/netbsd-arm64@0.25.12
95 silly packumentCache full:https://registry.npmjs.org/@esbuild%2fnetbsd-arm64 cache-miss
96 http fetch GET 200 https://registry.npmjs.org/@esbuild%2ffreebsd-x64 8ms (cache hit)
97 silly packumentCache full:https://registry.npmjs.org/@esbuild%2ffreebsd-x64 set size:183768 disposed:false
98 silly fetch manifest @esbuild/android-arm64@0.25.12
99 silly packumentCache full:https://registry.npmjs.org/@esbuild%2fandroid-arm64 cache-miss
100 http fetch GET 200 https://registry.npmjs.org/@esbuild%2flinux-arm64 8ms (cache hit)
101 silly packumentCache full:https://registry.npmjs.org/@esbuild%2flinux-arm64 set size:183952 disposed:false
102 silly fetch manifest @esbuild/freebsd-arm64@0.25.12
103 silly packumentCache full:https://registry.npmjs.org/@esbuild%2ffreebsd-arm64 cache-miss
104 http fetch GET 200 https://registry.npmjs.org/@esbuild%2fopenbsd-x64 7ms (cache hit)
105 silly packumentCache full:https://registry.npmjs.org/@esbuild%2fopenbsd-x64 set size:183771 disposed:false
106 silly fetch manifest @esbuild/linux-loong64@0.25.12
107 silly packumentCache full:https://registry.npmjs.org/@esbuild%2flinux-loong64 cache-miss
108 http fetch GET 200 https://registry.npmjs.org/@esbuild%2fwin32-arm64 7ms (cache hit)
109 silly packumentCache full:https://registry.npmjs.org/@esbuild%2fwin32-arm64 set size:184167 disposed:false
110 silly fetch manifest @esbuild/linux-riscv64@0.25.12
111 silly packumentCache full:https://registry.npmjs.org/@esbuild%2flinux-riscv64 cache-miss
112 http fetch GET 200 https://registry.npmjs.org/@esbuild%2fnetbsd-arm64 6ms (cache hit)
113 silly packumentCache full:https://registry.npmjs.org/@esbuild%2fnetbsd-arm64 set size:27408 disposed:false
114 silly fetch manifest @esbuild/openbsd-arm64@0.25.12
115 silly packumentCache full:https://registry.npmjs.org/@esbuild%2fopenbsd-arm64 cache-miss
116 http fetch GET 200 https://registry.npmjs.org/@esbuild%2fdarwin-arm64 7ms (cache hit)
117 silly packumentCache full:https://registry.npmjs.org/@esbuild%2fdarwin-arm64 set size:184580 disposed:false
118 silly fetch manifest @esbuild/linux-mips64el@0.25.12
119 silly packumentCache full:https://registry.npmjs.org/@esbuild%2flinux-mips64el cache-miss
120 http fetch GET 200 https://registry.npmjs.org/@esbuild%2fandroid-arm64 6ms (cache hit)
121 silly packumentCache full:https://registry.npmjs.org/@esbuild%2fandroid-arm64 set size:187235 disposed:false
122 silly fetch manifest @esbuild/openharmony-arm64@0.25.12
123 silly packumentCache full:https://registry.npmjs.org/@esbuild%2fopenharmony-arm64 cache-miss
124 http fetch GET 200 https://registry.npmjs.org/@esbuild%2flinux-s390x 12ms (cache hit)
125 silly packumentCache full:https://registry.npmjs.org/@esbuild%2flinux-s390x set size:185358 disposed:false
126 http fetch GET 200 https://registry.npmjs.org/@esbuild%2ffreebsd-arm64 7ms (cache hit)
127 silly packumentCache full:https://registry.npmjs.org/@esbuild%2ffreebsd-arm64 set size:185403 disposed:false
128 http fetch GET 200 https://registry.npmjs.org/@esbuild%2fopenbsd-arm64 5ms (cache hit)
129 silly packumentCache full:https://registry.npmjs.org/@esbuild%2fopenbsd-arm64 set size:32662 disposed:false
130 http fetch GET 200 https://registry.npmjs.org/@esbuild%2flinux-loong64 8ms (cache hit)
131 silly packumentCache full:https://registry.npmjs.org/@esbuild%2flinux-loong64 set size:238725 disposed:false
132 http fetch GET 200 https://registry.npmjs.org/@esbuild%2flinux-riscv64 7ms (cache hit)
133 silly packumentCache full:https://registry.npmjs.org/@esbuild%2flinux-riscv64 set size:185523 disposed:false
134 http fetch GET 200 https://registry.npmjs.org/@esbuild%2flinux-mips64el 6ms (cache hit)
135 silly packumentCache full:https://registry.npmjs.org/@esbuild%2flinux-mips64el set size:187453 disposed:false
136 http fetch GET 200 https://registry.npmjs.org/@esbuild%2fopenharmony-arm64 6ms (cache hit)
137 silly packumentCache full:https://registry.npmjs.org/@esbuild%2fopenharmony-arm64 set size:15916 disposed:false
138 silly placeDep ROOT @esbuild/aix-ppc64@0.25.12 OK for: esbuild@0.25.12 want: 0.25.12
139 silly placeDep ROOT @esbuild/android-arm@0.25.12 OK for: esbuild@0.25.12 want: 0.25.12
140 silly placeDep ROOT @esbuild/android-arm64@0.25.12 OK for: esbuild@0.25.12 want: 0.25.12
141 silly placeDep ROOT @esbuild/android-x64@0.25.12 OK for: esbuild@0.25.12 want: 0.25.12
142 silly placeDep ROOT @esbuild/darwin-arm64@0.25.12 OK for: esbuild@0.25.12 want: 0.25.12
143 silly placeDep ROOT @esbuild/darwin-x64@0.25.12 OK for: esbuild@0.25.12 want: 0.25.12
144 silly placeDep ROOT @esbuild/freebsd-arm64@0.25.12 OK for: esbuild@0.25.12 want: 0.25.12
145 silly placeDep ROOT @esbuild/freebsd-x64@0.25.12 OK for: esbuild@0.25.12 want: 0.25.12
146 silly placeDep ROOT @esbuild/linux-arm@0.25.12 OK for: esbuild@0.25.12 want: 0.25.12
147 silly placeDep ROOT @esbuild/linux-arm64@0.25.12 OK for: esbuild@0.25.12 want: 0.25.12
148 silly placeDep ROOT @esbuild/linux-ia32@0.25.12 OK for: esbuild@0.25.12 want: 0.25.12
149 silly placeDep ROOT @esbuild/linux-loong64@0.25.12 OK for: esbuild@0.25.12 want: 0.25.12
150 silly placeDep ROOT @esbuild/linux-mips64el@0.25.12 OK for: esbuild@0.25.12 want: 0.25.12
151 silly placeDep ROOT @esbuild/linux-ppc64@0.25.12 OK for: esbuild@0.25.12 want: 0.25.12
152 silly placeDep ROOT @esbuild/linux-riscv64@0.25.12 OK for: esbuild@0.25.12 want: 0.25.12
153 silly placeDep ROOT @esbuild/linux-s390x@0.25.12 OK for: esbuild@0.25.12 want: 0.25.12
154 silly placeDep ROOT @esbuild/linux-x64@0.25.12 OK for: esbuild@0.25.12 want: 0.25.12
155 silly placeDep ROOT @esbuild/netbsd-arm64@0.25.12 OK for: esbuild@0.25.12 want: 0.25.12
156 silly placeDep ROOT @esbuild/netbsd-x64@0.25.12 OK for: esbuild@0.25.12 want: 0.25.12
157 silly placeDep ROOT @esbuild/openbsd-arm64@0.25.12 OK for: esbuild@0.25.12 want: 0.25.12
158 silly placeDep ROOT @esbuild/openbsd-x64@0.25.12 OK for: esbuild@0.25.12 want: 0.25.12
159 silly placeDep ROOT @esbuild/openharmony-arm64@0.25.12 OK for: esbuild@0.25.12 want: 0.25.12
160 silly placeDep ROOT @esbuild/sunos-x64@0.25.12 OK for: esbuild@0.25.12 want: 0.25.12
161 silly placeDep ROOT @esbuild/win32-arm64@0.25.12 OK for: esbuild@0.25.12 want: 0.25.12
162 silly placeDep ROOT @esbuild/win32-ia32@0.25.12 OK for: esbuild@0.25.12 want: 0.25.12
163 silly placeDep ROOT @esbuild/win32-x64@0.25.12 OK for: esbuild@0.25.12 want: 0.25.12
164 silly reify mark retired [
164 silly reify   '/Users/k1zzle/Desktop/velou-shopping-assistant/node_modules/lightningcss-android-arm64'
164 silly reify ]
165 silly reify mark retired [
165 silly reify   '/Users/k1zzle/Desktop/velou-shopping-assistant/node_modules/lightningcss-darwin-x64'
165 silly reify ]
166 silly reify mark retired [
166 silly reify   '/Users/k1zzle/Desktop/velou-shopping-assistant/node_modules/lightningcss-freebsd-x64'
166 silly reify ]
167 silly reify mark retired [
167 silly reify   '/Users/k1zzle/Desktop/velou-shopping-assistant/node_modules/lightningcss-linux-arm-gnueabihf'
167 silly reify ]
168 silly reify mark retired [
168 silly reify   '/Users/k1zzle/Desktop/velou-shopping-assistant/node_modules/lightningcss-linux-arm64-gnu'
168 silly reify ]
169 silly reify mark retired [
169 silly reify   '/Users/k1zzle/Desktop/velou-shopping-assistant/node_modules/lightningcss-linux-arm64-musl'
169 silly reify ]
170 silly reify mark retired [
170 silly reify   '/Users/k1zzle/Desktop/velou-shopping-assistant/node_modules/lightningcss-linux-x64-musl'
170 silly reify ]
171 silly reify mark retired [
171 silly reify   '/Users/k1zzle/Desktop/velou-shopping-assistant/node_modules/lightningcss-linux-x64-gnu'
171 silly reify ]
172 silly reify mark retired [
172 silly reify   '/Users/k1zzle/Desktop/velou-shopping-assistant/node_modules/lightningcss-win32-arm64-msvc'
172 silly reify ]
173 silly reify mark retired [
173 silly reify   '/Users/k1zzle/Desktop/velou-shopping-assistant/node_modules/lightningcss-win32-x64-msvc'
173 silly reify ]
174 silly reify mark retired [
174 silly reify   '/Users/k1zzle/Desktop/velou-shopping-assistant/node_modules/@img/sharp-darwin-x64'
174 silly reify ]
175 silly reify mark retired [
175 silly reify   '/Users/k1zzle/Desktop/velou-shopping-assistant/node_modules/@img/sharp-libvips-darwin-x64'
175 silly reify ]
176 silly reify mark retired [
176 silly reify   '/Users/k1zzle/Desktop/velou-shopping-assistant/node_modules/@img/sharp-libvips-linux-arm'
176 silly reify ]
177 silly reify mark retired [
177 silly reify   '/Users/k1zzle/Desktop/velou-shopping-assistant/node_modules/@img/sharp-libvips-linux-arm64'
177 silly reify ]
178 silly reify mark retired [
178 silly reify   '/Users/k1zzle/Desktop/velou-shopping-assistant/node_modules/@img/sharp-libvips-linux-ppc64'
178 silly reify ]
179 silly reify mark retired [
179 silly reify   '/Users/k1zzle/Desktop/velou-shopping-assistant/node_modules/@img/sharp-libvips-linux-riscv64'
179 silly reify ]
180 silly reify mark retired [
180 silly reify   '/Users/k1zzle/Desktop/velou-shopping-assistant/node_modules/@img/sharp-libvips-linux-x64'
180 silly reify ]
181 silly reify mark retired [
181 silly reify   '/Users/k1zzle/Desktop/velou-shopping-assistant/node_modules/@img/sharp-libvips-linuxmusl-arm64'
181 silly reify ]
182 silly reify mark retired [
182 silly reify   '/Users/k1zzle/Desktop/velou-shopping-assistant/node_modules/@img/sharp-libvips-linuxmusl-x64'
182 silly reify ]
183 silly reify mark retired [
183 silly reify   '/Users/k1zzle/Desktop/velou-shopping-assistant/node_modules/@img/sharp-linux-arm'
183 silly reify ]
184 silly reify mark retired [
184 silly reify   '/Users/k1zzle/Desktop/velou-shopping-assistant/node_modules/@img/sharp-linux-arm64'
184 silly reify ]
185 silly reify mark retired [
185 silly reify   '/Users/k1zzle/Desktop/velou-shopping-assistant/node_modules/@img/sharp-linux-ppc64'
185 silly reify ]
186 silly reify mark retired [
186 silly reify   '/Users/k1zzle/Desktop/velou-shopping-assistant/node_modules/@img/sharp-libvips-linux-s390x'
186 silly reify ]
187 silly reify mark retired [
187 silly reify   '/Users/k1zzle/Desktop/velou-shopping-assistant/node_modules/@img/sharp-linux-s390x'
187 silly reify ]
188 silly reify mark retired [
188 silly reify   '/Users/k1zzle/Desktop/velou-shopping-assistant/node_modules/@img/sharp-linux-riscv64'
188 silly reify ]
189 silly reify mark retired [
189 silly reify   '/Users/k1zzle/Desktop/velou-shopping-assistant/node_modules/@img/sharp-linuxmusl-x64'
189 silly reify ]
190 silly reify mark retired [
190 silly reify   '/Users/k1zzle/Desktop/velou-shopping-assistant/node_modules/@img/sharp-linuxmusl-arm64'
190 silly reify ]
191 silly reify mark retired [
191 silly reify   '/Users/k1zzle/Desktop/velou-shopping-assistant/node_modules/@img/sharp-win32-arm64'
191 silly reify ]
192 silly reify mark retired [
192 silly reify   '/Users/k1zzle/Desktop/velou-shopping-assistant/node_modules/@img/sharp-wasm32'
192 silly reify ]
193 silly reify mark retired [
193 silly reify   '/Users/k1zzle/Desktop/velou-shopping-assistant/node_modules/@img/sharp-win32-ia32'
193 silly reify ]
194 silly reify mark retired [
194 silly reify   '/Users/k1zzle/Desktop/velou-shopping-assistant/node_modules/@img/sharp-win32-x64'
194 silly reify ]
195 silly reify mark retired [
195 silly reify   '/Users/k1zzle/Desktop/velou-shopping-assistant/node_modules/@img/sharp-linux-x64'
195 silly reify ]
196 silly reify mark retired [
196 silly reify   '/Users/k1zzle/Desktop/velou-shopping-assistant/node_modules/@next/swc-darwin-x64'
196 silly reify ]
197 silly reify mark retired [
197 silly reify   '/Users/k1zzle/Desktop/velou-shopping-assistant/node_modules/@next/swc-linux-arm64-gnu'
197 silly reify ]
198 silly reify mark retired [
198 silly reify   '/Users/k1zzle/Desktop/velou-shopping-assistant/node_modules/@next/swc-linux-arm64-musl'
198 silly reify ]
199 silly reify mark retired [
199 silly reify   '/Users/k1zzle/Desktop/velou-shopping-assistant/node_modules/@next/swc-linux-x64-gnu'
199 silly reify ]
200 silly reify mark retired [
200 silly reify   '/Users/k1zzle/Desktop/velou-shopping-assistant/node_modules/@next/swc-linux-x64-musl'
200 silly reify ]
201 silly reify mark retired [
201 silly reify   '/Users/k1zzle/Desktop/velou-shopping-assistant/node_modules/@next/swc-win32-arm64-msvc'
201 silly reify ]
202 silly reify mark retired [
202 silly reify   '/Users/k1zzle/Desktop/velou-shopping-assistant/node_modules/@next/swc-win32-x64-msvc'
202 silly reify ]
203 silly reify mark retired [
203 silly reify   '/Users/k1zzle/Desktop/velou-shopping-assistant/node_modules/@tailwindcss/oxide-android-arm64'
203 silly reify ]
204 silly reify mark retired [
204 silly reify   '/Users/k1zzle/Desktop/velou-shopping-assistant/node_modules/@tailwindcss/oxide-darwin-x64'
204 silly reify ]
205 silly reify mark retired [
205 silly reify   '/Users/k1zzle/Desktop/velou-shopping-assistant/node_modules/@tailwindcss/oxide-freebsd-x64'
205 silly reify ]
206 silly reify mark retired [
206 silly reify   '/Users/k1zzle/Desktop/velou-shopping-assistant/node_modules/@tailwindcss/oxide-linux-arm64-musl'
206 silly reify ]
207 silly reify mark retired [
207 silly reify   '/Users/k1zzle/Desktop/velou-shopping-assistant/node_modules/@tailwindcss/oxide-linux-arm64-gnu'
207 silly reify ]
208 silly reify mark retired [
208 silly reify   '/Users/k1zzle/Desktop/velou-shopping-assistant/node_modules/@tailwindcss/oxide-linux-x64-gnu'
208 silly reify ]
209 silly reify mark retired [
209 silly reify   '/Users/k1zzle/Desktop/velou-shopping-assistant/node_modules/@tailwindcss/oxide-linux-x64-musl'
209 silly reify ]
210 silly reify mark retired [
210 silly reify   '/Users/k1zzle/Desktop/velou-shopping-assistant/node_modules/@tailwindcss/oxide-wasm32-wasi'
210 silly reify ]
211 silly reify mark retired [
211 silly reify   '/Users/k1zzle/Desktop/velou-shopping-assistant/node_modules/@tailwindcss/oxide-win32-arm64-msvc'
211 silly reify ]
212 silly reify mark retired [
212 silly reify   '/Users/k1zzle/Desktop/velou-shopping-assistant/node_modules/@tailwindcss/oxide-win32-x64-msvc'
212 silly reify ]
213 silly reify mark retired [
213 silly reify   '/Users/k1zzle/Desktop/velou-shopping-assistant/node_modules/@tailwindcss/oxide-linux-arm-gnueabihf'
213 silly reify ]
214 silly reify mark retired [
214 silly reify   '/Users/k1zzle/Desktop/velou-shopping-assistant/node_modules/@unrs/resolver-binding-android-arm-eabi'
214 silly reify ]
215 silly reify mark retired [
215 silly reify   '/Users/k1zzle/Desktop/velou-shopping-assistant/node_modules/@unrs/resolver-binding-android-arm64'
215 silly reify ]
216 silly reify mark retired [
216 silly reify   '/Users/k1zzle/Desktop/velou-shopping-assistant/node_modules/@unrs/resolver-binding-darwin-x64'
216 silly reify ]
217 silly reify mark retired [
217 silly reify   '/Users/k1zzle/Desktop/velou-shopping-assistant/node_modules/@unrs/resolver-binding-freebsd-x64'
217 silly reify ]
218 silly reify mark retired [
218 silly reify   '/Users/k1zzle/Desktop/velou-shopping-assistant/node_modules/@unrs/resolver-binding-linux-arm-gnueabihf'
218 silly reify ]
219 silly reify mark retired [
219 silly reify   '/Users/k1zzle/Desktop/velou-shopping-assistant/node_modules/@unrs/resolver-binding-linux-arm-musleabihf'
219 silly reify ]
220 silly reify mark retired [
220 silly reify   '/Users/k1zzle/Desktop/velou-shopping-assistant/node_modules/@unrs/resolver-binding-linux-arm64-musl'
220 silly reify ]
221 silly reify mark retired [
221 silly reify   '/Users/k1zzle/Desktop/velou-shopping-assistant/node_modules/@unrs/resolver-binding-linux-ppc64-gnu'
221 silly reify ]
222 silly reify mark retired [
222 silly reify   '/Users/k1zzle/Desktop/velou-shopping-assistant/node_modules/@unrs/resolver-binding-linux-riscv64-musl'
222 silly reify ]
223 silly reify mark retired [
223 silly reify   '/Users/k1zzle/Desktop/velou-shopping-assistant/node_modules/@unrs/resolver-binding-linux-x64-gnu'
223 silly reify ]
224 silly reify mark retired [
224 silly reify   '/Users/k1zzle/Desktop/velou-shopping-assistant/node_modules/@unrs/resolver-binding-linux-s390x-gnu'
224 silly reify ]
225 silly reify mark retired [
225 silly reify   '/Users/k1zzle/Desktop/velou-shopping-assistant/node_modules/@unrs/resolver-binding-linux-x64-musl'
225 silly reify ]
226 silly reify mark retired [
226 silly reify   '/Users/k1zzle/Desktop/velou-shopping-assistant/node_modules/@unrs/resolver-binding-wasm32-wasi'
226 silly reify ]
227 silly reify mark retired [
227 silly reify   '/Users/k1zzle/Desktop/velou-shopping-assistant/node_modules/@unrs/resolver-binding-linux-arm64-gnu'
227 silly reify ]
228 silly reify mark retired [
228 silly reify   '/Users/k1zzle/Desktop/velou-shopping-assistant/node_modules/@unrs/resolver-binding-linux-riscv64-gnu'
228 silly reify ]
229 silly reify mark retired [
229 silly reify   '/Users/k1zzle/Desktop/velou-shopping-assistant/node_modules/@unrs/resolver-binding-win32-arm64-msvc'
229 silly reify ]
230 silly reify mark retired [
230 silly reify   '/Users/k1zzle/Desktop/velou-shopping-assistant/node_modules/@unrs/resolver-binding-win32-ia32-msvc'
230 silly reify ]
231 silly reify mark retired [
231 silly reify   '/Users/k1zzle/Desktop/velou-shopping-assistant/node_modules/@unrs/resolver-binding-win32-x64-msvc'
231 silly reify ]
232 silly reify moves {
232 silly reify   '/Users/k1zzle/Desktop/velou-shopping-assistant/node_modules/lightningcss-android-arm64': '/Users/k1zzle/Desktop/velou-shopping-assistant/node_modules/.lightningcss-android-arm64-knCZ36mQ',
232 silly reify   '/Users/k1zzle/Desktop/velou-shopping-assistant/node_modules/lightningcss-darwin-x64': '/Users/k1zzle/Desktop/velou-shopping-assistant/node_modules/.lightningcss-darwin-x64-8sXJ96jz',
232 silly reify   '/Users/k1zzle/Desktop/velou-shopping-assistant/node_modules/lightningcss-freebsd-x64': '/Users/k1zzle/Desktop/velou-shopping-assistant/node_modules/.lightningcss-freebsd-x64-OjEQ5KCT',
232 silly reify   '/Users/k1zzle/Desktop/velou-shopping-assistant/node_modules/lightningcss-linux-arm-gnueabihf': '/Users/k1zzle/Desktop/velou-shopping-assistant/node_modules/.lightningcss-linux-arm-gnueabihf-rBHd02Hy',
232 silly reify   '/Users/k1zzle/Desktop/velou-shopping-assistant/node_modules/lightningcss-linux-arm64-gnu': '/Users/k1zzle/Desktop/velou-shopping-assistant/node_modules/.lightningcss-linux-arm64-gnu-phbjNHOz',
232 silly reify   '/Users/k1zzle/Desktop/velou-shopping-assistant/node_modules/lightningcss-linux-arm64-musl': '/Users/k1zzle/Desktop/velou-shopping-assistant/node_modules/.lightningcss-linux-arm64-musl-WawF0SVn',
232 silly reify   '/Users/k1zzle/Desktop/velou-shopping-assistant/node_modules/lightningcss-linux-x64-musl': '/Users/k1zzle/Desktop/velou-shopping-assistant/node_modules/.lightningcss-linux-x64-musl-zOPgxAVc',
232 silly reify   '/Users/k1zzle/Desktop/velou-shopping-assistant/node_modules/lightningcss-linux-x64-gnu': '/Users/k1zzle/Desktop/velou-shopping-assistant/node_modules/.lightningcss-linux-x64-gnu-VblUh7mM',
232 silly reify   '/Users/k1zzle/Desktop/velou-shopping-assistant/node_modules/lightningcss-win32-arm64-msvc': '/Users/k1zzle/Desktop/velou-shopping-assistant/node_modules/.lightningcss-win32-arm64-msvc-0kfJXgG7',
232 silly reify   '/Users/k1zzle/Desktop/velou-shopping-assistant/node_modules/lightningcss-win32-x64-msvc': '/Users/k1zzle/Desktop/velou-shopping-assistant/node_modules/.lightningcss-win32-x64-msvc-DGXskQgR',
232 silly reify   '/Users/k1zzle/Desktop/velou-shopping-assistant/node_modules/@img/sharp-darwin-x64': '/Users/k1zzle/Desktop/velou-shopping-assistant/node_modules/@img/.sharp-darwin-x64-0pBBZwZd',
232 silly reify   '/Users/k1zzle/Desktop/velou-shopping-assistant/node_modules/@img/sharp-libvips-darwin-x64': '/Users/k1zzle/Desktop/velou-shopping-assistant/node_modules/@img/.sharp-libvips-darwin-x64-oA77Ltk4',
232 silly reify   '/Users/k1zzle/Desktop/velou-shopping-assistant/node_modules/@img/sharp-libvips-linux-arm': '/Users/k1zzle/Desktop/velou-shopping-assistant/node_modules/@img/.sharp-libvips-linux-arm-LIDynIxL',
232 silly reify   '/Users/k1zzle/Desktop/velou-shopping-assistant/node_modules/@img/sharp-libvips-linux-arm64': '/Users/k1zzle/Desktop/velou-shopping-assistant/node_modules/@img/.sharp-libvips-linux-arm64-5zGu5XUW',
232 silly reify   '/Users/k1zzle/Desktop/velou-shopping-assistant/node_modules/@img/sharp-libvips-linux-ppc64': '/Users/k1zzle/Desktop/velou-shopping-assistant/node_modules/@img/.sharp-libvips-linux-ppc64-WeHQnavU',
232 silly reify   '/Users/k1zzle/Desktop/velou-shopping-assistant/node_modules/@img/sharp-libvips-linux-riscv64': '/Users/k1zzle/Desktop/velou-shopping-assistant/node_modules/@img/.sharp-libvips-linux-riscv64-LI3Pumz1',
232 silly reify   '/Users/k1zzle/Desktop/velou-shopping-assistant/node_modules/@img/sharp-libvips-linux-x64': '/Users/k1zzle/Desktop/velou-shopping-assistant/node_modules/@img/.sharp-libvips-linux-x64-F4s9YXYk',
232 silly reify   '/Users/k1zzle/Desktop/velou-shopping-assistant/node_modules/@img/sharp-libvips-linuxmusl-arm64': '/Users/k1zzle/Desktop/velou-shopping-assistant/node_modules/@img/.sharp-libvips-linuxmusl-arm64-FtVppeRU',
232 silly reify   '/Users/k1zzle/Desktop/velou-shopping-assistant/node_modules/@img/sharp-libvips-linuxmusl-x64': '/Users/k1zzle/Desktop/velou-shopping-assistant/node_modules/@img/.sharp-libvips-linuxmusl-x64-B1F9PAki',
232 silly reify   '/Users/k1zzle/Desktop/velou-shopping-assistant/node_modules/@img/sharp-linux-arm': '/Users/k1zzle/Desktop/velou-shopping-assistant/node_modules/@img/.sharp-linux-arm-Wlqt2yZZ',
232 silly reify   '/Users/k1zzle/Desktop/velou-shopping-assistant/node_modules/@img/sharp-linux-arm64': '/Users/k1zzle/Desktop/velou-shopping-assistant/node_modules/@img/.sharp-linux-arm64-sazczwhl',
232 silly reify   '/Users/k1zzle/Desktop/velou-shopping-assistant/node_modules/@img/sharp-linux-ppc64': '/Users/k1zzle/Desktop/velou-shopping-assistant/node_modules/@img/.sharp-linux-ppc64-9TZ1kwnz',
232 silly reify   '/Users/k1zzle/Desktop/velou-shopping-assistant/node_modules/@img/sharp-libvips-linux-s390x': '/Users/k1zzle/Desktop/velou-shopping-assistant/node_modules/@img/.sharp-libvips-linux-s390x-TO9sThzV',
232 silly reify   '/Users/k1zzle/Desktop/velou-shopping-assistant/node_modules/@img/sharp-linux-s390x': '/Users/k1zzle/Desktop/velou-shopping-assistant/node_modules/@img/.sharp-linux-s390x-JbGSkPRC',
232 silly reify   '/Users/k1zzle/Desktop/velou-shopping-assistant/node_modules/@img/sharp-linux-riscv64': '/Users/k1zzle/Desktop/velou-shopping-assistant/node_modules/@img/.sharp-linux-riscv64-cAMbYCHp',
232 silly reify   '/Users/k1zzle/Desktop/velou-shopping-assistant/node_modules/@img/sharp-linuxmusl-x64': '/Users/k1zzle/Desktop/velou-shopping-assistant/node_modules/@img/.sharp-linuxmusl-x64-EMDyLYZ9',
232 silly reify   '/Users/k1zzle/Desktop/velou-shopping-assistant/node_modules/@img/sharp-linuxmusl-arm64': '/Users/k1zzle/Desktop/velou-shopping-assistant/node_modules/@img/.sharp-linuxmusl-arm64-8vcRr1LA',
232 silly reify   '/Users/k1zzle/Desktop/velou-shopping-assistant/node_modules/@img/sharp-win32-arm64': '/Users/k1zzle/Desktop/velou-shopping-assistant/node_modules/@img/.sharp-win32-arm64-PQJorTEw',
232 silly reify   '/Users/k1zzle/Desktop/velou-shopping-assistant/node_modules/@img/sharp-wasm32': '/Users/k1zzle/Desktop/velou-shopping-assistant/node_modules/@img/.sharp-wasm32-FxrWANcy',
232 silly reify   '/Users/k1zzle/Desktop/velou-shopping-assistant/node_modules/@img/sharp-win32-ia32': '/Users/k1zzle/Desktop/velou-shopping-assistant/node_modules/@img/.sharp-win32-ia32-AvvHWAqE',
232 silly reify   '/Users/k1zzle/Desktop/velou-shopping-assistant/node_modules/@img/sharp-win32-x64': '/Users/k1zzle/Desktop/velou-shopping-assistant/node_modules/@img/.sharp-win32-x64-pR5UkJLz',
232 silly reify   '/Users/k1zzle/Desktop/velou-shopping-assistant/node_modules/@img/sharp-linux-x64': '/Users/k1zzle/Desktop/velou-shopping-assistant/node_modules/@img/.sharp-linux-x64-ffBoLRhU',
232 silly reify   '/Users/k1zzle/Desktop/velou-shopping-assistant/node_modules/@next/swc-darwin-x64': '/Users/k1zzle/Desktop/velou-shopping-assistant/node_modules/@next/.swc-darwin-x64-Jm3KVJqz',
232 silly reify   '/Users/k1zzle/Desktop/velou-shopping-assistant/node_modules/@next/swc-linux-arm64-gnu': '/Users/k1zzle/Desktop/velou-shopping-assistant/node_modules/@next/.swc-linux-arm64-gnu-WO0N1qCl',
232 silly reify   '/Users/k1zzle/Desktop/velou-shopping-assistant/node_modules/@next/swc-linux-arm64-musl': '/Users/k1zzle/Desktop/velou-shopping-assistant/node_modules/@next/.swc-linux-arm64-musl-BJYC5gZk',
232 silly reify   '/Users/k1zzle/Desktop/velou-shopping-assistant/node_modules/@next/swc-linux-x64-gnu': '/Users/k1zzle/Desktop/velou-shopping-assistant/node_modules/@next/.swc-linux-x64-gnu-sJPyyAxg',
232 silly reify   '/Users/k1zzle/Desktop/velou-shopping-assistant/node_modules/@next/swc-linux-x64-musl': '/Users/k1zzle/Desktop/velou-shopping-assistant/node_modules/@next/.swc-linux-x64-musl-GYDX20S8',
232 silly reify   '/Users/k1zzle/Desktop/velou-shopping-assistant/node_modules/@next/swc-win32-arm64-msvc': '/Users/k1zzle/Desktop/velou-shopping-assistant/node_modules/@next/.swc-win32-arm64-msvc-mDkTGiw1',
232 silly reify   '/Users/k1zzle/Desktop/velou-shopping-assistant/node_modules/@next/swc-win32-x64-msvc': '/Users/k1zzle/Desktop/velou-shopping-assistant/node_modules/@next/.swc-win32-x64-msvc-imQCtceT',
232 silly reify   '/Users/k1zzle/Desktop/velou-shopping-assistant/node_modules/@tailwindcss/oxide-android-arm64': '/Users/k1zzle/Desktop/velou-shopping-assistant/node_modules/@tailwindcss/.oxide-android-arm64-3RPI9Ze1',
232 silly reify   '/Users/k1zzle/Desktop/velou-shopping-assistant/node_modules/@tailwindcss/oxide-darwin-x64': '/Users/k1zzle/Desktop/velou-shopping-assistant/node_modules/@tailwindcss/.oxide-darwin-x64-eAnO52Q8',
232 silly reify   '/Users/k1zzle/Desktop/velou-shopping-assistant/node_modules/@tailwindcss/oxide-freebsd-x64': '/Users/k1zzle/Desktop/velou-shopping-assistant/node_modules/@tailwindcss/.oxide-freebsd-x64-S9HcCcfr',
232 silly reify   '/Users/k1zzle/Desktop/velou-shopping-assistant/node_modules/@tailwindcss/oxide-linux-arm64-musl': '/Users/k1zzle/Desktop/velou-shopping-assistant/node_modules/@tailwindcss/.oxide-linux-arm64-musl-JrCtuFvD',
232 silly reify   '/Users/k1zzle/Desktop/velou-shopping-assistant/node_modules/@tailwindcss/oxide-linux-arm64-gnu': '/Users/k1zzle/Desktop/velou-shopping-assistant/node_modules/@tailwindcss/.oxide-linux-arm64-gnu-gc5WJeFC',
232 silly reify   '/Users/k1zzle/Desktop/velou-shopping-assistant/node_modules/@tailwindcss/oxide-linux-x64-gnu': '/Users/k1zzle/Desktop/velou-shopping-assistant/node_modules/@tailwindcss/.oxide-linux-x64-gnu-MCO5Zi15',
232 silly reify   '/Users/k1zzle/Desktop/velou-shopping-assistant/node_modules/@tailwindcss/oxide-linux-x64-musl': '/Users/k1zzle/Desktop/velou-shopping-assistant/node_modules/@tailwindcss/.oxide-linux-x64-musl-vJSZOiQi',
232 silly reify   '/Users/k1zzle/Desktop/velou-shopping-assistant/node_modules/@tailwindcss/oxide-wasm32-wasi': '/Users/k1zzle/Desktop/velou-shopping-assistant/node_modules/@tailwindcss/.oxide-wasm32-wasi-nh7GmPZC',
232 silly reify   '/Users/k1zzle/Desktop/velou-shopping-assistant/node_modules/@tailwindcss/oxide-win32-arm64-msvc': '/Users/k1zzle/Desktop/velou-shopping-assistant/node_modules/@tailwindcss/.oxide-win32-arm64-msvc-d6mQIZwa',
232 silly reify   '/Users/k1zzle/Desktop/velou-shopping-assistant/node_modules/@tailwindcss/oxide-win32-x64-msvc': '/Users/k1zzle/Desktop/velou-shopping-assistant/node_modules/@tailwindcss/.oxide-win32-x64-msvc-Q79xxqVT',
232 silly reify   '/Users/k1zzle/Desktop/velou-shopping-assistant/node_modules/@tailwindcss/oxide-linux-arm-gnueabihf': '/Users/k1zzle/Desktop/velou-shopping-assistant/node_modules/@tailwindcss/.oxide-linux-arm-gnueabihf-cvUWsRGh',
232 silly reify   '/Users/k1zzle/Desktop/velou-shopping-assistant/node_modules/@unrs/resolver-binding-android-arm-eabi': '/Users/k1zzle/Desktop/velou-shopping-assistant/node_modules/@unrs/.resolver-binding-android-arm-eabi-IlpUY6FW',
232 silly reify   '/Users/k1zzle/Desktop/velou-shopping-assistant/node_modules/@unrs/resolver-binding-android-arm64': '/Users/k1zzle/Desktop/velou-shopping-assistant/node_modules/@unrs/.resolver-binding-android-arm64-GGuSBFyo',
232 silly reify   '/Users/k1zzle/Desktop/velou-shopping-assistant/node_modules/@unrs/resolver-binding-darwin-x64': '/Users/k1zzle/Desktop/velou-shopping-assistant/node_modules/@unrs/.resolver-binding-darwin-x64-53lmbOVe',
232 silly reify   '/Users/k1zzle/Desktop/velou-shopping-assistant/node_modules/@unrs/resolver-binding-freebsd-x64': '/Users/k1zzle/Desktop/velou-shopping-assistant/node_modules/@unrs/.resolver-binding-freebsd-x64-lNMqZ1vC',
232 silly reify   '/Users/k1zzle/Desktop/velou-shopping-assistant/node_modules/@unrs/resolver-binding-linux-arm-gnueabihf': '/Users/k1zzle/Desktop/velou-shopping-assistant/node_modules/@unrs/.resolver-binding-linux-arm-gnueabihf-3VLxdQxV',
232 silly reify   '/Users/k1zzle/Desktop/velou-shopping-assistant/node_modules/@unrs/resolver-binding-linux-arm-musleabihf': '/Users/k1zzle/Desktop/velou-shopping-assistant/node_modules/@unrs/.resolver-binding-linux-arm-musleabihf-IunGMhIX',
232 silly reify   '/Users/k1zzle/Desktop/velou-shopping-assistant/node_modules/@unrs/resolver-binding-linux-arm64-musl': '/Users/k1zzle/Desktop/velou-shopping-assistant/node_modules/@unrs/.resolver-binding-linux-arm64-musl-Gntmmb6h',
232 silly reify   '/Users/k1zzle/Desktop/velou-shopping-assistant/node_modules/@unrs/resolver-binding-linux-ppc64-gnu': '/Users/k1zzle/Desktop/velou-shopping-assistant/node_modules/@unrs/.resolver-binding-linux-ppc64-gnu-Q3y9MsZr',
232 silly reify   '/Users/k1zzle/Desktop/velou-shopping-assistant/node_modules/@unrs/resolver-binding-linux-riscv64-musl': '/Users/k1zzle/Desktop/velou-shopping-assistant/node_modules/@unrs/.resolver-binding-linux-riscv64-musl-4atB9iEh',
232 silly reify   '/Users/k1zzle/Desktop/velou-shopping-assistant/node_modules/@unrs/resolver-binding-linux-x64-gnu': '/Users/k1zzle/Desktop/velou-shopping-assistant/node_modules/@unrs/.resolver-binding-linux-x64-gnu-xU11KC6i',
232 silly reify   '/Users/k1zzle/Desktop/velou-shopping-assistant/node_modules/@unrs/resolver-binding-linux-s390x-gnu': '/Users/k1zzle/Desktop/velou-shopping-assistant/node_modules/@unrs/.resolver-binding-linux-s390x-gnu-zQjEdFFq',
232 silly reify   '/Users/k1zzle/Desktop/velou-shopping-assistant/node_modules/@unrs/resolver-binding-linux-x64-musl': '/Users/k1zzle/Desktop/velou-shopping-assistant/node_modules/@unrs/.resolver-binding-linux-x64-musl-c3fItb9v',
232 silly reify   '/Users/k1zzle/Desktop/velou-shopping-assistant/node_modules/@unrs/resolver-binding-wasm32-wasi': '/Users/k1zzle/Desktop/velou-shopping-assistant/node_modules/@unrs/.resolver-binding-wasm32-wasi-w0gKH70X',
232 silly reify   '/Users/k1zzle/Desktop/velou-shopping-assistant/node_modules/@unrs/resolver-binding-linux-arm64-gnu': '/Users/k1zzle/Desktop/velou-shopping-assistant/node_modules/@unrs/.resolver-binding-linux-arm64-gnu-QzalZouX',
232 silly reify   '/Users/k1zzle/Desktop/velou-shopping-assistant/node_modules/@unrs/resolver-binding-linux-riscv64-gnu': '/Users/k1zzle/Desktop/velou-shopping-assistant/node_modules/@unrs/.resolver-binding-linux-riscv64-gnu-940tu2HF',
232 silly reify   '/Users/k1zzle/Desktop/velou-shopping-assistant/node_modules/@unrs/resolver-binding-win32-arm64-msvc': '/Users/k1zzle/Desktop/velou-shopping-assistant/node_modules/@unrs/.resolver-binding-win32-arm64-msvc-i4PvUndP',
232 silly reify   '/Users/k1zzle/Desktop/velou-shopping-assistant/node_modules/@unrs/resolver-binding-win32-ia32-msvc': '/Users/k1zzle/Desktop/velou-shopping-assistant/node_modules/@unrs/.resolver-binding-win32-ia32-msvc-1nmXjkmp',
232 silly reify   '/Users/k1zzle/Desktop/velou-shopping-assistant/node_modules/@unrs/resolver-binding-win32-x64-msvc': '/Users/k1zzle/Desktop/velou-shopping-assistant/node_modules/@unrs/.resolver-binding-win32-x64-msvc-vgqj9jae'
232 silly reify }
233 verbose reify failed optional dependency /Users/k1zzle/Desktop/velou-shopping-assistant/node_modules/@tailwindcss/oxide-wasm32-wasi
234 silly reify mark deleted [
234 silly reify   '/Users/k1zzle/Desktop/velou-shopping-assistant/node_modules/@tailwindcss/oxide-wasm32-wasi'
234 silly reify ]
235 silly audit bulk request {
235 silly audit   '@alloc/quick-lru': [ '5.2.0' ],
235 silly audit   '@babel/code-frame': [ '7.27.1' ],
235 silly audit   '@babel/compat-data': [ '7.28.5' ],
235 silly audit   '@babel/core': [ '7.28.5' ],
235 silly audit   '@babel/generator': [ '7.28.5' ],
235 silly audit   '@babel/helper-compilation-targets': [ '7.27.2' ],
235 silly audit   '@babel/helper-globals': [ '7.28.0' ],
235 silly audit   '@babel/helper-module-imports': [ '7.27.1' ],
235 silly audit   '@babel/helper-module-transforms': [ '7.28.3' ],
235 silly audit   '@babel/helper-string-parser': [ '7.27.1' ],
235 silly audit   '@babel/helper-validator-identifier': [ '7.28.5' ],
235 silly audit   '@babel/helper-validator-option': [ '7.27.1' ],
235 silly audit   '@babel/helpers': [ '7.28.4' ],
235 silly audit   '@babel/parser': [ '7.28.5' ],
235 silly audit   '@babel/template': [ '7.27.2' ],
235 silly audit   '@babel/traverse': [ '7.28.5' ],
235 silly audit   '@babel/types': [ '7.28.5' ],
235 silly audit   '@emnapi/core': [ '1.7.1' ],
235 silly audit   '@emnapi/runtime': [ '1.7.1' ],
235 silly audit   '@emnapi/wasi-threads': [ '1.1.0' ],
235 silly audit   '@eslint-community/eslint-utils': [ '4.9.0' ],
235 silly audit   'eslint-visitor-keys': [ '3.4.3', '4.2.1' ],
235 silly audit   '@eslint-community/regexpp': [ '4.12.2' ],
235 silly audit   '@eslint/config-array': [ '0.21.1' ],
235 silly audit   '@eslint/config-helpers': [ '0.4.2' ],
235 silly audit   '@eslint/core': [ '0.17.0' ],
235 silly audit   '@eslint/eslintrc': [ '3.3.1' ],
235 silly audit   '@eslint/js': [ '9.39.1' ],
235 silly audit   '@eslint/object-schema': [ '2.1.7' ],
235 silly audit   '@eslint/plugin-kit': [ '0.4.1' ],
235 silly audit   '@humanfs/core': [ '0.19.1' ],
235 silly audit   '@humanfs/node': [ '0.16.7' ],
235 silly audit   '@humanwhocodes/module-importer': [ '1.0.1' ],
235 silly audit   '@humanwhocodes/retry': [ '0.4.3' ],
235 silly audit   '@img/colour': [ '1.0.0' ],
235 silly audit   '@img/sharp-darwin-arm64': [ '0.34.5' ],
235 silly audit   '@img/sharp-darwin-x64': [ '0.34.5' ],
235 silly audit   '@img/sharp-libvips-darwin-arm64': [ '1.2.4' ],
235 silly audit   '@img/sharp-libvips-darwin-x64': [ '1.2.4' ],
235 silly audit   '@img/sharp-libvips-linux-arm': [ '1.2.4' ],
235 silly audit   '@img/sharp-libvips-linux-arm64': [ '1.2.4' ],
235 silly audit   '@img/sharp-libvips-linux-ppc64': [ '1.2.4' ],
235 silly audit   '@img/sharp-libvips-linux-riscv64': [ '1.2.4' ],
235 silly audit   '@img/sharp-libvips-linux-s390x': [ '1.2.4' ],
235 silly audit   '@img/sharp-libvips-linux-x64': [ '1.2.4' ],
235 silly audit   '@img/sharp-libvips-linuxmusl-arm64': [ '1.2.4' ],
235 silly audit   '@img/sharp-libvips-linuxmusl-x64': [ '1.2.4' ],
235 silly audit   '@img/sharp-linux-arm': [ '0.34.5' ],
235 silly audit   '@img/sharp-linux-arm64': [ '0.34.5' ],
235 silly audit   '@img/sharp-linux-ppc64': [ '0.34.5' ],
235 silly audit   '@img/sharp-linux-riscv64': [ '0.34.5' ],
235 silly audit   '@img/sharp-linux-s390x': [ '0.34.5' ],
235 silly audit   '@img/sharp-linux-x64': [ '0.34.5' ],
235 silly audit   '@img/sharp-linuxmusl-arm64': [ '0.34.5' ],
235 silly audit   '@img/sharp-linuxmusl-x64': [ '0.34.5' ],
235 silly audit   '@img/sharp-wasm32': [ '0.34.5' ],
235 silly audit   '@img/sharp-win32-arm64': [ '0.34.5' ],
235 silly audit   '@img/sharp-win32-ia32': [ '0.34.5' ],
235 silly audit   '@img/sharp-win32-x64': [ '0.34.5' ],
235 silly audit   '@jridgewell/gen-mapping': [ '0.3.13' ],
235 silly audit   '@jridgewell/remapping': [ '2.3.5' ],
235 silly audit   '@jridgewell/resolve-uri': [ '3.1.2' ],
235 silly audit   '@jridgewell/sourcemap-codec': [ '1.5.5' ],
235 silly audit   '@jridgewell/trace-mapping': [ '0.3.31' ],
235 silly audit   '@napi-rs/wasm-runtime': [ '0.2.12' ],
235 silly audit   '@next/env': [ '16.0.3' ],
235 silly audit   '@next/eslint-plugin-next': [ '16.0.3' ],
235 silly audit   '@next/swc-darwin-arm64': [ '16.0.3' ],
235 silly audit   '@next/swc-darwin-x64': [ '16.0.3' ],
235 silly audit   '@next/swc-linux-arm64-gnu': [ '16.0.3' ],
235 silly audit   '@next/swc-linux-arm64-musl': [ '16.0.3' ],
235 silly audit   '@next/swc-linux-x64-gnu': [ '16.0.3' ],
235 silly audit   '@next/swc-linux-x64-musl': [ '16.0.3' ],
235 silly audit   '@next/swc-win32-arm64-msvc': [ '16.0.3' ],
235 silly audit   '@next/swc-win32-x64-msvc': [ '16.0.3' ],
235 silly audit   '@nodelib/fs.scandir': [ '2.1.5' ],
235 silly audit   '@nodelib/fs.stat': [ '2.0.5' ],
235 silly audit   '@nodelib/fs.walk': [ '1.2.8' ],
235 silly audit   '@nolyfill/is-core-module': [ '1.0.39' ],
235 silly audit   '@prisma/debug': [ '5.19.1' ],
235 silly audit   '@prisma/engines': [ '5.19.1' ],
235 silly audit   '@prisma/engines-version': [ '5.19.1-2.69d742ee20b815d88e17e54db4a2a7a3b30324e3' ],
235 silly audit   '@prisma/fetch-engine': [ '5.19.1' ],
235 silly audit   '@prisma/get-platform': [ '5.19.1' ],
235 silly audit   '@rtsao/scc': [ '1.1.0' ],
235 silly audit   '@swc/helpers': [ '0.5.15' ],
235 silly audit   '@tailwindcss/node': [ '4.1.17' ],
235 silly audit   '@tailwindcss/oxide': [ '4.1.17' ],
235 silly audit   '@tailwindcss/oxide-android-arm64': [ '4.1.17' ],
235 silly audit   '@tailwindcss/oxide-darwin-arm64': [ '4.1.17' ],
235 silly audit   '@tailwindcss/oxide-darwin-x64': [ '4.1.17' ],
235 silly audit   '@tailwindcss/oxide-freebsd-x64': [ '4.1.17' ],
235 silly audit   '@tailwindcss/oxide-linux-arm-gnueabihf': [ '4.1.17' ],
235 silly audit   '@tailwindcss/oxide-linux-arm64-gnu': [ '4.1.17' ],
235 silly audit   '@tailwindcss/oxide-linux-arm64-musl': [ '4.1.17' ],
235 silly audit   '@tailwindcss/oxide-linux-x64-gnu': [ '4.1.17' ],
235 silly audit   '@tailwindcss/oxide-linux-x64-musl': [ '4.1.17' ],
235 silly audit   '@tailwindcss/oxide-win32-arm64-msvc': [ '4.1.17' ],
235 silly audit   '@tailwindcss/oxide-win32-x64-msvc': [ '4.1.17' ],
235 silly audit   '@tailwindcss/postcss': [ '4.1.17' ],
235 silly audit   '@tybys/wasm-util': [ '0.10.1' ],
235 silly audit   '@types/estree': [ '1.0.8' ],
235 silly audit   '@types/json-schema': [ '7.0.15' ],
235 silly audit   '@types/json5': [ '0.0.29' ],
235 silly audit   '@types/node': [ '20.19.25' ],
235 silly audit   '@types/react': [ '19.2.6' ],
235 silly audit   '@types/react-dom': [ '19.2.3' ],
235 silly audit   '@typescript-eslint/eslint-plugin': [ '8.47.0' ],
235 silly audit   ignore: [ '7.0.5', '5.3.2' ],
235 silly audit   '@typescript-eslint/parser': [ '8.47.0' ],
235 silly audit   '@typescript-eslint/project-service': [ '8.47.0' ],
235 silly audit   '@typescript-eslint/scope-manager': [ '8.47.0' ],
235 silly audit   '@typescript-eslint/tsconfig-utils': [ '8.47.0' ],
235 silly audit   '@typescript-eslint/type-utils': [ '8.47.0' ],
235 silly audit   '@typescript-eslint/types': [ '8.47.0' ],
235 silly audit   '@typescript-eslint/typescript-estree': [ '8.47.0' ],
235 silly audit   'brace-expansion': [ '2.0.2', '1.1.12' ],
235 silly audit   'fast-glob': [ '3.3.3', '3.3.1' ],
235 silly audit   'glob-parent': [ '5.1.2', '6.0.2' ],
235 silly audit   minimatch: [ '9.0.5', '3.1.2' ],
235 silly audit   semver: [ '7.7.3', '6.3.1' ],
235 silly audit   '@typescript-eslint/utils': [ '8.47.0' ],
235 silly audit   '@typescript-eslint/visitor-keys': [ '8.47.0' ],
235 silly audit   '@unrs/resolver-binding-android-arm-eabi': [ '1.11.1' ],
235 silly audit   '@unrs/resolver-binding-android-arm64': [ '1.11.1' ],
235 silly audit   '@unrs/resolver-binding-darwin-arm64': [ '1.11.1' ],
235 silly audit   '@unrs/resolver-binding-darwin-x64': [ '1.11.1' ],
235 silly audit   '@unrs/resolver-binding-freebsd-x64': [ '1.11.1' ],
235 silly audit   '@unrs/resolver-binding-linux-arm-gnueabihf': [ '1.11.1' ],
235 silly audit   '@unrs/resolver-binding-linux-arm-musleabihf': [ '1.11.1' ],
235 silly audit   '@unrs/resolver-binding-linux-arm64-gnu': [ '1.11.1' ],
235 silly audit   '@unrs/resolver-binding-linux-arm64-musl': [ '1.11.1' ],
235 silly audit   '@unrs/resolver-binding-linux-ppc64-gnu': [ '1.11.1' ],
235 silly audit   '@unrs/resolver-binding-linux-riscv64-gnu': [ '1.11.1' ],
235 silly audit   '@unrs/resolver-binding-linux-riscv64-musl': [ '1.11.1' ],
235 silly audit   '@unrs/resolver-binding-linux-s390x-gnu': [ '1.11.1' ],
235 silly audit   '@unrs/resolver-binding-linux-x64-gnu': [ '1.11.1' ],
235 silly audit   '@unrs/resolver-binding-linux-x64-musl': [ '1.11.1' ],
235 silly audit   '@unrs/resolver-binding-wasm32-wasi': [ '1.11.1' ],
235 silly audit   '@unrs/resolver-binding-win32-arm64-msvc': [ '1.11.1' ],
235 silly audit   '@unrs/resolver-binding-win32-ia32-msvc': [ '1.11.1' ],
235 silly audit   '@unrs/resolver-binding-win32-x64-msvc': [ '1.11.1' ],
235 silly audit   acorn: [ '8.15.0' ],
235 silly audit   'acorn-jsx': [ '5.3.2' ],
235 silly audit   ajv: [ '6.12.6' ],
235 silly audit   'ansi-styles': [ '4.3.0' ],
235 silly audit   argparse: [ '2.0.1' ],
235 silly audit   'aria-query': [ '5.3.2' ],
235 silly audit   'array-buffer-byte-length': [ '1.0.2' ],
235 silly audit   'array-includes': [ '3.1.9' ],
235 silly audit   'array.prototype.findlast': [ '1.2.5' ],
235 silly audit   'array.prototype.findlastindex': [ '1.2.6' ],
235 silly audit   'array.prototype.flat': [ '1.3.3' ],
235 silly audit   'array.prototype.flatmap': [ '1.3.3' ],
235 silly audit   'array.prototype.tosorted': [ '1.1.4' ],
235 silly audit   'arraybuffer.prototype.slice': [ '1.0.4' ],
235 silly audit   'ast-types-flow': [ '0.0.8' ],
235 silly audit   'async-function': [ '1.0.0' ],
235 silly audit   'available-typed-arrays': [ '1.0.7' ],
235 silly audit   'axe-core': [ '4.11.0' ],
235 silly audit   'axobject-query': [ '4.1.0' ],
235 silly audit   'balanced-match': [ '1.0.2' ],
235 silly audit   'baseline-browser-mapping': [ '2.8.29' ],
235 silly audit   braces: [ '3.0.3' ],
235 silly audit   browserslist: [ '4.28.0' ],
235 silly audit   'call-bind': [ '1.0.8' ],
235 silly audit   'call-bind-apply-helpers': [ '1.0.2' ],
235 silly audit   'call-bound': [ '1.0.4' ],
235 silly audit   callsites: [ '3.1.0' ],
235 silly audit   'caniuse-lite': [ '1.0.30001756' ],
235 silly audit   chalk: [ '4.1.2' ],
235 silly audit   'client-only': [ '0.0.1' ],
235 silly audit   'color-convert': [ '2.0.1' ],
235 silly audit   'color-name': [ '1.1.4' ],
235 silly audit   'concat-map': [ '0.0.1' ],
235 silly audit   'convert-source-map': [ '2.0.0' ],
235 silly audit   'cross-spawn': [ '7.0.6' ],
235 silly audit   csstype: [ '3.2.3' ],
235 silly audit   'damerau-levenshtein': [ '1.0.8' ],
235 silly audit   'data-view-buffer': [ '1.0.2' ],
235 silly audit   'data-view-byte-length': [ '1.0.2' ],
235 silly audit   'data-view-byte-offset': [ '1.0.1' ],
235 silly audit   debug: [ '4.4.3', '3.2.7' ],
235 silly audit   'deep-is': [ '0.1.4' ],
235 silly audit   'define-data-property': [ '1.1.4' ],
235 silly audit   'define-properties': [ '1.2.1' ],
235 silly audit   'detect-libc': [ '2.1.2' ],
235 silly audit   doctrine: [ '2.1.0' ],
235 silly audit   'dunder-proto': [ '1.0.1' ],
235 silly audit   'electron-to-chromium': [ '1.5.256' ],
235 silly audit   'emoji-regex': [ '9.2.2' ],
235 silly audit   'enhanced-resolve': [ '5.18.3' ],
235 silly audit   'es-abstract': [ '1.24.0' ],
235 silly audit   'es-define-property': [ '1.0.1' ],
235 silly audit   'es-errors': [ '1.3.0' ],
235 silly audit   'es-iterator-helpers': [ '1.2.1' ],
235 silly audit   'es-object-atoms': [ '1.1.1' ],
235 silly audit   'es-set-tostringtag': [ '2.1.0' ],
235 silly audit   'es-shim-unscopables': [ '1.1.0' ],
235 silly audit   'es-to-primitive': [ '1.3.0' ],
235 silly audit   escalade: [ '3.2.0' ],
235 silly audit   'escape-string-regexp': [ '4.0.0' ],
235 silly audit   eslint: [ '9.39.1' ],
235 silly audit   'eslint-config-next': [ '16.0.3' ],
235 silly audit   globals: [ '16.4.0', '14.0.0' ],
235 silly audit   'eslint-import-resolver-node': [ '0.3.9' ],
235 silly audit   'eslint-import-resolver-typescript': [ '3.10.1' ],
235 silly audit   'eslint-module-utils': [ '2.12.1' ],
235 silly audit   'eslint-plugin-import': [ '2.32.0' ],
235 silly audit   'eslint-plugin-jsx-a11y': [ '6.10.2' ],
235 silly audit   'eslint-plugin-react': [ '7.37.5' ],
235 silly audit   'eslint-plugin-react-hooks': [ '7.0.1' ],
235 silly audit   resolve: [ '2.0.0-next.5', '1.22.11' ],
235 silly audit   'eslint-scope': [ '8.4.0' ],
235 silly audit   espree: [ '10.4.0' ],
235 silly audit   esquery: [ '1.6.0' ],
235 silly audit   esrecurse: [ '4.3.0' ],
235 silly audit   estraverse: [ '5.3.0' ],
235 silly audit   esutils: [ '2.0.3' ],
235 silly audit   'fast-deep-equal': [ '3.1.3' ],
235 silly audit   'fast-json-stable-stringify': [ '2.1.0' ],
235 silly audit   'fast-levenshtein': [ '2.0.6' ],
235 silly audit   fastq: [ '1.19.1' ],
235 silly audit   'file-entry-cache': [ '8.0.0' ],
235 silly audit   'fill-range': [ '7.1.1' ],
235 silly audit   'find-up': [ '5.0.0' ],
235 silly audit   'flat-cache': [ '4.0.1' ],
235 silly audit   flatted: [ '3.3.3' ],
235 silly audit   'for-each': [ '0.3.5' ],
235 silly audit   fsevents: [ '2.3.3' ],
235 silly audit   'function-bind': [ '1.1.2' ],
235 silly audit   'function.prototype.name': [ '1.1.8' ],
235 silly audit   'functions-have-names': [ '1.2.3' ],
235 silly audit   'generator-function': [ '2.0.1' ],
235 silly audit   gensync: [ '1.0.0-beta.2' ],
235 silly audit   'get-intrinsic': [ '1.3.0' ],
235 silly audit   'get-proto': [ '1.0.1' ],
235 silly audit   'get-symbol-description': [ '1.1.0' ],
235 silly audit   'get-tsconfig': [ '4.13.0' ],
235 silly audit   globalthis: [ '1.0.4' ],
235 silly audit   gopd: [ '1.2.0' ],
235 silly audit   'graceful-fs': [ '4.2.11' ],
235 silly audit   graphemer: [ '1.4.0' ],
235 silly audit   'has-bigints': [ '1.1.0' ],
235 silly audit   'has-flag': [ '4.0.0' ],
235 silly audit   'has-property-descriptors': [ '1.0.2' ],
235 silly audit   'has-proto': [ '1.2.0' ],
235 silly audit   'has-symbols': [ '1.1.0' ],
235 silly audit   'has-tostringtag': [ '1.0.2' ],
235 silly audit   hasown: [ '2.0.2' ],
235 silly audit   'hermes-estree': [ '0.25.1' ],
235 silly audit   'hermes-parser': [ '0.25.1' ],
235 silly audit   'import-fresh': [ '3.3.1' ],
235 silly audit   imurmurhash: [ '0.1.4' ],
235 silly audit   'internal-slot': [ '1.1.0' ],
235 silly audit   'is-array-buffer': [ '3.0.5' ],
235 silly audit   'is-async-function': [ '2.1.1' ],
235 silly audit   'is-bigint': [ '1.1.0' ],
235 silly audit   'is-boolean-object': [ '1.2.2' ],
235 silly audit   'is-bun-module': [ '2.0.0' ],
235 silly audit   'is-callable': [ '1.2.7' ],
235 silly audit   'is-core-module': [ '2.16.1' ],
235 silly audit   'is-data-view': [ '1.0.2' ],
235 silly audit   'is-date-object': [ '1.1.0' ],
235 silly audit   'is-extglob': [ '2.1.1' ],
235 silly audit   'is-finalizationregistry': [ '1.1.1' ],
235 silly audit   'is-generator-function': [ '1.1.2' ],
235 silly audit   'is-glob': [ '4.0.3' ],
235 silly audit   'is-map': [ '2.0.3' ],
235 silly audit   'is-negative-zero': [ '2.0.3' ],
235 silly audit   'is-number': [ '7.0.0' ],
235 silly audit   'is-number-object': [ '1.1.1' ],
235 silly audit   'is-regex': [ '1.2.1' ],
235 silly audit   'is-set': [ '2.0.3' ],
235 silly audit   'is-shared-array-buffer': [ '1.0.4' ],
235 silly audit   'is-string': [ '1.1.1' ],
235 silly audit   'is-symbol': [ '1.1.1' ],
235 silly audit   'is-typed-array': [ '1.1.15' ],
235 silly audit   'is-weakmap': [ '2.0.2' ],
235 silly audit   'is-weakref': [ '1.1.1' ],
235 silly audit   'is-weakset': [ '2.0.4' ],
235 silly audit   isarray: [ '2.0.5' ],
235 silly audit   isexe: [ '2.0.0' ],
235 silly audit   'iterator.prototype': [ '1.1.5' ],
235 silly audit   jiti: [ '2.6.1' ],
235 silly audit   'js-tokens': [ '4.0.0' ],
235 silly audit   'js-yaml': [ '4.1.1' ],
235 silly audit   jsesc: [ '3.1.0' ],
235 silly audit   'json-buffer': [ '3.0.1' ],
235 silly audit   'json-schema-traverse': [ '0.4.1' ],
235 silly audit   'json-stable-stringify-without-jsonify': [ '1.0.1' ],
235 silly audit   json5: [ '2.2.3', '1.0.2' ],
235 silly audit   'jsx-ast-utils': [ '3.3.5' ],
235 silly audit   keyv: [ '4.5.4' ],
235 silly audit   'language-subtag-registry': [ '0.3.23' ],
235 silly audit   'language-tags': [ '1.0.9' ],
235 silly audit   levn: [ '0.4.1' ],
235 silly audit   lightningcss: [ '1.30.2' ],
235 silly audit   'lightningcss-android-arm64': [ '1.30.2' ],
235 silly audit   'lightningcss-darwin-arm64': [ '1.30.2' ],
235 silly audit   'lightningcss-darwin-x64': [ '1.30.2' ],
235 silly audit   'lightningcss-freebsd-x64': [ '1.30.2' ],
235 silly audit   'lightningcss-linux-arm-gnueabihf': [ '1.30.2' ],
235 silly audit   'lightningcss-linux-arm64-gnu': [ '1.30.2' ],
235 silly audit   'lightningcss-linux-arm64-musl': [ '1.30.2' ],
235 silly audit   'lightningcss-linux-x64-gnu': [ '1.30.2' ],
235 silly audit   'lightningcss-linux-x64-musl': [ '1.30.2' ],
235 silly audit   'lightningcss-win32-arm64-msvc': [ '1.30.2' ],
235 silly audit   'lightningcss-win32-x64-msvc': [ '1.30.2' ],
235 silly audit   'locate-path': [ '6.0.0' ],
235 silly audit   'lodash.merge': [ '4.6.2' ],
235 silly audit   'loose-envify': [ '1.4.0' ],
235 silly audit   'lru-cache': [ '5.1.1' ],
235 silly audit   'magic-string': [ '0.30.21' ],
235 silly audit   'math-intrinsics': [ '1.1.0' ],
235 silly audit   merge2: [ '1.4.1' ],
235 silly audit   micromatch: [ '4.0.8' ],
235 silly audit   minimist: [ '1.2.8' ],
235 silly audit   ms: [ '2.1.3' ],
235 silly audit   nanoid: [ '3.3.11' ],
235 silly audit   'napi-postinstall': [ '0.3.4' ],
235 silly audit   'natural-compare': [ '1.4.0' ],
235 silly audit   next: [ '16.0.3' ],
235 silly audit   postcss: [ '8.4.31', '8.5.6' ],
235 silly audit   'node-releases': [ '2.0.27' ],
235 silly audit   'object-assign': [ '4.1.1' ],
235 silly audit   'object-inspect': [ '1.13.4' ],
235 silly audit   'object-keys': [ '1.1.1' ],
235 silly audit   'object.assign': [ '4.1.7' ],
235 silly audit   'object.entries': [ '1.1.9' ],
235 silly audit   'object.fromentries': [ '2.0.8' ],
235 silly audit   'object.groupby': [ '1.0.3' ],
235 silly audit   'object.values': [ '1.2.1' ],
235 silly audit   optionator: [ '0.9.4' ],
235 silly audit   'own-keys': [ '1.0.1' ],
235 silly audit   'p-limit': [ '3.1.0' ],
235 silly audit   'p-locate': [ '5.0.0' ],
235 silly audit   'parent-module': [ '1.0.1' ],
235 silly audit   'path-exists': [ '4.0.0' ],
235 silly audit   'path-key': [ '3.1.1' ],
235 silly audit   'path-parse': [ '1.0.7' ],
235 silly audit   picocolors: [ '1.1.1' ],
235 silly audit   picomatch: [ '2.3.1', '4.0.3' ],
235 silly audit   'possible-typed-array-names': [ '1.1.0' ],
235 silly audit   'prelude-ls': [ '1.2.1' ],
235 silly audit   prisma: [ '5.19.1' ],
235 silly audit   'prop-types': [ '15.8.1' ],
235 silly audit   punycode: [ '2.3.1' ],
235 silly audit   'queue-microtask': [ '1.2.3' ],
235 silly audit   react: [ '19.2.0' ],
235 silly audit   'react-dom': [ '19.2.0' ],
235 silly audit   'react-is': [ '16.13.1' ],
235 silly audit   'reflect.getprototypeof': [ '1.0.10' ],
235 silly audit   'regexp.prototype.flags': [ '1.5.4' ],
235 silly audit   'resolve-from': [ '4.0.0' ],
235 silly audit   'resolve-pkg-maps': [ '1.0.0' ],
235 silly audit   reusify: [ '1.1.0' ],
235 silly audit   'run-parallel': [ '1.2.0' ],
235 silly audit   'safe-array-concat': [ '1.1.3' ],
235 silly audit   'safe-push-apply': [ '1.0.0' ],
235 silly audit   'safe-regex-test': [ '1.1.0' ],
235 silly audit   scheduler: [ '0.27.0' ],
235 silly audit   'set-function-length': [ '1.2.2' ],
235 silly audit   'set-function-name': [ '2.0.2' ],
235 silly audit   'set-proto': [ '1.0.0' ],
235 silly audit   sharp: [ '0.34.5' ],
235 silly audit   'shebang-command': [ '2.0.0' ],
235 silly audit   'shebang-regex': [ '3.0.0' ],
235 silly audit   'side-channel': [ '1.1.0' ],
235 silly audit   'side-channel-list': [ '1.0.0' ],
235 silly audit   'side-channel-map': [ '1.0.1' ],
235 silly audit   'side-channel-weakmap': [ '1.0.2' ],
235 silly audit   'source-map-js': [ '1.2.1' ],
235 silly audit   'stable-hash': [ '0.0.5' ],
235 silly audit   'stop-iteration-iterator': [ '1.1.0' ],
235 silly audit   'string.prototype.includes': [ '2.0.1' ],
235 silly audit   'string.prototype.matchall': [ '4.0.12' ],
235 silly audit   'string.prototype.repeat': [ '1.0.0' ],
235 silly audit   'string.prototype.trim': [ '1.2.10' ],
235 silly audit   'string.prototype.trimend': [ '1.0.9' ],
235 silly audit   'string.prototype.trimstart': [ '1.0.8' ],
235 silly audit   'strip-bom': [ '3.0.0' ],
235 silly audit   'strip-json-comments': [ '3.1.1' ],
235 silly audit   'styled-jsx': [ '5.1.6' ],
235 silly audit   'supports-color': [ '7.2.0' ],
235 silly audit   'supports-preserve-symlinks-flag': [ '1.0.0' ],
235 silly audit   tailwindcss: [ '4.1.17' ],
235 silly audit   tapable: [ '2.3.0' ],
235 silly audit   tinyglobby: [ '0.2.15' ],
235 silly audit   fdir: [ '6.5.0' ],
235 silly audit   'to-regex-range': [ '5.0.1' ],
235 silly audit   'ts-api-utils': [ '2.1.0' ],
235 silly audit   'tsconfig-paths': [ '3.15.0' ],
235 silly audit   tslib: [ '2.8.1' ],
235 silly audit   'type-check': [ '0.4.0' ],
235 silly audit   'typed-array-buffer': [ '1.0.3' ],
235 silly audit   'typed-array-byte-length': [ '1.0.3' ],
235 silly audit   'typed-array-byte-offset': [ '1.0.4' ],
235 silly audit   'typed-array-length': [ '1.0.7' ],
235 silly audit   typescript: [ '5.9.3' ],
235 silly audit   'typescript-eslint': [ '8.47.0' ],
235 silly audit   'unbox-primitive': [ '1.1.0' ],
235 silly audit   'undici-types': [ '6.21.0' ],
235 silly audit   'unrs-resolver': [ '1.11.1' ],
235 silly audit   'update-browserslist-db': [ '1.1.4' ],
235 silly audit   'uri-js': [ '4.4.1' ],
235 silly audit   which: [ '2.0.2' ],
235 silly audit   'which-boxed-primitive': [ '1.1.1' ],
235 silly audit   'which-builtin-type': [ '1.2.1' ],
235 silly audit   'which-collection': [ '1.0.2' ],
235 silly audit   'which-typed-array': [ '1.1.19' ],
235 silly audit   'word-wrap': [ '1.2.5' ],
235 silly audit   yallist: [ '3.1.1' ],
235 silly audit   'yocto-queue': [ '0.1.0' ],
235 silly audit   zod: [ '4.1.12' ],
235 silly audit   'zod-validation-error': [ '4.0.2' ],
235 silly audit   '@prisma/client': [ '5.22.0' ],
235 silly audit   tsx: [ '4.20.6' ],
235 silly audit   esbuild: [ '0.25.12' ],
235 silly audit   '@esbuild/aix-ppc64': [ '0.25.12' ],
235 silly audit   '@esbuild/android-arm': [ '0.25.12' ],
235 silly audit   '@esbuild/android-arm64': [ '0.25.12' ],
235 silly audit   '@esbuild/android-x64': [ '0.25.12' ],
235 silly audit   '@esbuild/darwin-arm64': [ '0.25.12' ],
235 silly audit   '@esbuild/darwin-x64': [ '0.25.12' ],
235 silly audit   '@esbuild/freebsd-arm64': [ '0.25.12' ],
235 silly audit   '@esbuild/freebsd-x64': [ '0.25.12' ],
235 silly audit   '@esbuild/linux-arm': [ '0.25.12' ],
235 silly audit   '@esbuild/linux-arm64': [ '0.25.12' ],
235 silly audit   '@esbuild/linux-ia32': [ '0.25.12' ],
235 silly audit   '@esbuild/linux-loong64': [ '0.25.12' ],
235 silly audit   '@esbuild/linux-mips64el': [ '0.25.12' ],
235 silly audit   '@esbuild/linux-ppc64': [ '0.25.12' ],
235 silly audit   '@esbuild/linux-riscv64': [ '0.25.12' ],
235 silly audit   '@esbuild/linux-s390x': [ '0.25.12' ],
235 silly audit   '@esbuild/linux-x64': [ '0.25.12' ],
235 silly audit   '@esbuild/netbsd-arm64': [ '0.25.12' ],
235 silly audit   '@esbuild/netbsd-x64': [ '0.25.12' ],
235 silly audit   '@esbuild/openbsd-arm64': [ '0.25.12' ],
235 silly audit   '@esbuild/openbsd-x64': [ '0.25.12' ],
235 silly audit   '@esbuild/openharmony-arm64': [ '0.25.12' ],
235 silly audit   '@esbuild/sunos-x64': [ '0.25.12' ],
235 silly audit   '@esbuild/win32-arm64': [ '0.25.12' ],
235 silly audit   '@esbuild/win32-ia32': [ '0.25.12' ],
235 silly audit   '@esbuild/win32-x64': [ '0.25.12' ],
235 silly audit   '@tailwindcss/oxide-wasm32-wasi': [ '4.1.17' ]
235 silly audit }
236 verbose reify failed optional dependency /Users/k1zzle/Desktop/velou-shopping-assistant/node_modules/@esbuild/win32-x64
237 silly reify mark deleted [
237 silly reify   '/Users/k1zzle/Desktop/velou-shopping-assistant/node_modules/@esbuild/win32-x64'
237 silly reify ]
238 verbose reify failed optional dependency /Users/k1zzle/Desktop/velou-shopping-assistant/node_modules/@esbuild/win32-ia32
239 silly reify mark deleted [
239 silly reify   '/Users/k1zzle/Desktop/velou-shopping-assistant/node_modules/@esbuild/win32-ia32'
239 silly reify ]
240 verbose reify failed optional dependency /Users/k1zzle/Desktop/velou-shopping-assistant/node_modules/@esbuild/win32-arm64
241 silly reify mark deleted [
241 silly reify   '/Users/k1zzle/Desktop/velou-shopping-assistant/node_modules/@esbuild/win32-arm64'
241 silly reify ]
242 verbose reify failed optional dependency /Users/k1zzle/Desktop/velou-shopping-assistant/node_modules/@esbuild/sunos-x64
243 silly reify mark deleted [
243 silly reify   '/Users/k1zzle/Desktop/velou-shopping-assistant/node_modules/@esbuild/sunos-x64'
243 silly reify ]
244 verbose reify failed optional dependency /Users/k1zzle/Desktop/velou-shopping-assistant/node_modules/@esbuild/openharmony-arm64
245 silly reify mark deleted [
245 silly reify   '/Users/k1zzle/Desktop/velou-shopping-assistant/node_modules/@esbuild/openharmony-arm64'
245 silly reify ]
246 verbose reify failed optional dependency /Users/k1zzle/Desktop/velou-shopping-assistant/node_modules/@esbuild/openbsd-x64
247 silly reify mark deleted [
247 silly reify   '/Users/k1zzle/Desktop/velou-shopping-assistant/node_modules/@esbuild/openbsd-x64'
247 silly reify ]
248 verbose reify failed optional dependency /Users/k1zzle/Desktop/velou-shopping-assistant/node_modules/@esbuild/openbsd-arm64
249 silly reify mark deleted [
249 silly reify   '/Users/k1zzle/Desktop/velou-shopping-assistant/node_modules/@esbuild/openbsd-arm64'
249 silly reify ]
250 verbose reify failed optional dependency /Users/k1zzle/Desktop/velou-shopping-assistant/node_modules/@esbuild/netbsd-x64
251 silly reify mark deleted [
251 silly reify   '/Users/k1zzle/Desktop/velou-shopping-assistant/node_modules/@esbuild/netbsd-x64'
251 silly reify ]
252 verbose reify failed optional dependency /Users/k1zzle/Desktop/velou-shopping-assistant/node_modules/@esbuild/netbsd-arm64
253 silly reify mark deleted [
253 silly reify   '/Users/k1zzle/Desktop/velou-shopping-assistant/node_modules/@esbuild/netbsd-arm64'
253 silly reify ]
254 verbose reify failed optional dependency /Users/k1zzle/Desktop/velou-shopping-assistant/node_modules/@esbuild/linux-x64
255 silly reify mark deleted [
255 silly reify   '/Users/k1zzle/Desktop/velou-shopping-assistant/node_modules/@esbuild/linux-x64'
255 silly reify ]
256 verbose reify failed optional dependency /Users/k1zzle/Desktop/velou-shopping-assistant/node_modules/@esbuild/linux-s390x
257 silly reify mark deleted [
257 silly reify   '/Users/k1zzle/Desktop/velou-shopping-assistant/node_modules/@esbuild/linux-s390x'
257 silly reify ]
258 verbose reify failed optional dependency /Users/k1zzle/Desktop/velou-shopping-assistant/node_modules/@esbuild/linux-riscv64
259 silly reify mark deleted [
259 silly reify   '/Users/k1zzle/Desktop/velou-shopping-assistant/node_modules/@esbuild/linux-riscv64'
259 silly reify ]
260 verbose reify failed optional dependency /Users/k1zzle/Desktop/velou-shopping-assistant/node_modules/@esbuild/linux-ppc64
261 silly reify mark deleted [
261 silly reify   '/Users/k1zzle/Desktop/velou-shopping-assistant/node_modules/@esbuild/linux-ppc64'
261 silly reify ]
262 verbose reify failed optional dependency /Users/k1zzle/Desktop/velou-shopping-assistant/node_modules/@esbuild/linux-mips64el
263 silly reify mark deleted [
263 silly reify   '/Users/k1zzle/Desktop/velou-shopping-assistant/node_modules/@esbuild/linux-mips64el'
263 silly reify ]
264 verbose reify failed optional dependency /Users/k1zzle/Desktop/velou-shopping-assistant/node_modules/@esbuild/linux-loong64
265 silly reify mark deleted [
265 silly reify   '/Users/k1zzle/Desktop/velou-shopping-assistant/node_modules/@esbuild/linux-loong64'
265 silly reify ]
266 verbose reify failed optional dependency /Users/k1zzle/Desktop/velou-shopping-assistant/node_modules/@esbuild/linux-ia32
267 silly reify mark deleted [
267 silly reify   '/Users/k1zzle/Desktop/velou-shopping-assistant/node_modules/@esbuild/linux-ia32'
267 silly reify ]
268 verbose reify failed optional dependency /Users/k1zzle/Desktop/velou-shopping-assistant/node_modules/@esbuild/linux-arm64
269 silly reify mark deleted [
269 silly reify   '/Users/k1zzle/Desktop/velou-shopping-assistant/node_modules/@esbuild/linux-arm64'
269 silly reify ]
270 verbose reify failed optional dependency /Users/k1zzle/Desktop/velou-shopping-assistant/node_modules/@esbuild/linux-arm
271 silly reify mark deleted [
271 silly reify   '/Users/k1zzle/Desktop/velou-shopping-assistant/node_modules/@esbuild/linux-arm'
271 silly reify ]
272 verbose reify failed optional dependency /Users/k1zzle/Desktop/velou-shopping-assistant/node_modules/@esbuild/freebsd-x64
273 silly reify mark deleted [
273 silly reify   '/Users/k1zzle/Desktop/velou-shopping-assistant/node_modules/@esbuild/freebsd-x64'
273 silly reify ]
274 verbose reify failed optional dependency /Users/k1zzle/Desktop/velou-shopping-assistant/node_modules/@esbuild/freebsd-arm64
275 silly reify mark deleted [
275 silly reify   '/Users/k1zzle/Desktop/velou-shopping-assistant/node_modules/@esbuild/freebsd-arm64'
275 silly reify ]
276 verbose reify failed optional dependency /Users/k1zzle/Desktop/velou-shopping-assistant/node_modules/@esbuild/darwin-x64
277 silly reify mark deleted [
277 silly reify   '/Users/k1zzle/Desktop/velou-shopping-assistant/node_modules/@esbuild/darwin-x64'
277 silly reify ]
278 verbose reify failed optional dependency /Users/k1zzle/Desktop/velou-shopping-assistant/node_modules/@esbuild/android-x64
279 silly reify mark deleted [
279 silly reify   '/Users/k1zzle/Desktop/velou-shopping-assistant/node_modules/@esbuild/android-x64'
279 silly reify ]
280 verbose reify failed optional dependency /Users/k1zzle/Desktop/velou-shopping-assistant/node_modules/@esbuild/android-arm64
281 silly reify mark deleted [
281 silly reify   '/Users/k1zzle/Desktop/velou-shopping-assistant/node_modules/@esbuild/android-arm64'
281 silly reify ]
282 verbose reify failed optional dependency /Users/k1zzle/Desktop/velou-shopping-assistant/node_modules/@esbuild/android-arm
283 silly reify mark deleted [
283 silly reify   '/Users/k1zzle/Desktop/velou-shopping-assistant/node_modules/@esbuild/android-arm'
283 silly reify ]
284 verbose reify failed optional dependency /Users/k1zzle/Desktop/velou-shopping-assistant/node_modules/@esbuild/aix-ppc64
285 silly reify mark deleted [
285 silly reify   '/Users/k1zzle/Desktop/velou-shopping-assistant/node_modules/@esbuild/aix-ppc64'
285 silly reify ]
286 verbose reify failed optional dependency /Users/k1zzle/Desktop/velou-shopping-assistant/node_modules/@unrs/resolver-binding-win32-x64-msvc
287 silly reify mark deleted [
287 silly reify   '/Users/k1zzle/Desktop/velou-shopping-assistant/node_modules/@unrs/resolver-binding-win32-x64-msvc'
287 silly reify ]
288 verbose reify failed optional dependency /Users/k1zzle/Desktop/velou-shopping-assistant/node_modules/@unrs/resolver-binding-win32-ia32-msvc
289 silly reify mark deleted [
289 silly reify   '/Users/k1zzle/Desktop/velou-shopping-assistant/node_modules/@unrs/resolver-binding-win32-ia32-msvc'
289 silly reify ]
290 verbose reify failed optional dependency /Users/k1zzle/Desktop/velou-shopping-assistant/node_modules/@unrs/resolver-binding-win32-arm64-msvc
291 silly reify mark deleted [
291 silly reify   '/Users/k1zzle/Desktop/velou-shopping-assistant/node_modules/@unrs/resolver-binding-win32-arm64-msvc'
291 silly reify ]
292 verbose reify failed optional dependency /Users/k1zzle/Desktop/velou-shopping-assistant/node_modules/@unrs/resolver-binding-linux-riscv64-gnu
293 silly reify mark deleted [
293 silly reify   '/Users/k1zzle/Desktop/velou-shopping-assistant/node_modules/@unrs/resolver-binding-linux-riscv64-gnu'
293 silly reify ]
294 verbose reify failed optional dependency /Users/k1zzle/Desktop/velou-shopping-assistant/node_modules/@unrs/resolver-binding-linux-arm64-gnu
295 silly reify mark deleted [
295 silly reify   '/Users/k1zzle/Desktop/velou-shopping-assistant/node_modules/@unrs/resolver-binding-linux-arm64-gnu'
295 silly reify ]
296 verbose reify failed optional dependency /Users/k1zzle/Desktop/velou-shopping-assistant/node_modules/@unrs/resolver-binding-wasm32-wasi
297 silly reify mark deleted [
297 silly reify   '/Users/k1zzle/Desktop/velou-shopping-assistant/node_modules/@unrs/resolver-binding-wasm32-wasi'
297 silly reify ]
298 verbose reify failed optional dependency /Users/k1zzle/Desktop/velou-shopping-assistant/node_modules/@unrs/resolver-binding-linux-x64-musl
299 silly reify mark deleted [
299 silly reify   '/Users/k1zzle/Desktop/velou-shopping-assistant/node_modules/@unrs/resolver-binding-linux-x64-musl'
299 silly reify ]
300 verbose reify failed optional dependency /Users/k1zzle/Desktop/velou-shopping-assistant/node_modules/@unrs/resolver-binding-linux-s390x-gnu
301 silly reify mark deleted [
301 silly reify   '/Users/k1zzle/Desktop/velou-shopping-assistant/node_modules/@unrs/resolver-binding-linux-s390x-gnu'
301 silly reify ]
302 verbose reify failed optional dependency /Users/k1zzle/Desktop/velou-shopping-assistant/node_modules/@unrs/resolver-binding-linux-x64-gnu
303 silly reify mark deleted [
303 silly reify   '/Users/k1zzle/Desktop/velou-shopping-assistant/node_modules/@unrs/resolver-binding-linux-x64-gnu'
303 silly reify ]
304 verbose reify failed optional dependency /Users/k1zzle/Desktop/velou-shopping-assistant/node_modules/@unrs/resolver-binding-linux-riscv64-musl
305 silly reify mark deleted [
305 silly reify   '/Users/k1zzle/Desktop/velou-shopping-assistant/node_modules/@unrs/resolver-binding-linux-riscv64-musl'
305 silly reify ]
306 verbose reify failed optional dependency /Users/k1zzle/Desktop/velou-shopping-assistant/node_modules/@unrs/resolver-binding-linux-ppc64-gnu
307 silly reify mark deleted [
307 silly reify   '/Users/k1zzle/Desktop/velou-shopping-assistant/node_modules/@unrs/resolver-binding-linux-ppc64-gnu'
307 silly reify ]
308 verbose reify failed optional dependency /Users/k1zzle/Desktop/velou-shopping-assistant/node_modules/@unrs/resolver-binding-linux-arm64-musl
309 silly reify mark deleted [
309 silly reify   '/Users/k1zzle/Desktop/velou-shopping-assistant/node_modules/@unrs/resolver-binding-linux-arm64-musl'
309 silly reify ]
310 verbose reify failed optional dependency /Users/k1zzle/Desktop/velou-shopping-assistant/node_modules/@unrs/resolver-binding-linux-arm-musleabihf
311 silly reify mark deleted [
311 silly reify   '/Users/k1zzle/Desktop/velou-shopping-assistant/node_modules/@unrs/resolver-binding-linux-arm-musleabihf'
311 silly reify ]
312 verbose reify failed optional dependency /Users/k1zzle/Desktop/velou-shopping-assistant/node_modules/@unrs/resolver-binding-linux-arm-gnueabihf
313 silly reify mark deleted [
313 silly reify   '/Users/k1zzle/Desktop/velou-shopping-assistant/node_modules/@unrs/resolver-binding-linux-arm-gnueabihf'
313 silly reify ]
314 verbose reify failed optional dependency /Users/k1zzle/Desktop/velou-shopping-assistant/node_modules/@unrs/resolver-binding-freebsd-x64
315 silly reify mark deleted [
315 silly reify   '/Users/k1zzle/Desktop/velou-shopping-assistant/node_modules/@unrs/resolver-binding-freebsd-x64'
315 silly reify ]
316 verbose reify failed optional dependency /Users/k1zzle/Desktop/velou-shopping-assistant/node_modules/@unrs/resolver-binding-darwin-x64
317 silly reify mark deleted [
317 silly reify   '/Users/k1zzle/Desktop/velou-shopping-assistant/node_modules/@unrs/resolver-binding-darwin-x64'
317 silly reify ]
318 verbose reify failed optional dependency /Users/k1zzle/Desktop/velou-shopping-assistant/node_modules/@unrs/resolver-binding-android-arm64
319 silly reify mark deleted [
319 silly reify   '/Users/k1zzle/Desktop/velou-shopping-assistant/node_modules/@unrs/resolver-binding-android-arm64'
319 silly reify ]
320 verbose reify failed optional dependency /Users/k1zzle/Desktop/velou-shopping-assistant/node_modules/@unrs/resolver-binding-android-arm-eabi
321 silly reify mark deleted [
321 silly reify   '/Users/k1zzle/Desktop/velou-shopping-assistant/node_modules/@unrs/resolver-binding-android-arm-eabi'
321 silly reify ]
322 verbose reify failed optional dependency /Users/k1zzle/Desktop/velou-shopping-assistant/node_modules/@tailwindcss/oxide-linux-arm-gnueabihf
323 silly reify mark deleted [
323 silly reify   '/Users/k1zzle/Desktop/velou-shopping-assistant/node_modules/@tailwindcss/oxide-linux-arm-gnueabihf'
323 silly reify ]
324 verbose reify failed optional dependency /Users/k1zzle/Desktop/velou-shopping-assistant/node_modules/@tailwindcss/oxide-win32-x64-msvc
325 silly reify mark deleted [
325 silly reify   '/Users/k1zzle/Desktop/velou-shopping-assistant/node_modules/@tailwindcss/oxide-win32-x64-msvc'
325 silly reify ]
326 verbose reify failed optional dependency /Users/k1zzle/Desktop/velou-shopping-assistant/node_modules/@tailwindcss/oxide-win32-arm64-msvc
327 silly reify mark deleted [
327 silly reify   '/Users/k1zzle/Desktop/velou-shopping-assistant/node_modules/@tailwindcss/oxide-win32-arm64-msvc'
327 silly reify ]
328 verbose reify failed optional dependency /Users/k1zzle/Desktop/velou-shopping-assistant/node_modules/@tailwindcss/oxide-linux-x64-musl
329 silly reify mark deleted [
329 silly reify   '/Users/k1zzle/Desktop/velou-shopping-assistant/node_modules/@tailwindcss/oxide-linux-x64-musl'
329 silly reify ]
330 verbose reify failed optional dependency /Users/k1zzle/Desktop/velou-shopping-assistant/node_modules/@tailwindcss/oxide-linux-x64-gnu
331 silly reify mark deleted [
331 silly reify   '/Users/k1zzle/Desktop/velou-shopping-assistant/node_modules/@tailwindcss/oxide-linux-x64-gnu'
331 silly reify ]
332 verbose reify failed optional dependency /Users/k1zzle/Desktop/velou-shopping-assistant/node_modules/@tailwindcss/oxide-linux-arm64-gnu
333 silly reify mark deleted [
333 silly reify   '/Users/k1zzle/Desktop/velou-shopping-assistant/node_modules/@tailwindcss/oxide-linux-arm64-gnu'
333 silly reify ]
334 verbose reify failed optional dependency /Users/k1zzle/Desktop/velou-shopping-assistant/node_modules/@tailwindcss/oxide-linux-arm64-musl
335 silly reify mark deleted [
335 silly reify   '/Users/k1zzle/Desktop/velou-shopping-assistant/node_modules/@tailwindcss/oxide-linux-arm64-musl'
335 silly reify ]
336 verbose reify failed optional dependency /Users/k1zzle/Desktop/velou-shopping-assistant/node_modules/@tailwindcss/oxide-freebsd-x64
337 silly reify mark deleted [
337 silly reify   '/Users/k1zzle/Desktop/velou-shopping-assistant/node_modules/@tailwindcss/oxide-freebsd-x64'
337 silly reify ]
338 verbose reify failed optional dependency /Users/k1zzle/Desktop/velou-shopping-assistant/node_modules/@tailwindcss/oxide-darwin-x64
339 silly reify mark deleted [
339 silly reify   '/Users/k1zzle/Desktop/velou-shopping-assistant/node_modules/@tailwindcss/oxide-darwin-x64'
339 silly reify ]
340 verbose reify failed optional dependency /Users/k1zzle/Desktop/velou-shopping-assistant/node_modules/@tailwindcss/oxide-android-arm64
341 silly reify mark deleted [
341 silly reify   '/Users/k1zzle/Desktop/velou-shopping-assistant/node_modules/@tailwindcss/oxide-android-arm64'
341 silly reify ]
342 verbose reify failed optional dependency /Users/k1zzle/Desktop/velou-shopping-assistant/node_modules/@next/swc-win32-x64-msvc
343 silly reify mark deleted [
343 silly reify   '/Users/k1zzle/Desktop/velou-shopping-assistant/node_modules/@next/swc-win32-x64-msvc'
343 silly reify ]
344 verbose reify failed optional dependency /Users/k1zzle/Desktop/velou-shopping-assistant/node_modules/@next/swc-win32-arm64-msvc
345 silly reify mark deleted [
345 silly reify   '/Users/k1zzle/Desktop/velou-shopping-assistant/node_modules/@next/swc-win32-arm64-msvc'
345 silly reify ]
346 verbose reify failed optional dependency /Users/k1zzle/Desktop/velou-shopping-assistant/node_modules/@next/swc-linux-x64-musl
347 silly reify mark deleted [
347 silly reify   '/Users/k1zzle/Desktop/velou-shopping-assistant/node_modules/@next/swc-linux-x64-musl'
347 silly reify ]
348 verbose reify failed optional dependency /Users/k1zzle/Desktop/velou-shopping-assistant/node_modules/@next/swc-linux-x64-gnu
349 silly reify mark deleted [
349 silly reify   '/Users/k1zzle/Desktop/velou-shopping-assistant/node_modules/@next/swc-linux-x64-gnu'
349 silly reify ]
350 verbose reify failed optional dependency /Users/k1zzle/Desktop/velou-shopping-assistant/node_modules/@next/swc-linux-arm64-musl
351 silly reify mark deleted [
351 silly reify   '/Users/k1zzle/Desktop/velou-shopping-assistant/node_modules/@next/swc-linux-arm64-musl'
351 silly reify ]
352 verbose reify failed optional dependency /Users/k1zzle/Desktop/velou-shopping-assistant/node_modules/@next/swc-linux-arm64-gnu
353 silly reify mark deleted [
353 silly reify   '/Users/k1zzle/Desktop/velou-shopping-assistant/node_modules/@next/swc-linux-arm64-gnu'
353 silly reify ]
354 verbose reify failed optional dependency /Users/k1zzle/Desktop/velou-shopping-assistant/node_modules/@next/swc-darwin-x64
355 silly reify mark deleted [
355 silly reify   '/Users/k1zzle/Desktop/velou-shopping-assistant/node_modules/@next/swc-darwin-x64'
355 silly reify ]
356 verbose reify failed optional dependency /Users/k1zzle/Desktop/velou-shopping-assistant/node_modules/@img/sharp-linux-x64
357 silly reify mark deleted [
357 silly reify   '/Users/k1zzle/Desktop/velou-shopping-assistant/node_modules/@img/sharp-linux-x64'
357 silly reify ]
358 verbose reify failed optional dependency /Users/k1zzle/Desktop/velou-shopping-assistant/node_modules/@img/sharp-win32-x64
359 silly reify mark deleted [
359 silly reify   '/Users/k1zzle/Desktop/velou-shopping-assistant/node_modules/@img/sharp-win32-x64'
359 silly reify ]
360 verbose reify failed optional dependency /Users/k1zzle/Desktop/velou-shopping-assistant/node_modules/@img/sharp-win32-ia32
361 silly reify mark deleted [
361 silly reify   '/Users/k1zzle/Desktop/velou-shopping-assistant/node_modules/@img/sharp-win32-ia32'
361 silly reify ]
362 verbose reify failed optional dependency /Users/k1zzle/Desktop/velou-shopping-assistant/node_modules/@img/sharp-wasm32
363 silly reify mark deleted [
363 silly reify   '/Users/k1zzle/Desktop/velou-shopping-assistant/node_modules/@img/sharp-wasm32'
363 silly reify ]
364 verbose reify failed optional dependency /Users/k1zzle/Desktop/velou-shopping-assistant/node_modules/@img/sharp-win32-arm64
365 silly reify mark deleted [
365 silly reify   '/Users/k1zzle/Desktop/velou-shopping-assistant/node_modules/@img/sharp-win32-arm64'
365 silly reify ]
366 verbose reify failed optional dependency /Users/k1zzle/Desktop/velou-shopping-assistant/node_modules/@img/sharp-linuxmusl-arm64
367 silly reify mark deleted [
367 silly reify   '/Users/k1zzle/Desktop/velou-shopping-assistant/node_modules/@img/sharp-linuxmusl-arm64'
367 silly reify ]
368 verbose reify failed optional dependency /Users/k1zzle/Desktop/velou-shopping-assistant/node_modules/@img/sharp-linuxmusl-x64
369 silly reify mark deleted [
369 silly reify   '/Users/k1zzle/Desktop/velou-shopping-assistant/node_modules/@img/sharp-linuxmusl-x64'
369 silly reify ]
370 verbose reify failed optional dependency /Users/k1zzle/Desktop/velou-shopping-assistant/node_modules/@img/sharp-linux-riscv64
371 silly reify mark deleted [
371 silly reify   '/Users/k1zzle/Desktop/velou-shopping-assistant/node_modules/@img/sharp-linux-riscv64'
371 silly reify ]
372 verbose reify failed optional dependency /Users/k1zzle/Desktop/velou-shopping-assistant/node_modules/@img/sharp-linux-s390x
373 silly reify mark deleted [
373 silly reify   '/Users/k1zzle/Desktop/velou-shopping-assistant/node_modules/@img/sharp-linux-s390x'
373 silly reify ]
374 verbose reify failed optional dependency /Users/k1zzle/Desktop/velou-shopping-assistant/node_modules/@img/sharp-libvips-linux-s390x
375 silly reify mark deleted [
375 silly reify   '/Users/k1zzle/Desktop/velou-shopping-assistant/node_modules/@img/sharp-libvips-linux-s390x'
375 silly reify ]
376 verbose reify failed optional dependency /Users/k1zzle/Desktop/velou-shopping-assistant/node_modules/@img/sharp-linux-ppc64
377 silly reify mark deleted [
377 silly reify   '/Users/k1zzle/Desktop/velou-shopping-assistant/node_modules/@img/sharp-linux-ppc64'
377 silly reify ]
378 verbose reify failed optional dependency /Users/k1zzle/Desktop/velou-shopping-assistant/node_modules/@img/sharp-linux-arm64
379 silly reify mark deleted [
379 silly reify   '/Users/k1zzle/Desktop/velou-shopping-assistant/node_modules/@img/sharp-linux-arm64'
379 silly reify ]
380 verbose reify failed optional dependency /Users/k1zzle/Desktop/velou-shopping-assistant/node_modules/@img/sharp-linux-arm
381 silly reify mark deleted [
381 silly reify   '/Users/k1zzle/Desktop/velou-shopping-assistant/node_modules/@img/sharp-linux-arm'
381 silly reify ]
382 verbose reify failed optional dependency /Users/k1zzle/Desktop/velou-shopping-assistant/node_modules/@img/sharp-libvips-linuxmusl-x64
383 silly reify mark deleted [
383 silly reify   '/Users/k1zzle/Desktop/velou-shopping-assistant/node_modules/@img/sharp-libvips-linuxmusl-x64'
383 silly reify ]
384 verbose reify failed optional dependency /Users/k1zzle/Desktop/velou-shopping-assistant/node_modules/@img/sharp-libvips-linuxmusl-arm64
385 silly reify mark deleted [
385 silly reify   '/Users/k1zzle/Desktop/velou-shopping-assistant/node_modules/@img/sharp-libvips-linuxmusl-arm64'
385 silly reify ]
386 verbose reify failed optional dependency /Users/k1zzle/Desktop/velou-shopping-assistant/node_modules/@img/sharp-libvips-linux-x64
387 silly reify mark deleted [
387 silly reify   '/Users/k1zzle/Desktop/velou-shopping-assistant/node_modules/@img/sharp-libvips-linux-x64'
387 silly reify ]
388 verbose reify failed optional dependency /Users/k1zzle/Desktop/velou-shopping-assistant/node_modules/@img/sharp-libvips-linux-riscv64
389 silly reify mark deleted [
389 silly reify   '/Users/k1zzle/Desktop/velou-shopping-assistant/node_modules/@img/sharp-libvips-linux-riscv64'
389 silly reify ]
390 verbose reify failed optional dependency /Users/k1zzle/Desktop/velou-shopping-assistant/node_modules/@img/sharp-libvips-linux-ppc64
391 silly reify mark deleted [
391 silly reify   '/Users/k1zzle/Desktop/velou-shopping-assistant/node_modules/@img/sharp-libvips-linux-ppc64'
391 silly reify ]
392 verbose reify failed optional dependency /Users/k1zzle/Desktop/velou-shopping-assistant/node_modules/@img/sharp-libvips-linux-arm64
393 silly reify mark deleted [
393 silly reify   '/Users/k1zzle/Desktop/velou-shopping-assistant/node_modules/@img/sharp-libvips-linux-arm64'
393 silly reify ]
394 verbose reify failed optional dependency /Users/k1zzle/Desktop/velou-shopping-assistant/node_modules/@img/sharp-libvips-linux-arm
395 silly reify mark deleted [
395 silly reify   '/Users/k1zzle/Desktop/velou-shopping-assistant/node_modules/@img/sharp-libvips-linux-arm'
395 silly reify ]
396 verbose reify failed optional dependency /Users/k1zzle/Desktop/velou-shopping-assistant/node_modules/@img/sharp-libvips-darwin-x64
397 silly reify mark deleted [
397 silly reify   '/Users/k1zzle/Desktop/velou-shopping-assistant/node_modules/@img/sharp-libvips-darwin-x64'
397 silly reify ]
398 verbose reify failed optional dependency /Users/k1zzle/Desktop/velou-shopping-assistant/node_modules/@img/sharp-darwin-x64
399 silly reify mark deleted [
399 silly reify   '/Users/k1zzle/Desktop/velou-shopping-assistant/node_modules/@img/sharp-darwin-x64'
399 silly reify ]
400 verbose reify failed optional dependency /Users/k1zzle/Desktop/velou-shopping-assistant/node_modules/lightningcss-win32-x64-msvc
401 silly reify mark deleted [
401 silly reify   '/Users/k1zzle/Desktop/velou-shopping-assistant/node_modules/lightningcss-win32-x64-msvc'
401 silly reify ]
402 verbose reify failed optional dependency /Users/k1zzle/Desktop/velou-shopping-assistant/node_modules/lightningcss-win32-arm64-msvc
403 silly reify mark deleted [
403 silly reify   '/Users/k1zzle/Desktop/velou-shopping-assistant/node_modules/lightningcss-win32-arm64-msvc'
403 silly reify ]
404 verbose reify failed optional dependency /Users/k1zzle/Desktop/velou-shopping-assistant/node_modules/lightningcss-linux-x64-gnu
405 silly reify mark deleted [
405 silly reify   '/Users/k1zzle/Desktop/velou-shopping-assistant/node_modules/lightningcss-linux-x64-gnu'
405 silly reify ]
406 verbose reify failed optional dependency /Users/k1zzle/Desktop/velou-shopping-assistant/node_modules/lightningcss-linux-x64-musl
407 silly reify mark deleted [
407 silly reify   '/Users/k1zzle/Desktop/velou-shopping-assistant/node_modules/lightningcss-linux-x64-musl'
407 silly reify ]
408 verbose reify failed optional dependency /Users/k1zzle/Desktop/velou-shopping-assistant/node_modules/lightningcss-linux-arm64-musl
409 silly reify mark deleted [
409 silly reify   '/Users/k1zzle/Desktop/velou-shopping-assistant/node_modules/lightningcss-linux-arm64-musl'
409 silly reify ]
410 verbose reify failed optional dependency /Users/k1zzle/Desktop/velou-shopping-assistant/node_modules/lightningcss-linux-arm64-gnu
411 silly reify mark deleted [
411 silly reify   '/Users/k1zzle/Desktop/velou-shopping-assistant/node_modules/lightningcss-linux-arm64-gnu'
411 silly reify ]
412 verbose reify failed optional dependency /Users/k1zzle/Desktop/velou-shopping-assistant/node_modules/lightningcss-linux-arm-gnueabihf
413 silly reify mark deleted [
413 silly reify   '/Users/k1zzle/Desktop/velou-shopping-assistant/node_modules/lightningcss-linux-arm-gnueabihf'
413 silly reify ]
414 verbose reify failed optional dependency /Users/k1zzle/Desktop/velou-shopping-assistant/node_modules/lightningcss-freebsd-x64
415 silly reify mark deleted [
415 silly reify   '/Users/k1zzle/Desktop/velou-shopping-assistant/node_modules/lightningcss-freebsd-x64'
415 silly reify ]
416 verbose reify failed optional dependency /Users/k1zzle/Desktop/velou-shopping-assistant/node_modules/lightningcss-darwin-x64
417 silly reify mark deleted [
417 silly reify   '/Users/k1zzle/Desktop/velou-shopping-assistant/node_modules/lightningcss-darwin-x64'
417 silly reify ]
418 verbose reify failed optional dependency /Users/k1zzle/Desktop/velou-shopping-assistant/node_modules/lightningcss-android-arm64
419 silly reify mark deleted [
419 silly reify   '/Users/k1zzle/Desktop/velou-shopping-assistant/node_modules/lightningcss-android-arm64'
419 silly reify ]
420 silly tarball no local data for @esbuild/darwin-arm64@https://registry.npmjs.org/@esbuild/darwin-arm64/-/darwin-arm64-0.25.12.tgz. Extracting by manifest.
421 silly tarball no local data for esbuild@https://registry.npmjs.org/esbuild/-/esbuild-0.25.12.tgz. Extracting by manifest.
422 silly tarball no local data for tsx@https://registry.npmjs.org/tsx/-/tsx-4.20.6.tgz. Extracting by manifest.
423 silly tarball no local data for @prisma/get-platform@https://registry.npmjs.org/@prisma/get-platform/-/get-platform-5.19.1.tgz. Extracting by manifest.
424 silly tarball no local data for @prisma/fetch-engine@https://registry.npmjs.org/@prisma/fetch-engine/-/fetch-engine-5.19.1.tgz. Extracting by manifest.
425 silly tarball no local data for @prisma/client@https://registry.npmjs.org/@prisma/client/-/client-5.22.0.tgz. Extracting by manifest.
426 silly tarball no local data for @prisma/engines-version@https://registry.npmjs.org/@prisma/engines-version/-/engines-version-5.19.1-2.69d742ee20b815d88e17e54db4a2a7a3b30324e3.tgz. Extracting by manifest.
427 silly tarball no local data for @prisma/engines@https://registry.npmjs.org/@prisma/engines/-/engines-5.19.1.tgz. Extracting by manifest.
428 silly tarball no local data for @prisma/debug@https://registry.npmjs.org/@prisma/debug/-/debug-5.19.1.tgz. Extracting by manifest.
429 http fetch GET 200 https://registry.npmjs.org/esbuild/-/esbuild-0.25.12.tgz 74ms (cache miss)
430 http fetch GET 200 https://registry.npmjs.org/tsx/-/tsx-4.20.6.tgz 75ms (cache miss)
431 http fetch GET 200 https://registry.npmjs.org/@prisma/client/-/client-5.22.0.tgz 215ms (cache miss)
432 http fetch GET 200 https://registry.npmjs.org/@esbuild/darwin-arm64/-/darwin-arm64-0.25.12.tgz 331ms (cache miss)
433 http fetch POST 200 https://registry.npmjs.org/-/npm/v1/security/advisories/bulk 367ms
434 silly audit report {}
435 http fetch GET 200 https://registry.npmjs.org/@prisma/debug/-/debug-5.19.1.tgz 718ms (cache miss)
436 http fetch GET 200 https://registry.npmjs.org/@prisma/engines/-/engines-5.19.1.tgz 882ms (cache miss)
437 http fetch GET 200 https://registry.npmjs.org/@prisma/engines-version/-/engines-version-5.19.1-2.69d742ee20b815d88e17e54db4a2a7a3b30324e3.tgz 922ms (cache miss)
438 http fetch GET 200 https://registry.npmjs.org/@prisma/fetch-engine/-/fetch-engine-5.19.1.tgz 927ms (cache miss)
439 http fetch GET 200 https://registry.npmjs.org/@prisma/get-platform/-/get-platform-5.19.1.tgz 1234ms (cache miss)
440 info run @prisma/client@5.22.0 postinstall node_modules/@prisma/client node scripts/postinstall.js
441 info run @prisma/engines@5.19.1 postinstall node_modules/@prisma/engines node scripts/postinstall.js
442 info run esbuild@0.25.12 postinstall node_modules/esbuild node install.js
443 info run esbuild@0.25.12 postinstall { code: 0, signal: null }
444 info run @prisma/engines@5.19.1 postinstall { code: 0, signal: null }
445 info run @prisma/client@5.22.0 postinstall { code: null, signal: 'SIGKILL' }
446 verbose stack Error: command failed
446 verbose stack     at promiseSpawn (/opt/homebrew/Cellar/node@20/20.19.0_1/lib/node_modules/npm/node_modules/@npmcli/promise-spawn/lib/index.js:22:22)
446 verbose stack     at spawnWithShell (/opt/homebrew/Cellar/node@20/20.19.0_1/lib/node_modules/npm/node_modules/@npmcli/promise-spawn/lib/index.js:124:10)
446 verbose stack     at promiseSpawn (/opt/homebrew/Cellar/node@20/20.19.0_1/lib/node_modules/npm/node_modules/@npmcli/promise-spawn/lib/index.js:12:12)
446 verbose stack     at runScriptPkg (/opt/homebrew/Cellar/node@20/20.19.0_1/lib/node_modules/npm/node_modules/@npmcli/run-script/lib/run-script-pkg.js:77:13)
446 verbose stack     at runScript (/opt/homebrew/Cellar/node@20/20.19.0_1/lib/node_modules/npm/node_modules/@npmcli/run-script/lib/run-script.js:9:12)
446 verbose stack     at /opt/homebrew/Cellar/node@20/20.19.0_1/lib/node_modules/npm/node_modules/@npmcli/arborist/lib/arborist/rebuild.js:329:17
446 verbose stack     at run (/opt/homebrew/Cellar/node@20/20.19.0_1/lib/node_modules/npm/node_modules/promise-call-limit/dist/commonjs/index.js:67:22)
446 verbose stack     at /opt/homebrew/Cellar/node@20/20.19.0_1/lib/node_modules/npm/node_modules/promise-call-limit/dist/commonjs/index.js:84:9
446 verbose stack     at new Promise (<anonymous>)
446 verbose stack     at callLimit (/opt/homebrew/Cellar/node@20/20.19.0_1/lib/node_modules/npm/node_modules/promise-call-limit/dist/commonjs/index.js:35:69)
447 verbose pkgid @prisma/client@5.22.0
448 error path /Users/k1zzle/Desktop/velou-shopping-assistant/node_modules/@prisma/client
449 error command failed
450 error signal SIGKILL
451 error command sh -c node scripts/postinstall.js
452 error Prisma schema loaded from prisma/schema.prisma
452 error
452 error ✔ Generated Prisma Client (v5.22.0) to ./node_modules/@prisma/client in 48ms
452 error
452 error Start by importing your Prisma Client (See: http://pris.ly/d/importing-client)
452 error
452 error Tip: Need your database queries to be 1000x faster? Accelerate offers you that and more: https://pris.ly/tip-2-accelerate
452 error
452 error
452 error warn Versions of prisma@5.19.1 and @prisma/client@5.22.0 don't match.
452 error This might lead to unexpected behavior.
452 error Please make sure they have the same version.
453 silly unfinished npm timer reify 1763569731709
454 silly unfinished npm timer reify:build 1763569733688
455 silly unfinished npm timer build 1763569733689
456 silly unfinished npm timer build:deps 1763569733689
457 silly unfinished npm timer build:run:postinstall 1763569733693
458 silly unfinished npm timer build:run:postinstall:node_modules/@prisma/client 1763569733693
459 verbose cwd /Users/k1zzle/Desktop/velou-shopping-assistant
460 verbose os Darwin 24.5.0
461 verbose node v20.19.0
462 verbose npm  v10.8.2
463 verbose exit 1
464 verbose code 1
465 error A complete log of this run can be found in: /Users/k1zzle/Desktop/velou-shopping-assistant/.npm-cache/_logs/2025-11-19T16_28_51_559Z-debug-0.log
