0 verbose cli /opt/homebrew/Cellar/node@20/20.19.0_1/bin/node /opt/homebrew/opt/node@20/bin/npm
1 info using npm@10.8.2
2 info using node@v20.19.0
3 silly config load:file:/opt/homebrew/Cellar/node@20/20.19.0_1/lib/node_modules/npm/npmrc
4 silly config load:file:/Users/k1zzle/Desktop/velou-shopping-assistant/.npmrc
5 silly config load:file:/Users/k1zzle/.npmrc
6 silly config load:file:/opt/homebrew/etc/npmrc
7 verbose title npm install
8 verbose argv "install"
9 verbose logfile logs-max:10 dir:/Users/k1zzle/Desktop/velou-shopping-assistant/.npm-cache/_logs/2025-11-19T16_28_34_957Z-
10 verbose logfile /Users/k1zzle/Desktop/velou-shopping-assistant/.npm-cache/_logs/2025-11-19T16_28_34_957Z-debug-0.log
11 silly packumentCache heap:4345298944 maxSize:1086324736 maxEntrySize:543162368
12 silly logfile done cleaning log files
13 silly idealTree buildDeps
14 silly fetch manifest @prisma/client@^5.19.1
15 silly packumentCache full:https://registry.npmjs.org/@prisma%2fclient cache-miss
16 verbose shrinkwrap failed to load node_modules/.package-lock.json out of date, updated: node_modules
17 http fetch GET 200 https://registry.npmjs.org/npm 162ms
18 http fetch GET 200 https://registry.npmjs.org/@prisma%2fclient 907ms (cache miss)
19 silly packumentCache full:https://registry.npmjs.org/@prisma%2fclient set size:undefined disposed:false
20 silly fetch manifest prisma@^5.19.1
21 silly packumentCache full:https://registry.npmjs.org/prisma cache-miss
22 http fetch GET 200 https://registry.npmjs.org/prisma 578ms (cache miss)
23 silly packumentCache full:https://registry.npmjs.org/prisma set size:undefined disposed:false
24 silly fetch manifest tsx@^4.19.1
25 silly packumentCache full:https://registry.npmjs.org/tsx cache-miss
26 http fetch GET 200 https://registry.npmjs.org/tsx 28ms (cache miss)
27 silly packumentCache full:https://registry.npmjs.org/tsx set size:undefined disposed:false
28 silly placeDep ROOT @prisma/client@5.22.0 REPLACE for: velou-shopping-assistant@0.1.0 want: ^5.19.1
29 silly placeDep ROOT tsx@4.20.6 OK for: velou-shopping-assistant@0.1.0 want: ^4.19.1
30 silly fetch manifest esbuild@~0.25.0
31 silly packumentCache full:https://registry.npmjs.org/esbuild cache-miss
32 http fetch GET 200 https://registry.npmjs.org/esbuild 75ms (cache miss)
33 silly packumentCache full:https://registry.npmjs.org/esbuild set size:undefined disposed:false
34 silly placeDep ROOT esbuild@0.25.12 OK for: tsx@4.20.6 want: ~0.25.0
35 silly fetch manifest @esbuild/aix-ppc64@0.25.12
36 silly packumentCache full:https://registry.npmjs.org/@esbuild%2faix-ppc64 cache-miss
37 silly fetch manifest @esbuild/linux-arm@0.25.12
38 silly packumentCache full:https://registry.npmjs.org/@esbuild%2flinux-arm cache-miss
39 silly fetch manifest @esbuild/linux-x64@0.25.12
40 silly packumentCache full:https://registry.npmjs.org/@esbuild%2flinux-x64 cache-miss
41 silly fetch manifest @esbuild/sunos-x64@0.25.12
42 silly packumentCache full:https://registry.npmjs.org/@esbuild%2fsunos-x64 cache-miss
43 silly fetch manifest @esbuild/win32-x64@0.25.12
44 silly packumentCache full:https://registry.npmjs.org/@esbuild%2fwin32-x64 cache-miss
45 silly fetch manifest @esbuild/darwin-x64@0.25.12
46 silly packumentCache full:https://registry.npmjs.org/@esbuild%2fdarwin-x64 cache-miss
47 silly fetch manifest @esbuild/linux-ia32@0.25.12
48 silly packumentCache full:https://registry.npmjs.org/@esbuild%2flinux-ia32 cache-miss
49 http fetch GET 200 https://registry.npmjs.org/@esbuild%2flinux-arm 40ms (cache miss)
50 silly packumentCache full:https://registry.npmjs.org/@esbuild%2flinux-arm set size:undefined disposed:false
51 silly fetch manifest @esbuild/netbsd-x64@0.25.12
52 silly packumentCache full:https://registry.npmjs.org/@esbuild%2fnetbsd-x64 cache-miss
53 http fetch GET 200 https://registry.npmjs.org/@esbuild%2faix-ppc64 44ms (cache miss)
54 silly packumentCache full:https://registry.npmjs.org/@esbuild%2faix-ppc64 set size:undefined disposed:false
55 silly fetch manifest @esbuild/win32-ia32@0.25.12
56 silly packumentCache full:https://registry.npmjs.org/@esbuild%2fwin32-ia32 cache-miss
57 http fetch GET 200 https://registry.npmjs.org/@esbuild%2fsunos-x64 79ms (cache miss)
58 silly packumentCache full:https://registry.npmjs.org/@esbuild%2fsunos-x64 set size:undefined disposed:false
59 silly fetch manifest @esbuild/android-arm@0.25.12
60 silly packumentCache full:https://registry.npmjs.org/@esbuild%2fandroid-arm cache-miss
61 http fetch GET 200 https://registry.npmjs.org/@esbuild%2flinux-x64 82ms (cache miss)
62 silly packumentCache full:https://registry.npmjs.org/@esbuild%2flinux-x64 set size:undefined disposed:false
63 silly fetch manifest @esbuild/android-x64@0.25.12
64 silly packumentCache full:https://registry.npmjs.org/@esbuild%2fandroid-x64 cache-miss
65 http fetch GET 200 https://registry.npmjs.org/@esbuild%2fdarwin-x64 86ms (cache miss)
66 silly packumentCache full:https://registry.npmjs.org/@esbuild%2fdarwin-x64 set size:undefined disposed:false
67 silly fetch manifest @esbuild/freebsd-x64@0.25.12
68 silly packumentCache full:https://registry.npmjs.org/@esbuild%2ffreebsd-x64 cache-miss
69 http fetch GET 200 https://registry.npmjs.org/@esbuild%2fwin32-ia32 48ms (cache miss)
70 silly packumentCache full:https://registry.npmjs.org/@esbuild%2fwin32-ia32 set size:undefined disposed:false
71 silly fetch manifest @esbuild/linux-arm64@0.25.12
72 silly packumentCache full:https://registry.npmjs.org/@esbuild%2flinux-arm64 cache-miss
73 http fetch GET 200 https://registry.npmjs.org/@esbuild%2flinux-ia32 94ms (cache miss)
74 silly packumentCache full:https://registry.npmjs.org/@esbuild%2flinux-ia32 set size:undefined disposed:false
75 silly fetch manifest @esbuild/linux-ppc64@0.25.12
76 silly packumentCache full:https://registry.npmjs.org/@esbuild%2flinux-ppc64 cache-miss
77 http fetch GET 200 https://registry.npmjs.org/@esbuild%2fnetbsd-x64 55ms (cache miss)
78 silly packumentCache full:https://registry.npmjs.org/@esbuild%2fnetbsd-x64 set size:undefined disposed:false
79 silly fetch manifest @esbuild/linux-s390x@0.25.12
80 silly packumentCache full:https://registry.npmjs.org/@esbuild%2flinux-s390x cache-miss
81 http fetch GET 200 https://registry.npmjs.org/@esbuild%2flinux-arm64 36ms (cache miss)
82 silly packumentCache full:https://registry.npmjs.org/@esbuild%2flinux-arm64 set size:undefined disposed:false
83 silly fetch manifest @esbuild/openbsd-x64@0.25.12
84 silly packumentCache full:https://registry.npmjs.org/@esbuild%2fopenbsd-x64 cache-miss
85 http fetch GET 200 https://registry.npmjs.org/@esbuild%2fandroid-arm 61ms (cache miss)
86 silly packumentCache full:https://registry.npmjs.org/@esbuild%2fandroid-arm set size:undefined disposed:false
87 silly fetch manifest @esbuild/win32-arm64@0.25.12
88 silly packumentCache full:https://registry.npmjs.org/@esbuild%2fwin32-arm64 cache-miss
89 http fetch GET 200 https://registry.npmjs.org/@esbuild%2fandroid-x64 61ms (cache miss)
90 silly packumentCache full:https://registry.npmjs.org/@esbuild%2fandroid-x64 set size:undefined disposed:false
91 silly fetch manifest @esbuild/darwin-arm64@0.25.12
92 silly packumentCache full:https://registry.npmjs.org/@esbuild%2fdarwin-arm64 cache-miss
93 http fetch GET 200 https://registry.npmjs.org/@esbuild%2ffreebsd-x64 57ms (cache miss)
94 silly packumentCache full:https://registry.npmjs.org/@esbuild%2ffreebsd-x64 set size:undefined disposed:false
95 silly fetch manifest @esbuild/netbsd-arm64@0.25.12
96 silly packumentCache full:https://registry.npmjs.org/@esbuild%2fnetbsd-arm64 cache-miss
97 http fetch GET 200 https://registry.npmjs.org/@esbuild%2flinux-ppc64 51ms (cache miss)
98 silly packumentCache full:https://registry.npmjs.org/@esbuild%2flinux-ppc64 set size:undefined disposed:false
99 silly fetch manifest @esbuild/android-arm64@0.25.12
100 silly packumentCache full:https://registry.npmjs.org/@esbuild%2fandroid-arm64 cache-miss
101 http fetch GET 200 https://registry.npmjs.org/@esbuild%2flinux-s390x 53ms (cache miss)
102 silly packumentCache full:https://registry.npmjs.org/@esbuild%2flinux-s390x set size:undefined disposed:false
103 silly fetch manifest @esbuild/freebsd-arm64@0.25.12
104 silly packumentCache full:https://registry.npmjs.org/@esbuild%2ffreebsd-arm64 cache-miss
105 http fetch GET 200 https://registry.npmjs.org/@esbuild%2fopenbsd-x64 38ms (cache miss)
106 silly packumentCache full:https://registry.npmjs.org/@esbuild%2fopenbsd-x64 set size:undefined disposed:false
107 silly fetch manifest @esbuild/linux-loong64@0.25.12
108 silly packumentCache full:https://registry.npmjs.org/@esbuild%2flinux-loong64 cache-miss
109 http fetch GET 200 https://registry.npmjs.org/@esbuild%2fandroid-arm64 37ms (cache miss)
110 silly packumentCache full:https://registry.npmjs.org/@esbuild%2fandroid-arm64 set size:undefined disposed:false
111 silly fetch manifest @esbuild/linux-riscv64@0.25.12
112 silly packumentCache full:https://registry.npmjs.org/@esbuild%2flinux-riscv64 cache-miss
113 http fetch GET 200 https://registry.npmjs.org/@esbuild%2fwin32-arm64 48ms (cache miss)
114 silly packumentCache full:https://registry.npmjs.org/@esbuild%2fwin32-arm64 set size:undefined disposed:false
115 silly fetch manifest @esbuild/openbsd-arm64@0.25.12
116 silly packumentCache full:https://registry.npmjs.org/@esbuild%2fopenbsd-arm64 cache-miss
117 http fetch GET 200 https://registry.npmjs.org/@esbuild%2fnetbsd-arm64 47ms (cache miss)
118 silly packumentCache full:https://registry.npmjs.org/@esbuild%2fnetbsd-arm64 set size:undefined disposed:false
119 silly fetch manifest @esbuild/linux-mips64el@0.25.12
120 silly packumentCache full:https://registry.npmjs.org/@esbuild%2flinux-mips64el cache-miss
121 http fetch GET 200 https://registry.npmjs.org/@esbuild%2fdarwin-arm64 55ms (cache miss)
122 silly packumentCache full:https://registry.npmjs.org/@esbuild%2fdarwin-arm64 set size:undefined disposed:false
123 silly fetch manifest @esbuild/openharmony-arm64@0.25.12
124 silly packumentCache full:https://registry.npmjs.org/@esbuild%2fopenharmony-arm64 cache-miss
125 http fetch GET 200 https://registry.npmjs.org/@esbuild%2ffreebsd-arm64 54ms (cache miss)
126 silly packumentCache full:https://registry.npmjs.org/@esbuild%2ffreebsd-arm64 set size:undefined disposed:false
127 http fetch GET 200 https://registry.npmjs.org/@esbuild%2flinux-loong64 39ms (cache miss)
128 silly packumentCache full:https://registry.npmjs.org/@esbuild%2flinux-loong64 set size:undefined disposed:false
129 http fetch GET 200 https://registry.npmjs.org/@esbuild%2flinux-riscv64 48ms (cache miss)
130 silly packumentCache full:https://registry.npmjs.org/@esbuild%2flinux-riscv64 set size:undefined disposed:false
131 http fetch GET 200 https://registry.npmjs.org/@esbuild%2flinux-mips64el 52ms (cache miss)
132 silly packumentCache full:https://registry.npmjs.org/@esbuild%2flinux-mips64el set size:undefined disposed:false
133 http fetch GET 200 https://registry.npmjs.org/@esbuild%2fopenbsd-arm64 57ms (cache miss)
134 silly packumentCache full:https://registry.npmjs.org/@esbuild%2fopenbsd-arm64 set size:undefined disposed:false
135 http fetch GET 200 https://registry.npmjs.org/@esbuild%2fopenharmony-arm64 47ms (cache miss)
136 silly packumentCache full:https://registry.npmjs.org/@esbuild%2fopenharmony-arm64 set size:undefined disposed:false
137 http fetch GET 200 https://registry.npmjs.org/@esbuild%2fwin32-x64 438ms (cache miss)
138 silly packumentCache full:https://registry.npmjs.org/@esbuild%2fwin32-x64 set size:undefined disposed:false
139 silly placeDep ROOT @esbuild/aix-ppc64@0.25.12 OK for: esbuild@0.25.12 want: 0.25.12
140 silly placeDep ROOT @esbuild/android-arm@0.25.12 OK for: esbuild@0.25.12 want: 0.25.12
141 silly placeDep ROOT @esbuild/android-arm64@0.25.12 OK for: esbuild@0.25.12 want: 0.25.12
142 silly placeDep ROOT @esbuild/android-x64@0.25.12 OK for: esbuild@0.25.12 want: 0.25.12
143 silly placeDep ROOT @esbuild/darwin-arm64@0.25.12 OK for: esbuild@0.25.12 want: 0.25.12
144 silly placeDep ROOT @esbuild/darwin-x64@0.25.12 OK for: esbuild@0.25.12 want: 0.25.12
145 silly placeDep ROOT @esbuild/freebsd-arm64@0.25.12 OK for: esbuild@0.25.12 want: 0.25.12
146 silly placeDep ROOT @esbuild/freebsd-x64@0.25.12 OK for: esbuild@0.25.12 want: 0.25.12
147 silly placeDep ROOT @esbuild/linux-arm@0.25.12 OK for: esbuild@0.25.12 want: 0.25.12
148 silly placeDep ROOT @esbuild/linux-arm64@0.25.12 OK for: esbuild@0.25.12 want: 0.25.12
149 silly placeDep ROOT @esbuild/linux-ia32@0.25.12 OK for: esbuild@0.25.12 want: 0.25.12
150 silly placeDep ROOT @esbuild/linux-loong64@0.25.12 OK for: esbuild@0.25.12 want: 0.25.12
151 silly placeDep ROOT @esbuild/linux-mips64el@0.25.12 OK for: esbuild@0.25.12 want: 0.25.12
152 silly placeDep ROOT @esbuild/linux-ppc64@0.25.12 OK for: esbuild@0.25.12 want: 0.25.12
153 silly placeDep ROOT @esbuild/linux-riscv64@0.25.12 OK for: esbuild@0.25.12 want: 0.25.12
154 silly placeDep ROOT @esbuild/linux-s390x@0.25.12 OK for: esbuild@0.25.12 want: 0.25.12
155 silly placeDep ROOT @esbuild/linux-x64@0.25.12 OK for: esbuild@0.25.12 want: 0.25.12
156 silly placeDep ROOT @esbuild/netbsd-arm64@0.25.12 OK for: esbuild@0.25.12 want: 0.25.12
157 silly placeDep ROOT @esbuild/netbsd-x64@0.25.12 OK for: esbuild@0.25.12 want: 0.25.12
158 silly placeDep ROOT @esbuild/openbsd-arm64@0.25.12 OK for: esbuild@0.25.12 want: 0.25.12
159 silly placeDep ROOT @esbuild/openbsd-x64@0.25.12 OK for: esbuild@0.25.12 want: 0.25.12
160 silly placeDep ROOT @esbuild/openharmony-arm64@0.25.12 OK for: esbuild@0.25.12 want: 0.25.12
161 silly placeDep ROOT @esbuild/sunos-x64@0.25.12 OK for: esbuild@0.25.12 want: 0.25.12
162 silly placeDep ROOT @esbuild/win32-arm64@0.25.12 OK for: esbuild@0.25.12 want: 0.25.12
163 silly placeDep ROOT @esbuild/win32-ia32@0.25.12 OK for: esbuild@0.25.12 want: 0.25.12
164 silly placeDep ROOT @esbuild/win32-x64@0.25.12 OK for: esbuild@0.25.12 want: 0.25.12
165 silly reify mark retired [
165 silly reify   '/Users/k1zzle/Desktop/velou-shopping-assistant/node_modules/lightningcss-android-arm64'
165 silly reify ]
166 silly reify mark retired [
166 silly reify   '/Users/k1zzle/Desktop/velou-shopping-assistant/node_modules/lightningcss-darwin-x64'
166 silly reify ]
167 silly reify mark retired [
167 silly reify   '/Users/k1zzle/Desktop/velou-shopping-assistant/node_modules/lightningcss-freebsd-x64'
167 silly reify ]
168 silly reify mark retired [
168 silly reify   '/Users/k1zzle/Desktop/velou-shopping-assistant/node_modules/lightningcss-linux-arm-gnueabihf'
168 silly reify ]
169 silly reify mark retired [
169 silly reify   '/Users/k1zzle/Desktop/velou-shopping-assistant/node_modules/lightningcss-linux-arm64-gnu'
169 silly reify ]
170 silly reify mark retired [
170 silly reify   '/Users/k1zzle/Desktop/velou-shopping-assistant/node_modules/lightningcss-linux-arm64-musl'
170 silly reify ]
171 silly reify mark retired [
171 silly reify   '/Users/k1zzle/Desktop/velou-shopping-assistant/node_modules/lightningcss-linux-x64-gnu'
171 silly reify ]
172 silly reify mark retired [
172 silly reify   '/Users/k1zzle/Desktop/velou-shopping-assistant/node_modules/lightningcss-linux-x64-musl'
172 silly reify ]
173 silly reify mark retired [
173 silly reify   '/Users/k1zzle/Desktop/velou-shopping-assistant/node_modules/lightningcss-win32-arm64-msvc'
173 silly reify ]
174 silly reify mark retired [
174 silly reify   '/Users/k1zzle/Desktop/velou-shopping-assistant/node_modules/lightningcss-win32-x64-msvc'
174 silly reify ]
175 silly reify mark retired [
175 silly reify   '/Users/k1zzle/Desktop/velou-shopping-assistant/node_modules/@img/sharp-darwin-x64'
175 silly reify ]
176 silly reify mark retired [
176 silly reify   '/Users/k1zzle/Desktop/velou-shopping-assistant/node_modules/@img/sharp-libvips-darwin-x64'
176 silly reify ]
177 silly reify mark retired [
177 silly reify   '/Users/k1zzle/Desktop/velou-shopping-assistant/node_modules/@img/sharp-libvips-linux-arm'
177 silly reify ]
178 silly reify mark retired [
178 silly reify   '/Users/k1zzle/Desktop/velou-shopping-assistant/node_modules/@img/sharp-libvips-linux-arm64'
178 silly reify ]
179 silly reify mark retired [
179 silly reify   '/Users/k1zzle/Desktop/velou-shopping-assistant/node_modules/@img/sharp-libvips-linux-ppc64'
179 silly reify ]
180 silly reify mark retired [
180 silly reify   '/Users/k1zzle/Desktop/velou-shopping-assistant/node_modules/@img/sharp-libvips-linux-riscv64'
180 silly reify ]
181 silly reify mark retired [
181 silly reify   '/Users/k1zzle/Desktop/velou-shopping-assistant/node_modules/@img/sharp-libvips-linux-s390x'
181 silly reify ]
182 silly reify mark retired [
182 silly reify   '/Users/k1zzle/Desktop/velou-shopping-assistant/node_modules/@img/sharp-libvips-linux-x64'
182 silly reify ]
183 silly reify mark retired [
183 silly reify   '/Users/k1zzle/Desktop/velou-shopping-assistant/node_modules/@img/sharp-libvips-linuxmusl-arm64'
183 silly reify ]
184 silly reify mark retired [
184 silly reify   '/Users/k1zzle/Desktop/velou-shopping-assistant/node_modules/@img/sharp-libvips-linuxmusl-x64'
184 silly reify ]
185 silly reify mark retired [
185 silly reify   '/Users/k1zzle/Desktop/velou-shopping-assistant/node_modules/@img/sharp-linux-arm'
185 silly reify ]
186 silly reify mark retired [
186 silly reify   '/Users/k1zzle/Desktop/velou-shopping-assistant/node_modules/@img/sharp-linux-arm64'
186 silly reify ]
187 silly reify mark retired [
187 silly reify   '/Users/k1zzle/Desktop/velou-shopping-assistant/node_modules/@img/sharp-linux-ppc64'
187 silly reify ]
188 silly reify mark retired [
188 silly reify   '/Users/k1zzle/Desktop/velou-shopping-assistant/node_modules/@img/sharp-linux-s390x'
188 silly reify ]
189 silly reify mark retired [
189 silly reify   '/Users/k1zzle/Desktop/velou-shopping-assistant/node_modules/@img/sharp-linux-riscv64'
189 silly reify ]
190 silly reify mark retired [
190 silly reify   '/Users/k1zzle/Desktop/velou-shopping-assistant/node_modules/@img/sharp-linux-x64'
190 silly reify ]
191 silly reify mark retired [
191 silly reify   '/Users/k1zzle/Desktop/velou-shopping-assistant/node_modules/@img/sharp-linuxmusl-arm64'
191 silly reify ]
192 silly reify mark retired [
192 silly reify   '/Users/k1zzle/Desktop/velou-shopping-assistant/node_modules/@img/sharp-linuxmusl-x64'
192 silly reify ]
193 silly reify mark retired [
193 silly reify   '/Users/k1zzle/Desktop/velou-shopping-assistant/node_modules/@img/sharp-wasm32'
193 silly reify ]
194 silly reify mark retired [
194 silly reify   '/Users/k1zzle/Desktop/velou-shopping-assistant/node_modules/@img/sharp-win32-arm64'
194 silly reify ]
195 silly reify mark retired [
195 silly reify   '/Users/k1zzle/Desktop/velou-shopping-assistant/node_modules/@img/sharp-win32-ia32'
195 silly reify ]
196 silly reify mark retired [
196 silly reify   '/Users/k1zzle/Desktop/velou-shopping-assistant/node_modules/@img/sharp-win32-x64'
196 silly reify ]
197 silly reify mark retired [
197 silly reify   '/Users/k1zzle/Desktop/velou-shopping-assistant/node_modules/@next/swc-darwin-x64'
197 silly reify ]
198 silly reify mark retired [
198 silly reify   '/Users/k1zzle/Desktop/velou-shopping-assistant/node_modules/@next/swc-linux-arm64-gnu'
198 silly reify ]
199 silly reify mark retired [
199 silly reify   '/Users/k1zzle/Desktop/velou-shopping-assistant/node_modules/@next/swc-linux-arm64-musl'
199 silly reify ]
200 silly reify mark retired [
200 silly reify   '/Users/k1zzle/Desktop/velou-shopping-assistant/node_modules/@next/swc-linux-x64-gnu'
200 silly reify ]
201 silly reify mark retired [
201 silly reify   '/Users/k1zzle/Desktop/velou-shopping-assistant/node_modules/@next/swc-linux-x64-musl'
201 silly reify ]
202 silly reify mark retired [
202 silly reify   '/Users/k1zzle/Desktop/velou-shopping-assistant/node_modules/@next/swc-win32-arm64-msvc'
202 silly reify ]
203 silly reify mark retired [
203 silly reify   '/Users/k1zzle/Desktop/velou-shopping-assistant/node_modules/@next/swc-win32-x64-msvc'
203 silly reify ]
204 silly reify mark retired [
204 silly reify   '/Users/k1zzle/Desktop/velou-shopping-assistant/node_modules/@tailwindcss/oxide-android-arm64'
204 silly reify ]
205 silly reify mark retired [
205 silly reify   '/Users/k1zzle/Desktop/velou-shopping-assistant/node_modules/@tailwindcss/oxide-darwin-x64'
205 silly reify ]
206 silly reify mark retired [
206 silly reify   '/Users/k1zzle/Desktop/velou-shopping-assistant/node_modules/@tailwindcss/oxide-freebsd-x64'
206 silly reify ]
207 silly reify mark retired [
207 silly reify   '/Users/k1zzle/Desktop/velou-shopping-assistant/node_modules/@tailwindcss/oxide-linux-arm-gnueabihf'
207 silly reify ]
208 silly reify mark retired [
208 silly reify   '/Users/k1zzle/Desktop/velou-shopping-assistant/node_modules/@tailwindcss/oxide-linux-arm64-gnu'
208 silly reify ]
209 silly reify mark retired [
209 silly reify   '/Users/k1zzle/Desktop/velou-shopping-assistant/node_modules/@tailwindcss/oxide-linux-arm64-musl'
209 silly reify ]
210 silly reify mark retired [
210 silly reify   '/Users/k1zzle/Desktop/velou-shopping-assistant/node_modules/@tailwindcss/oxide-linux-x64-gnu'
210 silly reify ]
211 silly reify mark retired [
211 silly reify   '/Users/k1zzle/Desktop/velou-shopping-assistant/node_modules/@tailwindcss/oxide-linux-x64-musl'
211 silly reify ]
212 silly reify mark retired [
212 silly reify   '/Users/k1zzle/Desktop/velou-shopping-assistant/node_modules/@tailwindcss/oxide-wasm32-wasi'
212 silly reify ]
213 silly reify mark retired [
213 silly reify   '/Users/k1zzle/Desktop/velou-shopping-assistant/node_modules/@tailwindcss/oxide-win32-arm64-msvc'
213 silly reify ]
214 silly reify mark retired [
214 silly reify   '/Users/k1zzle/Desktop/velou-shopping-assistant/node_modules/@tailwindcss/oxide-win32-x64-msvc'
214 silly reify ]
215 silly reify mark retired [
215 silly reify   '/Users/k1zzle/Desktop/velou-shopping-assistant/node_modules/@unrs/resolver-binding-android-arm-eabi'
215 silly reify ]
216 silly reify mark retired [
216 silly reify   '/Users/k1zzle/Desktop/velou-shopping-assistant/node_modules/@unrs/resolver-binding-android-arm64'
216 silly reify ]
217 silly reify mark retired [
217 silly reify   '/Users/k1zzle/Desktop/velou-shopping-assistant/node_modules/@unrs/resolver-binding-darwin-x64'
217 silly reify ]
218 silly reify mark retired [
218 silly reify   '/Users/k1zzle/Desktop/velou-shopping-assistant/node_modules/@unrs/resolver-binding-freebsd-x64'
218 silly reify ]
219 silly reify mark retired [
219 silly reify   '/Users/k1zzle/Desktop/velou-shopping-assistant/node_modules/@unrs/resolver-binding-linux-arm-gnueabihf'
219 silly reify ]
220 silly reify mark retired [
220 silly reify   '/Users/k1zzle/Desktop/velou-shopping-assistant/node_modules/@unrs/resolver-binding-linux-arm-musleabihf'
220 silly reify ]
221 silly reify mark retired [
221 silly reify   '/Users/k1zzle/Desktop/velou-shopping-assistant/node_modules/@unrs/resolver-binding-linux-arm64-gnu'
221 silly reify ]
222 silly reify mark retired [
222 silly reify   '/Users/k1zzle/Desktop/velou-shopping-assistant/node_modules/@unrs/resolver-binding-linux-arm64-musl'
222 silly reify ]
223 silly reify mark retired [
223 silly reify   '/Users/k1zzle/Desktop/velou-shopping-assistant/node_modules/@unrs/resolver-binding-linux-ppc64-gnu'
223 silly reify ]
224 silly reify mark retired [
224 silly reify   '/Users/k1zzle/Desktop/velou-shopping-assistant/node_modules/@unrs/resolver-binding-linux-riscv64-gnu'
224 silly reify ]
225 silly reify mark retired [
225 silly reify   '/Users/k1zzle/Desktop/velou-shopping-assistant/node_modules/@unrs/resolver-binding-linux-riscv64-musl'
225 silly reify ]
226 silly reify mark retired [
226 silly reify   '/Users/k1zzle/Desktop/velou-shopping-assistant/node_modules/@unrs/resolver-binding-linux-s390x-gnu'
226 silly reify ]
227 silly reify mark retired [
227 silly reify   '/Users/k1zzle/Desktop/velou-shopping-assistant/node_modules/@unrs/resolver-binding-linux-x64-gnu'
227 silly reify ]
228 silly reify mark retired [
228 silly reify   '/Users/k1zzle/Desktop/velou-shopping-assistant/node_modules/@unrs/resolver-binding-linux-x64-musl'
228 silly reify ]
229 silly reify mark retired [
229 silly reify   '/Users/k1zzle/Desktop/velou-shopping-assistant/node_modules/@unrs/resolver-binding-wasm32-wasi'
229 silly reify ]
230 silly reify mark retired [
230 silly reify   '/Users/k1zzle/Desktop/velou-shopping-assistant/node_modules/@unrs/resolver-binding-win32-arm64-msvc'
230 silly reify ]
231 silly reify mark retired [
231 silly reify   '/Users/k1zzle/Desktop/velou-shopping-assistant/node_modules/@unrs/resolver-binding-win32-ia32-msvc'
231 silly reify ]
232 silly reify mark retired [
232 silly reify   '/Users/k1zzle/Desktop/velou-shopping-assistant/node_modules/@unrs/resolver-binding-win32-x64-msvc'
232 silly reify ]
233 silly reify mark retired [
233 silly reify   '/Users/k1zzle/Desktop/velou-shopping-assistant/node_modules/@prisma/client'
233 silly reify ]
234 silly reify moves {
234 silly reify   '/Users/k1zzle/Desktop/velou-shopping-assistant/node_modules/lightningcss-android-arm64': '/Users/k1zzle/Desktop/velou-shopping-assistant/node_modules/.lightningcss-android-arm64-knCZ36mQ',
234 silly reify   '/Users/k1zzle/Desktop/velou-shopping-assistant/node_modules/lightningcss-darwin-x64': '/Users/k1zzle/Desktop/velou-shopping-assistant/node_modules/.lightningcss-darwin-x64-8sXJ96jz',
234 silly reify   '/Users/k1zzle/Desktop/velou-shopping-assistant/node_modules/lightningcss-freebsd-x64': '/Users/k1zzle/Desktop/velou-shopping-assistant/node_modules/.lightningcss-freebsd-x64-OjEQ5KCT',
234 silly reify   '/Users/k1zzle/Desktop/velou-shopping-assistant/node_modules/lightningcss-linux-arm-gnueabihf': '/Users/k1zzle/Desktop/velou-shopping-assistant/node_modules/.lightningcss-linux-arm-gnueabihf-rBHd02Hy',
234 silly reify   '/Users/k1zzle/Desktop/velou-shopping-assistant/node_modules/lightningcss-linux-arm64-gnu': '/Users/k1zzle/Desktop/velou-shopping-assistant/node_modules/.lightningcss-linux-arm64-gnu-phbjNHOz',
234 silly reify   '/Users/k1zzle/Desktop/velou-shopping-assistant/node_modules/lightningcss-linux-arm64-musl': '/Users/k1zzle/Desktop/velou-shopping-assistant/node_modules/.lightningcss-linux-arm64-musl-WawF0SVn',
234 silly reify   '/Users/k1zzle/Desktop/velou-shopping-assistant/node_modules/lightningcss-linux-x64-gnu': '/Users/k1zzle/Desktop/velou-shopping-assistant/node_modules/.lightningcss-linux-x64-gnu-VblUh7mM',
234 silly reify   '/Users/k1zzle/Desktop/velou-shopping-assistant/node_modules/lightningcss-linux-x64-musl': '/Users/k1zzle/Desktop/velou-shopping-assistant/node_modules/.lightningcss-linux-x64-musl-zOPgxAVc',
234 silly reify   '/Users/k1zzle/Desktop/velou-shopping-assistant/node_modules/lightningcss-win32-arm64-msvc': '/Users/k1zzle/Desktop/velou-shopping-assistant/node_modules/.lightningcss-win32-arm64-msvc-0kfJXgG7',
234 silly reify   '/Users/k1zzle/Desktop/velou-shopping-assistant/node_modules/lightningcss-win32-x64-msvc': '/Users/k1zzle/Desktop/velou-shopping-assistant/node_modules/.lightningcss-win32-x64-msvc-DGXskQgR',
234 silly reify   '/Users/k1zzle/Desktop/velou-shopping-assistant/node_modules/@img/sharp-darwin-x64': '/Users/k1zzle/Desktop/velou-shopping-assistant/node_modules/@img/.sharp-darwin-x64-0pBBZwZd',
234 silly reify   '/Users/k1zzle/Desktop/velou-shopping-assistant/node_modules/@img/sharp-libvips-darwin-x64': '/Users/k1zzle/Desktop/velou-shopping-assistant/node_modules/@img/.sharp-libvips-darwin-x64-oA77Ltk4',
234 silly reify   '/Users/k1zzle/Desktop/velou-shopping-assistant/node_modules/@img/sharp-libvips-linux-arm': '/Users/k1zzle/Desktop/velou-shopping-assistant/node_modules/@img/.sharp-libvips-linux-arm-LIDynIxL',
234 silly reify   '/Users/k1zzle/Desktop/velou-shopping-assistant/node_modules/@img/sharp-libvips-linux-arm64': '/Users/k1zzle/Desktop/velou-shopping-assistant/node_modules/@img/.sharp-libvips-linux-arm64-5zGu5XUW',
234 silly reify   '/Users/k1zzle/Desktop/velou-shopping-assistant/node_modules/@img/sharp-libvips-linux-ppc64': '/Users/k1zzle/Desktop/velou-shopping-assistant/node_modules/@img/.sharp-libvips-linux-ppc64-WeHQnavU',
234 silly reify   '/Users/k1zzle/Desktop/velou-shopping-assistant/node_modules/@img/sharp-libvips-linux-riscv64': '/Users/k1zzle/Desktop/velou-shopping-assistant/node_modules/@img/.sharp-libvips-linux-riscv64-LI3Pumz1',
234 silly reify   '/Users/k1zzle/Desktop/velou-shopping-assistant/node_modules/@img/sharp-libvips-linux-s390x': '/Users/k1zzle/Desktop/velou-shopping-assistant/node_modules/@img/.sharp-libvips-linux-s390x-TO9sThzV',
234 silly reify   '/Users/k1zzle/Desktop/velou-shopping-assistant/node_modules/@img/sharp-libvips-linux-x64': '/Users/k1zzle/Desktop/velou-shopping-assistant/node_modules/@img/.sharp-libvips-linux-x64-F4s9YXYk',
234 silly reify   '/Users/k1zzle/Desktop/velou-shopping-assistant/node_modules/@img/sharp-libvips-linuxmusl-arm64': '/Users/k1zzle/Desktop/velou-shopping-assistant/node_modules/@img/.sharp-libvips-linuxmusl-arm64-FtVppeRU',
234 silly reify   '/Users/k1zzle/Desktop/velou-shopping-assistant/node_modules/@img/sharp-libvips-linuxmusl-x64': '/Users/k1zzle/Desktop/velou-shopping-assistant/node_modules/@img/.sharp-libvips-linuxmusl-x64-B1F9PAki',
234 silly reify   '/Users/k1zzle/Desktop/velou-shopping-assistant/node_modules/@img/sharp-linux-arm': '/Users/k1zzle/Desktop/velou-shopping-assistant/node_modules/@img/.sharp-linux-arm-Wlqt2yZZ',
234 silly reify   '/Users/k1zzle/Desktop/velou-shopping-assistant/node_modules/@img/sharp-linux-arm64': '/Users/k1zzle/Desktop/velou-shopping-assistant/node_modules/@img/.sharp-linux-arm64-sazczwhl',
234 silly reify   '/Users/k1zzle/Desktop/velou-shopping-assistant/node_modules/@img/sharp-linux-ppc64': '/Users/k1zzle/Desktop/velou-shopping-assistant/node_modules/@img/.sharp-linux-ppc64-9TZ1kwnz',
234 silly reify   '/Users/k1zzle/Desktop/velou-shopping-assistant/node_modules/@img/sharp-linux-s390x': '/Users/k1zzle/Desktop/velou-shopping-assistant/node_modules/@img/.sharp-linux-s390x-JbGSkPRC',
234 silly reify   '/Users/k1zzle/Desktop/velou-shopping-assistant/node_modules/@img/sharp-linux-riscv64': '/Users/k1zzle/Desktop/velou-shopping-assistant/node_modules/@img/.sharp-linux-riscv64-cAMbYCHp',
234 silly reify   '/Users/k1zzle/Desktop/velou-shopping-assistant/node_modules/@img/sharp-linux-x64': '/Users/k1zzle/Desktop/velou-shopping-assistant/node_modules/@img/.sharp-linux-x64-ffBoLRhU',
234 silly reify   '/Users/k1zzle/Desktop/velou-shopping-assistant/node_modules/@img/sharp-linuxmusl-arm64': '/Users/k1zzle/Desktop/velou-shopping-assistant/node_modules/@img/.sharp-linuxmusl-arm64-8vcRr1LA',
234 silly reify   '/Users/k1zzle/Desktop/velou-shopping-assistant/node_modules/@img/sharp-linuxmusl-x64': '/Users/k1zzle/Desktop/velou-shopping-assistant/node_modules/@img/.sharp-linuxmusl-x64-EMDyLYZ9',
234 silly reify   '/Users/k1zzle/Desktop/velou-shopping-assistant/node_modules/@img/sharp-wasm32': '/Users/k1zzle/Desktop/velou-shopping-assistant/node_modules/@img/.sharp-wasm32-FxrWANcy',
234 silly reify   '/Users/k1zzle/Desktop/velou-shopping-assistant/node_modules/@img/sharp-win32-arm64': '/Users/k1zzle/Desktop/velou-shopping-assistant/node_modules/@img/.sharp-win32-arm64-PQJorTEw',
234 silly reify   '/Users/k1zzle/Desktop/velou-shopping-assistant/node_modules/@img/sharp-win32-ia32': '/Users/k1zzle/Desktop/velou-shopping-assistant/node_modules/@img/.sharp-win32-ia32-AvvHWAqE',
234 silly reify   '/Users/k1zzle/Desktop/velou-shopping-assistant/node_modules/@img/sharp-win32-x64': '/Users/k1zzle/Desktop/velou-shopping-assistant/node_modules/@img/.sharp-win32-x64-pR5UkJLz',
234 silly reify   '/Users/k1zzle/Desktop/velou-shopping-assistant/node_modules/@next/swc-darwin-x64': '/Users/k1zzle/Desktop/velou-shopping-assistant/node_modules/@next/.swc-darwin-x64-Jm3KVJqz',
234 silly reify   '/Users/k1zzle/Desktop/velou-shopping-assistant/node_modules/@next/swc-linux-arm64-gnu': '/Users/k1zzle/Desktop/velou-shopping-assistant/node_modules/@next/.swc-linux-arm64-gnu-WO0N1qCl',
234 silly reify   '/Users/k1zzle/Desktop/velou-shopping-assistant/node_modules/@next/swc-linux-arm64-musl': '/Users/k1zzle/Desktop/velou-shopping-assistant/node_modules/@next/.swc-linux-arm64-musl-BJYC5gZk',
234 silly reify   '/Users/k1zzle/Desktop/velou-shopping-assistant/node_modules/@next/swc-linux-x64-gnu': '/Users/k1zzle/Desktop/velou-shopping-assistant/node_modules/@next/.swc-linux-x64-gnu-sJPyyAxg',
234 silly reify   '/Users/k1zzle/Desktop/velou-shopping-assistant/node_modules/@next/swc-linux-x64-musl': '/Users/k1zzle/Desktop/velou-shopping-assistant/node_modules/@next/.swc-linux-x64-musl-GYDX20S8',
234 silly reify   '/Users/k1zzle/Desktop/velou-shopping-assistant/node_modules/@next/swc-win32-arm64-msvc': '/Users/k1zzle/Desktop/velou-shopping-assistant/node_modules/@next/.swc-win32-arm64-msvc-mDkTGiw1',
234 silly reify   '/Users/k1zzle/Desktop/velou-shopping-assistant/node_modules/@next/swc-win32-x64-msvc': '/Users/k1zzle/Desktop/velou-shopping-assistant/node_modules/@next/.swc-win32-x64-msvc-imQCtceT',
234 silly reify   '/Users/k1zzle/Desktop/velou-shopping-assistant/node_modules/@tailwindcss/oxide-android-arm64': '/Users/k1zzle/Desktop/velou-shopping-assistant/node_modules/@tailwindcss/.oxide-android-arm64-3RPI9Ze1',
234 silly reify   '/Users/k1zzle/Desktop/velou-shopping-assistant/node_modules/@tailwindcss/oxide-darwin-x64': '/Users/k1zzle/Desktop/velou-shopping-assistant/node_modules/@tailwindcss/.oxide-darwin-x64-eAnO52Q8',
234 silly reify   '/Users/k1zzle/Desktop/velou-shopping-assistant/node_modules/@tailwindcss/oxide-freebsd-x64': '/Users/k1zzle/Desktop/velou-shopping-assistant/node_modules/@tailwindcss/.oxide-freebsd-x64-S9HcCcfr',
234 silly reify   '/Users/k1zzle/Desktop/velou-shopping-assistant/node_modules/@tailwindcss/oxide-linux-arm-gnueabihf': '/Users/k1zzle/Desktop/velou-shopping-assistant/node_modules/@tailwindcss/.oxide-linux-arm-gnueabihf-cvUWsRGh',
234 silly reify   '/Users/k1zzle/Desktop/velou-shopping-assistant/node_modules/@tailwindcss/oxide-linux-arm64-gnu': '/Users/k1zzle/Desktop/velou-shopping-assistant/node_modules/@tailwindcss/.oxide-linux-arm64-gnu-gc5WJeFC',
234 silly reify   '/Users/k1zzle/Desktop/velou-shopping-assistant/node_modules/@tailwindcss/oxide-linux-arm64-musl': '/Users/k1zzle/Desktop/velou-shopping-assistant/node_modules/@tailwindcss/.oxide-linux-arm64-musl-JrCtuFvD',
234 silly reify   '/Users/k1zzle/Desktop/velou-shopping-assistant/node_modules/@tailwindcss/oxide-linux-x64-gnu': '/Users/k1zzle/Desktop/velou-shopping-assistant/node_modules/@tailwindcss/.oxide-linux-x64-gnu-MCO5Zi15',
234 silly reify   '/Users/k1zzle/Desktop/velou-shopping-assistant/node_modules/@tailwindcss/oxide-linux-x64-musl': '/Users/k1zzle/Desktop/velou-shopping-assistant/node_modules/@tailwindcss/.oxide-linux-x64-musl-vJSZOiQi',
234 silly reify   '/Users/k1zzle/Desktop/velou-shopping-assistant/node_modules/@tailwindcss/oxide-wasm32-wasi': '/Users/k1zzle/Desktop/velou-shopping-assistant/node_modules/@tailwindcss/.oxide-wasm32-wasi-nh7GmPZC',
234 silly reify   '/Users/k1zzle/Desktop/velou-shopping-assistant/node_modules/@tailwindcss/oxide-win32-arm64-msvc': '/Users/k1zzle/Desktop/velou-shopping-assistant/node_modules/@tailwindcss/.oxide-win32-arm64-msvc-d6mQIZwa',
234 silly reify   '/Users/k1zzle/Desktop/velou-shopping-assistant/node_modules/@tailwindcss/oxide-win32-x64-msvc': '/Users/k1zzle/Desktop/velou-shopping-assistant/node_modules/@tailwindcss/.oxide-win32-x64-msvc-Q79xxqVT',
234 silly reify   '/Users/k1zzle/Desktop/velou-shopping-assistant/node_modules/@unrs/resolver-binding-android-arm-eabi': '/Users/k1zzle/Desktop/velou-shopping-assistant/node_modules/@unrs/.resolver-binding-android-arm-eabi-IlpUY6FW',
234 silly reify   '/Users/k1zzle/Desktop/velou-shopping-assistant/node_modules/@unrs/resolver-binding-android-arm64': '/Users/k1zzle/Desktop/velou-shopping-assistant/node_modules/@unrs/.resolver-binding-android-arm64-GGuSBFyo',
234 silly reify   '/Users/k1zzle/Desktop/velou-shopping-assistant/node_modules/@unrs/resolver-binding-darwin-x64': '/Users/k1zzle/Desktop/velou-shopping-assistant/node_modules/@unrs/.resolver-binding-darwin-x64-53lmbOVe',
234 silly reify   '/Users/k1zzle/Desktop/velou-shopping-assistant/node_modules/@unrs/resolver-binding-freebsd-x64': '/Users/k1zzle/Desktop/velou-shopping-assistant/node_modules/@unrs/.resolver-binding-freebsd-x64-lNMqZ1vC',
234 silly reify   '/Users/k1zzle/Desktop/velou-shopping-assistant/node_modules/@unrs/resolver-binding-linux-arm-gnueabihf': '/Users/k1zzle/Desktop/velou-shopping-assistant/node_modules/@unrs/.resolver-binding-linux-arm-gnueabihf-3VLxdQxV',
234 silly reify   '/Users/k1zzle/Desktop/velou-shopping-assistant/node_modules/@unrs/resolver-binding-linux-arm-musleabihf': '/Users/k1zzle/Desktop/velou-shopping-assistant/node_modules/@unrs/.resolver-binding-linux-arm-musleabihf-IunGMhIX',
234 silly reify   '/Users/k1zzle/Desktop/velou-shopping-assistant/node_modules/@unrs/resolver-binding-linux-arm64-gnu': '/Users/k1zzle/Desktop/velou-shopping-assistant/node_modules/@unrs/.resolver-binding-linux-arm64-gnu-QzalZouX',
234 silly reify   '/Users/k1zzle/Desktop/velou-shopping-assistant/node_modules/@unrs/resolver-binding-linux-arm64-musl': '/Users/k1zzle/Desktop/velou-shopping-assistant/node_modules/@unrs/.resolver-binding-linux-arm64-musl-Gntmmb6h',
234 silly reify   '/Users/k1zzle/Desktop/velou-shopping-assistant/node_modules/@unrs/resolver-binding-linux-ppc64-gnu': '/Users/k1zzle/Desktop/velou-shopping-assistant/node_modules/@unrs/.resolver-binding-linux-ppc64-gnu-Q3y9MsZr',
234 silly reify   '/Users/k1zzle/Desktop/velou-shopping-assistant/node_modules/@unrs/resolver-binding-linux-riscv64-gnu': '/Users/k1zzle/Desktop/velou-shopping-assistant/node_modules/@unrs/.resolver-binding-linux-riscv64-gnu-940tu2HF',
234 silly reify   '/Users/k1zzle/Desktop/velou-shopping-assistant/node_modules/@unrs/resolver-binding-linux-riscv64-musl': '/Users/k1zzle/Desktop/velou-shopping-assistant/node_modules/@unrs/.resolver-binding-linux-riscv64-musl-4atB9iEh',
234 silly reify   '/Users/k1zzle/Desktop/velou-shopping-assistant/node_modules/@unrs/resolver-binding-linux-s390x-gnu': '/Users/k1zzle/Desktop/velou-shopping-assistant/node_modules/@unrs/.resolver-binding-linux-s390x-gnu-zQjEdFFq',
234 silly reify   '/Users/k1zzle/Desktop/velou-shopping-assistant/node_modules/@unrs/resolver-binding-linux-x64-gnu': '/Users/k1zzle/Desktop/velou-shopping-assistant/node_modules/@unrs/.resolver-binding-linux-x64-gnu-xU11KC6i',
234 silly reify   '/Users/k1zzle/Desktop/velou-shopping-assistant/node_modules/@unrs/resolver-binding-linux-x64-musl': '/Users/k1zzle/Desktop/velou-shopping-assistant/node_modules/@unrs/.resolver-binding-linux-x64-musl-c3fItb9v',
234 silly reify   '/Users/k1zzle/Desktop/velou-shopping-assistant/node_modules/@unrs/resolver-binding-wasm32-wasi': '/Users/k1zzle/Desktop/velou-shopping-assistant/node_modules/@unrs/.resolver-binding-wasm32-wasi-w0gKH70X',
234 silly reify   '/Users/k1zzle/Desktop/velou-shopping-assistant/node_modules/@unrs/resolver-binding-win32-arm64-msvc': '/Users/k1zzle/Desktop/velou-shopping-assistant/node_modules/@unrs/.resolver-binding-win32-arm64-msvc-i4PvUndP',
234 silly reify   '/Users/k1zzle/Desktop/velou-shopping-assistant/node_modules/@unrs/resolver-binding-win32-ia32-msvc': '/Users/k1zzle/Desktop/velou-shopping-assistant/node_modules/@unrs/.resolver-binding-win32-ia32-msvc-1nmXjkmp',
234 silly reify   '/Users/k1zzle/Desktop/velou-shopping-assistant/node_modules/@unrs/resolver-binding-win32-x64-msvc': '/Users/k1zzle/Desktop/velou-shopping-assistant/node_modules/@unrs/.resolver-binding-win32-x64-msvc-vgqj9jae',
234 silly reify   '/Users/k1zzle/Desktop/velou-shopping-assistant/node_modules/@prisma/client': '/Users/k1zzle/Desktop/velou-shopping-assistant/node_modules/@prisma/.client-W9sssZi1'
234 silly reify }
235 verbose stack Error: ENOTEMPTY: directory not empty, rename '/Users/k1zzle/Desktop/velou-shopping-assistant/node_modules/@prisma/client' -> '/Users/k1zzle/Desktop/velou-shopping-assistant/node_modules/@prisma/.client-W9sssZi1'
235 verbose stack     at async Object.rename (node:internal/fs/promises:782:10)
235 verbose stack     at async moveFile (/opt/homebrew/Cellar/node@20/20.19.0_1/lib/node_modules/npm/node_modules/@npmcli/fs/lib/move-file.js:30:5)
235 verbose stack     at async Promise.allSettled (index 68)
235 verbose stack     at async [reifyPackages] (/opt/homebrew/Cellar/node@20/20.19.0_1/lib/node_modules/npm/node_modules/@npmcli/arborist/lib/arborist/reify.js:325:11)
235 verbose stack     at async Arborist.reify (/opt/homebrew/Cellar/node@20/20.19.0_1/lib/node_modules/npm/node_modules/@npmcli/arborist/lib/arborist/reify.js:142:5)
235 verbose stack     at async Install.exec (/opt/homebrew/Cellar/node@20/20.19.0_1/lib/node_modules/npm/lib/commands/install.js:150:5)
235 verbose stack     at async Npm.exec (/opt/homebrew/Cellar/node@20/20.19.0_1/lib/node_modules/npm/lib/npm.js:207:9)
235 verbose stack     at async module.exports (/opt/homebrew/Cellar/node@20/20.19.0_1/lib/node_modules/npm/lib/cli/entry.js:74:5)
236 error code ENOTEMPTY
237 error syscall rename
238 error path /Users/k1zzle/Desktop/velou-shopping-assistant/node_modules/@prisma/client
239 error dest /Users/k1zzle/Desktop/velou-shopping-assistant/node_modules/@prisma/.client-W9sssZi1
240 error errno -66
241 error ENOTEMPTY: directory not empty, rename '/Users/k1zzle/Desktop/velou-shopping-assistant/node_modules/@prisma/client' -> '/Users/k1zzle/Desktop/velou-shopping-assistant/node_modules/@prisma/.client-W9sssZi1'
242 silly unfinished npm timer reify 1763569715096
243 silly unfinished npm timer reify:retireShallow 1763569717701
244 verbose cwd /Users/k1zzle/Desktop/velou-shopping-assistant
245 verbose os Darwin 24.5.0
246 verbose node v20.19.0
247 verbose npm  v10.8.2
248 notice
248 notice New major version of npm available! 10.8.2 -> 11.6.2
248 notice Changelog: https://github.com/npm/cli/releases/tag/v11.6.2
248 notice To update run: npm install -g npm@11.6.2
248 notice  { force: true, [Symbol(proc-log.meta)]: true }
249 verbose exit -66
250 verbose code -66
251 error A complete log of this run can be found in: /Users/k1zzle/Desktop/velou-shopping-assistant/.npm-cache/_logs/2025-11-19T16_28_34_957Z-debug-0.log
